../Core/Src/Based_System_Communication.c:12:6:modbus_heartbeat_init	16	static
../Core/Src/Based_System_Communication.c:16:6:modbus_heartbeat	16	static
../Core/Src/Based_System_Communication.c:22:9:modbus_Base_System_Status	24	static
../Core/Src/Based_System_Communication.c:27:6:modbus_servo_Status	16	static
../Core/Src/Based_System_Communication.c:31:9:modbus_write_servo_up	24	static
../Core/Src/Based_System_Communication.c:41:9:modbus_write_servo_down	24	static
../Core/Src/Based_System_Communication.c:52:6:R_Theta_moving_Status	16	static
../Core/Src/Based_System_Communication.c:56:6:modbus_r_position	24	static
../Core/Src/Based_System_Communication.c:60:6:modbus_theta_position	24	static
../Core/Src/Based_System_Communication.c:63:6:modbus_r_velocity	24	static
../Core/Src/Based_System_Communication.c:66:6:modbus_theta_velocity	24	static
../Core/Src/Based_System_Communication.c:69:6:modbus_r_acceleration	24	static
../Core/Src/Based_System_Communication.c:72:6:modbus_theta_acceleration	24	static
../Core/Src/Based_System_Communication.c:75:6:modbus_Update_All	48	static
../Core/Src/Based_System_Communication.c:86:6:set_Target_Position_ten_points	32	static
../Core/Src/Based_System_Communication.c:96:10:modbus_set_goal_r_position	24	static
../Core/Src/Based_System_Communication.c:100:10:modbus_set_goal_theta_position	24	static
../Core/Src/Based_System_Communication.c:105:18:Coordinate_Base_to_Robot	80	static
../Core/Src/Based_System_Communication.c:170:18:Coordinate_Robot_to_Base	88	static
../Core/Src/Based_System_Communication.c:241:7:rad_to_degree	16	static
../Core/Src/Based_System_Communication.c:244:7:degree_to_rad	16	static
../Core/Src/Based_System_Communication.c:247:10:format_robot_to_base	16	static
../Core/Src/Based_System_Communication.c:250:7:format_base_to_robot	16	static
