../Core/Src/Based_System_Communication.c:12:6:modbus_heartbeat_init	16	static
../Core/Src/Based_System_Communication.c:16:6:modbus_heartbeat	16	static
../Core/Src/Based_System_Communication.c:22:9:modbus_Base_System_Status	24	static
../Core/Src/Based_System_Communication.c:27:6:modbus_servo_Status	16	static
../Core/Src/Based_System_Communication.c:31:9:modbus_write_servo_up	24	static
../Core/Src/Based_System_Communication.c:42:9:modbus_write_servo_down	24	static
../Core/Src/Based_System_Communication.c:54:6:R_Theta_moving_Status	16	static
../Core/Src/Based_System_Communication.c:58:6:modbus_r_position	24	static
../Core/Src/Based_System_Communication.c:62:6:modbus_theta_position	24	static
../Core/Src/Based_System_Communication.c:65:6:modbus_r_velocity	24	static
../Core/Src/Based_System_Communication.c:68:6:modbus_theta_velocity	24	static
../Core/Src/Based_System_Communication.c:71:6:modbus_r_acceleration	24	static
../Core/Src/Based_System_Communication.c:74:6:modbus_theta_acceleration	24	static
../Core/Src/Based_System_Communication.c:77:6:modbus_Update_All	40	static
../Core/Src/Based_System_Communication.c:88:6:set_Target_Position_ten_points	24	static
../Core/Src/Based_System_Communication.c:96:10:modbus_set_goal_r_position	24	static
../Core/Src/Based_System_Communication.c:100:10:modbus_set_goal_theta_position	24	static
../Core/Src/Based_System_Communication.c:105:18:Coordinate_Base_to_Robot	64	static
../Core/Src/Based_System_Communication.c:168:18:Coordinate_Robot_to_Base	80	static
../Core/Src/Based_System_Communication.c:236:7:rad_to_degree	16	static
../Core/Src/Based_System_Communication.c:239:7:degree_to_rad	16	static
