../Core/Src/main.c:235:5:main	59
../Core/Src/main.c:1006:6:SystemClock_Config	3
../Core/Src/main.c:1046:6:HAL_GPIO_EXTI_Callback	10
../Core/Src/main.c:1076:6:HAL_TIM_PeriodElapsedCallback	1
../Core/Src/main.c:1082:7:Prismatic_position_control	5
../Core/Src/main.c:1112:7:Prismatic_velocity_control	9
../Core/Src/main.c:1143:7:Revolute_position_control	5
../Core/Src/main.c:1173:7:Revolute_velocity_control	8
../Core/Src/main.c:1201:7:voltage_to_pwm	1
../Core/Src/main.c:1212:7:Revolute_dis	1
../Core/Src/main.c:1245:6:Error_Handler	1
