../Core/Src/main.c:235:5:main	59
../Core/Src/main.c:925:6:SystemClock_Config	3
../Core/Src/main.c:965:6:HAL_GPIO_EXTI_Callback	10
../Core/Src/main.c:995:6:HAL_TIM_PeriodElapsedCallback	1
../Core/Src/main.c:1001:7:Prismatic_position_control	5
../Core/Src/main.c:1031:7:Prismatic_velocity_control	9
../Core/Src/main.c:1062:7:Revolute_position_control	5
../Core/Src/main.c:1092:7:Revolute_velocity_control	8
../Core/Src/main.c:1120:7:voltage_to_pwm	1
../Core/Src/main.c:1131:7:Revolute_dis	1
../Core/Src/main.c:1164:6:Error_Handler	1
