Archive member included to satisfy reference by file (symbol)

C:/ST/STM32CubeIDE_1.18.1/STM32CubeIDE/plugins/com.st.stm32cube.ide.mcu.externaltools.gnu-tools-for-stm32.13.3.rel1.win32_1.0.0.202411081344/tools/bin/../lib/gcc/arm-none-eabi/13.3.1/../../../../arm-none-eabi/lib/thumb/v7e-m+fp/hard\libc_nano.a(libc_a-exit.o)
                              C:/ST/STM32CubeIDE_1.18.1/STM32CubeIDE/plugins/com.st.stm32cube.ide.mcu.externaltools.gnu-tools-for-stm32.13.3.rel1.win32_1.0.0.202411081344/tools/bin/../lib/gcc/arm-none-eabi/13.3.1/../../../../arm-none-eabi/lib/thumb/v7e-m+fp/hard/crt0.o (exit)
C:/ST/STM32CubeIDE_1.18.1/STM32CubeIDE/plugins/com.st.stm32cube.ide.mcu.externaltools.gnu-tools-for-stm32.13.3.rel1.win32_1.0.0.202411081344/tools/bin/../lib/gcc/arm-none-eabi/13.3.1/../../../../arm-none-eabi/lib/thumb/v7e-m+fp/hard\libc_nano.a(libc_a-findfp.o)
                              C:/ST/STM32CubeIDE_1.18.1/STM32CubeIDE/plugins/com.st.stm32cube.ide.mcu.externaltools.gnu-tools-for-stm32.13.3.rel1.win32_1.0.0.202411081344/tools/bin/../lib/gcc/arm-none-eabi/13.3.1/../../../../arm-none-eabi/lib/thumb/v7e-m+fp/hard\libc_nano.a(libc_a-exit.o) (__stdio_exit_handler)
C:/ST/STM32CubeIDE_1.18.1/STM32CubeIDE/plugins/com.st.stm32cube.ide.mcu.externaltools.gnu-tools-for-stm32.13.3.rel1.win32_1.0.0.202411081344/tools/bin/../lib/gcc/arm-none-eabi/13.3.1/../../../../arm-none-eabi/lib/thumb/v7e-m+fp/hard\libc_nano.a(libc_a-fwalk.o)
                              C:/ST/STM32CubeIDE_1.18.1/STM32CubeIDE/plugins/com.st.stm32cube.ide.mcu.externaltools.gnu-tools-for-stm32.13.3.rel1.win32_1.0.0.202411081344/tools/bin/../lib/gcc/arm-none-eabi/13.3.1/../../../../arm-none-eabi/lib/thumb/v7e-m+fp/hard\libc_nano.a(libc_a-findfp.o) (_fwalk_sglue)
C:/ST/STM32CubeIDE_1.18.1/STM32CubeIDE/plugins/com.st.stm32cube.ide.mcu.externaltools.gnu-tools-for-stm32.13.3.rel1.win32_1.0.0.202411081344/tools/bin/../lib/gcc/arm-none-eabi/13.3.1/../../../../arm-none-eabi/lib/thumb/v7e-m+fp/hard\libc_nano.a(libc_a-stdio.o)
                              C:/ST/STM32CubeIDE_1.18.1/STM32CubeIDE/plugins/com.st.stm32cube.ide.mcu.externaltools.gnu-tools-for-stm32.13.3.rel1.win32_1.0.0.202411081344/tools/bin/../lib/gcc/arm-none-eabi/13.3.1/../../../../arm-none-eabi/lib/thumb/v7e-m+fp/hard\libc_nano.a(libc_a-findfp.o) (__sread)
C:/ST/STM32CubeIDE_1.18.1/STM32CubeIDE/plugins/com.st.stm32cube.ide.mcu.externaltools.gnu-tools-for-stm32.13.3.rel1.win32_1.0.0.202411081344/tools/bin/../lib/gcc/arm-none-eabi/13.3.1/../../../../arm-none-eabi/lib/thumb/v7e-m+fp/hard\libc_nano.a(libc_a-memset.o)
                              C:/ST/STM32CubeIDE_1.18.1/STM32CubeIDE/plugins/com.st.stm32cube.ide.mcu.externaltools.gnu-tools-for-stm32.13.3.rel1.win32_1.0.0.202411081344/tools/bin/../lib/gcc/arm-none-eabi/13.3.1/../../../../arm-none-eabi/lib/thumb/v7e-m+fp/hard/crt0.o (memset)
C:/ST/STM32CubeIDE_1.18.1/STM32CubeIDE/plugins/com.st.stm32cube.ide.mcu.externaltools.gnu-tools-for-stm32.13.3.rel1.win32_1.0.0.202411081344/tools/bin/../lib/gcc/arm-none-eabi/13.3.1/../../../../arm-none-eabi/lib/thumb/v7e-m+fp/hard\libc_nano.a(libc_a-closer.o)
                              C:/ST/STM32CubeIDE_1.18.1/STM32CubeIDE/plugins/com.st.stm32cube.ide.mcu.externaltools.gnu-tools-for-stm32.13.3.rel1.win32_1.0.0.202411081344/tools/bin/../lib/gcc/arm-none-eabi/13.3.1/../../../../arm-none-eabi/lib/thumb/v7e-m+fp/hard\libc_nano.a(libc_a-stdio.o) (_close_r)
C:/ST/STM32CubeIDE_1.18.1/STM32CubeIDE/plugins/com.st.stm32cube.ide.mcu.externaltools.gnu-tools-for-stm32.13.3.rel1.win32_1.0.0.202411081344/tools/bin/../lib/gcc/arm-none-eabi/13.3.1/../../../../arm-none-eabi/lib/thumb/v7e-m+fp/hard\libc_nano.a(libc_a-reent.o)
                              C:/ST/STM32CubeIDE_1.18.1/STM32CubeIDE/plugins/com.st.stm32cube.ide.mcu.externaltools.gnu-tools-for-stm32.13.3.rel1.win32_1.0.0.202411081344/tools/bin/../lib/gcc/arm-none-eabi/13.3.1/../../../../arm-none-eabi/lib/thumb/v7e-m+fp/hard\libc_nano.a(libc_a-closer.o) (errno)
C:/ST/STM32CubeIDE_1.18.1/STM32CubeIDE/plugins/com.st.stm32cube.ide.mcu.externaltools.gnu-tools-for-stm32.13.3.rel1.win32_1.0.0.202411081344/tools/bin/../lib/gcc/arm-none-eabi/13.3.1/../../../../arm-none-eabi/lib/thumb/v7e-m+fp/hard\libc_nano.a(libc_a-impure.o)
                              C:/ST/STM32CubeIDE_1.18.1/STM32CubeIDE/plugins/com.st.stm32cube.ide.mcu.externaltools.gnu-tools-for-stm32.13.3.rel1.win32_1.0.0.202411081344/tools/bin/../lib/gcc/arm-none-eabi/13.3.1/../../../../arm-none-eabi/lib/thumb/v7e-m+fp/hard\libc_nano.a(libc_a-reent.o) (_impure_ptr)
C:/ST/STM32CubeIDE_1.18.1/STM32CubeIDE/plugins/com.st.stm32cube.ide.mcu.externaltools.gnu-tools-for-stm32.13.3.rel1.win32_1.0.0.202411081344/tools/bin/../lib/gcc/arm-none-eabi/13.3.1/../../../../arm-none-eabi/lib/thumb/v7e-m+fp/hard\libc_nano.a(libc_a-lseekr.o)
[...]
Memory Configuration

Name             Origin             Length             Attributes
RAM              0x20000000         0x00020000         xrw
FLASH            0x08000000         0x00080000         xr
*default*        0x00000000         0xffffffff

Linker script and memory map

LOAD C:/ST/STM32CubeIDE_1.18.1/STM32CubeIDE/plugins/com.st.stm32cube.ide.mcu.externaltools.gnu-tools-for-stm32.13.3.rel1.win32_1.0.0.202411081344/tools/bin/../lib/gcc/arm-none-eabi/13.3.1/thumb/v7e-m+fp/hard/crti.o
LOAD C:/ST/STM32CubeIDE_1.18.1/STM32CubeIDE/plugins/com.st.stm32cube.ide.mcu.externaltools.gnu-tools-for-stm32.13.3.rel1.win32_1.0.0.202411081344/tools/bin/../lib/gcc/arm-none-eabi/13.3.1/thumb/v7e-m+fp/hard/crtbegin.o
LOAD C:/ST/STM32CubeIDE_1.18.1/STM32CubeIDE/plugins/com.st.stm32cube.ide.mcu.externaltools.gnu-tools-for-stm32.13.3.rel1.win32_1.0.0.202411081344/tools/bin/../lib/gcc/arm-none-eabi/13.3.1/../../../../arm-none-eabi/lib/thumb/v7e-m+fp/hard/crt0.o
LOAD ./Core/Src/Based_System_Communication.o
LOAD ./Core/Src/ModBusRTU.o
LOAD ./Core/Src/main.o
LOAD ./Core/Src/stm32g4xx_hal_msp.o
LOAD ./Core/Src/stm32g4xx_it.o
LOAD ./Core/Src/syscalls.o
LOAD ./Core/Src/sysmem.o
LOAD ./Core/Src/system_stm32g4xx.o
LOAD ./Core/Startup/startup_stm32g474retx.o
LOAD ./Drivers/STM32G4xx_HAL_Driver/Src/stm32g4xx_hal.o
LOAD ./Drivers/STM32G4xx_HAL_Driver/Src/stm32g4xx_hal_cortex.o
LOAD ./Drivers/STM32G4xx_HAL_Driver/Src/stm32g4xx_hal_dma.o
LOAD ./Drivers/STM32G4xx_HAL_Driver/Src/stm32g4xx_hal_dma_ex.o
LOAD ./Drivers/STM32G4xx_HAL_Driver/Src/stm32g4xx_hal_exti.o
LOAD ./Drivers/STM32G4xx_HAL_Driver/Src/stm32g4xx_hal_flash.o
LOAD ./Drivers/STM32G4xx_HAL_Driver/Src/stm32g4xx_hal_flash_ex.o
LOAD ./Drivers/STM32G4xx_HAL_Driver/Src/stm32g4xx_hal_flash_ramfunc.o
LOAD ./Drivers/STM32G4xx_HAL_Driver/Src/stm32g4xx_hal_gpio.o
LOAD ./Drivers/STM32G4xx_HAL_Driver/Src/stm32g4xx_hal_pwr.o
LOAD ./Drivers/STM32G4xx_HAL_Driver/Src/stm32g4xx_hal_pwr_ex.o
LOAD ./Drivers/STM32G4xx_HAL_Driver/Src/stm32g4xx_hal_rcc.o
LOAD ./Drivers/STM32G4xx_HAL_Driver/Src/stm32g4xx_hal_rcc_ex.o
LOAD ./Drivers/STM32G4xx_HAL_Driver/Src/stm32g4xx_hal_tim.o
LOAD ./Drivers/STM32G4xx_HAL_Driver/Src/stm32g4xx_hal_tim_ex.o
LOAD ./Drivers/STM32G4xx_HAL_Driver/Src/stm32g4xx_hal_uart.o
LOAD ./Drivers/STM32G4xx_HAL_Driver/Src/stm32g4xx_hal_uart_ex.o
START GROUP
LOAD C:/ST/STM32CubeIDE_1.18.1/STM32CubeIDE/plugins/com.st.stm32cube.ide.mcu.externaltools.gnu-tools-for-stm32.13.3.rel1.win32_1.0.0.202411081344/tools/bin/../lib/gcc/arm-none-eabi/13.3.1/../../../../arm-none-eabi/lib/thumb/v7e-m+fp/hard\libc_nano.a
LOAD C:/ST/STM32CubeIDE_1.18.1/STM32CubeIDE/plugins/com.st.stm32cube.ide.mcu.externaltools.gnu-tools-for-stm32.13.3.rel1.win32_1.0.0.202411081344/tools/bin/../lib/gcc/arm-none-eabi/13.3.1/../../../../arm-none-eabi/lib/thumb/v7e-m+fp/hard\libm.a
END GROUP
START GROUP
LOAD C:/ST/STM32CubeIDE_1.18.1/STM32CubeIDE/plugins/com.st.stm32cube.ide.mcu.externaltools.gnu-tools-for-stm32.13.3.rel1.win32_1.0.0.202411081344/tools/bin/../lib/gcc/arm-none-eabi/13.3.1/thumb/v7e-m+fp/hard\libgcc.a
LOAD C:/ST/STM32CubeIDE_1.18.1/STM32CubeIDE/plugins/com.st.stm32cube.ide.mcu.externaltools.gnu-tools-for-stm32.13.3.rel1.win32_1.0.0.202411081344/tools/bin/../lib/gcc/arm-none-eabi/13.3.1/../../../../arm-none-eabi/lib/thumb/v7e-m+fp/hard\libc_nano.a
END GROUP
START GROUP
LOAD C:/ST/STM32CubeIDE_1.18.1/STM32CubeIDE/plugins/com.st.stm32cube.ide.mcu.externaltools.gnu-tools-for-stm32.13.3.rel1.win32_1.0.0.202411081344/tools/bin/../lib/gcc/arm-none-eabi/13.3.1/thumb/v7e-m+fp/hard\libgcc.a
LOAD C:/ST/STM32CubeIDE_1.18.1/STM32CubeIDE/plugins/com.st.stm32cube.ide.mcu.externaltools.gnu-tools-for-stm32.13.3.rel1.win32_1.0.0.202411081344/tools/bin/../lib/gcc/arm-none-eabi/13.3.1/../../../../arm-none-eabi/lib/thumb/v7e-m+fp/hard\libc_nano.a
LOAD C:/ST/STM32CubeIDE_1.18.1/STM32CubeIDE/plugins/com.st.stm32cube.ide.mcu.externaltools.gnu-tools-for-stm32.13.3.rel1.win32_1.0.0.202411081344/tools/bin/../lib/gcc/arm-none-eabi/13.3.1/../../../../arm-none-eabi/lib/thumb/v7e-m+fp/hard\libnosys.a
END GROUP
START GROUP
LOAD C:/ST/STM32CubeIDE_1.18.1/STM32CubeIDE/plugins/com.st.stm32cube.ide.mcu.externaltools.gnu-tools-for-stm32.13.3.rel1.win32_1.0.0.202411081344/tools/bin/../lib/gcc/arm-none-eabi/13.3.1/thumb/v7e-m+fp/hard\libgcc.a
LOAD C:/ST/STM32CubeIDE_1.18.1/STM32CubeIDE/plugins/com.st.stm32cube.ide.mcu.externaltools.gnu-tools-for-stm32.13.3.rel1.win32_1.0.0.202411081344/tools/bin/../lib/gcc/arm-none-eabi/13.3.1/../../../../arm-none-eabi/lib/thumb/v7e-m+fp/hard\libc_nano.a
LOAD C:/ST/STM32CubeIDE_1.18.1/STM32CubeIDE/plugins/com.st.stm32cube.ide.mcu.externaltools.gnu-tools-for-stm32.13.3.rel1.win32_1.0.0.202411081344/tools/bin/../lib/gcc/arm-none-eabi/13.3.1/../../../../arm-none-eabi/lib/thumb/v7e-m+fp/hard\libnosys.a
END GROUP
LOAD C:/ST/STM32CubeIDE_1.18.1/STM32CubeIDE/plugins/com.st.stm32cube.ide.mcu.externaltools.gnu-tools-for-stm32.13.3.rel1.win32_1.0.0.202411081344/tools/bin/../lib/gcc/arm-none-eabi/13.3.1/thumb/v7e-m+fp/hard/crtend.o
LOAD C:/ST/STM32CubeIDE_1.18.1/STM32CubeIDE/plugins/com.st.stm32cube.ide.mcu.externaltools.gnu-tools-for-stm32.13.3.rel1.win32_1.0.0.202411081344/tools/bin/../lib/gcc/arm-none-eabi/13.3.1/thumb/v7e-m+fp/hard/crtn.o
                0x20020000                        _estack = (ORIGIN (RAM) + LENGTH (RAM))
                0x00000200                        _Min_Heap_Size = 0x200
                0x00000400                        _Min_Stack_Size = 0x400

.isr_vector     0x08000000      0x1d8
                0x08000000                        . = ALIGN (0x4)
 *(.isr_vector)
 .isr_vector    0x08000000      0x1d8 ./Core/Startup/startup_stm32g474retx.o
                0x08000000                g_pfnVectors
                0x080001d8                        . = ALIGN (0x4)

.text           0x080001d8     0x7f94
                0x080001d8                        . = ALIGN (0x4)
 *(.text)
 .text          0x080001d8       0x40 C:/ST/STM32CubeIDE_1.18.1/STM32CubeIDE/plugins/com.st.stm32cube.ide.mcu.externaltools.gnu-tools-for-stm32.13.3.rel1.win32_1.0.0.202411081344/tools/bin/../lib/gcc/arm-none-eabi/13.3.1/thumb/v7e-m+fp/hard/crtbegin.o
 .text          0x08000218      0x378 C:/ST/STM32CubeIDE_1.18.1/STM32CubeIDE/plugins/com.st.stm32cube.ide.mcu.externaltools.gnu-tools-for-stm32.13.3.rel1.win32_1.0.0.202411081344/tools/bin/../lib/gcc/arm-none-eabi/13.3.1/thumb/v7e-m+fp/hard\libgcc.a(_arm_addsubdf3.o)
                0x08000218                __aeabi_drsub
                0x08000220                __aeabi_dsub
                0x08000220                __subdf3
                0x08000224                __aeabi_dadd
                0x08000224                __adddf3
                0x0800049c                __floatunsidf
                0x0800049c                __aeabi_ui2d
                0x080004bc                __floatsidf
                0x080004bc                __aeabi_i2d
                0x080004e0                __aeabi_f2d
                0x080004e0                __extendsfdf2
                0x08000524                __floatundidf
                0x08000524                __aeabi_ul2d
                0x08000534                __floatdidf
                0x08000534                __aeabi_l2d
 .text          0x08000590      0x424 C:/ST/STM32CubeIDE_1.18.1/STM32CubeIDE/plugins/com.st.stm32cube.ide.mcu.externaltools.gnu-tools-for-stm32.13.3.rel1.win32_1.0.0.202411081344/tools/bin/../lib/gcc/arm-none-eabi/13.3.1/thumb/v7e-m+fp/hard\libgcc.a(_arm_muldivdf3.o)
                0x08000590                __aeabi_dmul
                0x08000590                __muldf3
                0x080007e4                __divdf3
                0x080007e4                __aeabi_ddiv
 .text          0x080009b4       0x40 C:/ST/STM32CubeIDE_1.18.1/STM32CubeIDE/plugins/com.st.stm32cube.ide.mcu.externaltools.gnu-tools-for-stm32.13.3.rel1.win32_1.0.0.202411081344/tools/bin/../lib/gcc/arm-none-eabi/13.3.1/thumb/v7e-m+fp/hard\libgcc.a(_arm_fixunsdfsi.o)
                0x080009b4                __aeabi_d2uiz
                0x080009b4                __fixunsdfsi
 .text          0x080009f4       0x30 C:/ST/STM32CubeIDE_1.18.1/STM32CubeIDE/plugins/com.st.stm32cube.ide.mcu.externaltools.gnu-tools-for-stm32.13.3.rel1.win32_1.0.0.202411081344/tools/bin/../lib/gcc/arm-none-eabi/13.3.1/thumb/v7e-m+fp/hard\libgcc.a(_aeabi_uldivmod.o)
                0x080009f4                __aeabi_uldivmod
 .text          0x08000a24      0x2f8 C:/ST/STM32CubeIDE_1.18.1/STM32CubeIDE/plugins/com.st.stm32cube.ide.mcu.externaltools.gnu-tools-for-stm32.13.3.rel1.win32_1.0.0.202411081344/tools/bin/../lib/gcc/arm-none-eabi/13.3.1/thumb/v7e-m+fp/hard\libgcc.a(_udivmoddi4.o)
                0x08000a24                __udivmoddi4
 .text          0x08000d1c        0x4 C:/ST/STM32CubeIDE_1.18.1/STM32CubeIDE/plugins/com.st.stm32cube.ide.mcu.externaltools.gnu-tools-for-stm32.13.3.rel1.win32_1.0.0.202411081344/tools/bin/../lib/gcc/arm-none-eabi/13.3.1/thumb/v7e-m+fp/hard\libgcc.a(_dvmd_tls.o)
                0x08000d1c                __aeabi_idiv0
                0x08000d1c                __aeabi_ldiv0
 *(.text*)
 .text.modbus_Base_System_Status
                0x08000d20       0x20 ./Core/Src/Based_System_Communication.o
                0x08000d20                modbus_Base_System_Status
 .text.R_Theta_moving_Status
                0x08000d40       0x24 ./Core/Src/Based_System_Communication.o
                0x08000d40                R_Theta_moving_Status
 .text.modbus_set_goal_r_position
                0x08000d64       0x40 ./Core/Src/Based_System_Communication.o
                0x08000d64                modbus_set_goal_r_position
 .text.modbus_set_goal_theta_position
                0x08000da4       0x40 ./Core/Src/Based_System_Communication.o
                0x08000da4                modbus_set_goal_theta_position
 .text.modbus_1t5_Timeout
                0x08000de4       0x20 ./Core/Src/ModBusRTU.o
                0x08000de4                modbus_1t5_Timeout
 .text.modbus_3t5_Timeout
                0x08000e04       0x20 ./Core/Src/ModBusRTU.o
                0x08000e04                modbus_3t5_Timeout
 .text.modbus_UART_Recived
                0x08000e24       0x64 ./Core/Src/ModBusRTU.o
                0x08000e24                modbus_UART_Recived
 .text.Modbus_init
                0x08000e88       0xac ./Core/Src/ModBusRTU.o
                0x08000e88                Modbus_init
 .text.CRC16    0x08000f34       0x70 ./Core/Src/ModBusRTU.o
                0x08000f34                CRC16
 .text.Modbus_Protocal_Worker
                0x08000fa4      0x20c ./Core/Src/ModBusRTU.o
                0x08000fa4                Modbus_Protocal_Worker
 .text.modbusWrite1Register
                0x080011b0       0x80 ./Core/Src/ModBusRTU.o
                0x080011b0                modbusWrite1Register
 .text.modbusRead1Register
                0x08001230       0xec ./Core/Src/ModBusRTU.o
                0x08001230                modbusRead1Register
 .text.ModbusErrorReply
                0x0800131c       0x44 ./Core/Src/ModBusRTU.o
                0x0800131c                ModbusErrorReply
 .text.Modbus_frame_response
                0x08001360       0x30 ./Core/Src/ModBusRTU.o
                0x08001360                Modbus_frame_response
 .text.Modbus_Emission
                0x08001390       0xfc ./Core/Src/ModBusRTU.o
                0x08001390                Modbus_Emission
 .text.main     0x0800148c       0xc4 ./Core/Src/main.o
                0x0800148c                main
 .text.SystemClock_Config
                0x08001550       0x96 ./Core/Src/main.o
                0x08001550                SystemClock_Config
 *fill*         0x080015e6        0x2 
 .text.MX_TIM8_Init
                0x080015e8      0x160 ./Core/Src/main.o
 .text.MX_TIM16_Init
                0x08001748      0x100 ./Core/Src/main.o
 .text.MX_USART2_UART_Init
                0x08001848       0x9c ./Core/Src/main.o
 .text.MX_DMA_Init
                0x080018e4       0x54 ./Core/Src/main.o
 .text.MX_GPIO_Init
                0x08001938       0x78 ./Core/Src/main.o
 .text.Error_Handler
                0x080019b0        0xc ./Core/Src/main.o
                0x080019b0                Error_Handler
 .text.HAL_MspInit
                0x080019bc       0x48 ./Core/Src/stm32g4xx_hal_msp.o
                0x080019bc                HAL_MspInit
 .text.HAL_TIM_Base_MspInit
                0x08001a04       0x74 ./Core/Src/stm32g4xx_hal_msp.o
                0x08001a04                HAL_TIM_Base_MspInit
 .text.HAL_TIM_MspPostInit
                0x08001a78       0x70 ./Core/Src/stm32g4xx_hal_msp.o
                0x08001a78                HAL_TIM_MspPostInit
 .text.HAL_UART_MspInit
                0x08001ae8      0x118 ./Core/Src/stm32g4xx_hal_msp.o
                0x08001ae8                HAL_UART_MspInit
 .text.NMI_Handler
                0x08001c00        0x8 ./Core/Src/stm32g4xx_it.o
                0x08001c00                NMI_Handler
 .text.HardFault_Handler
                0x08001c08        0x8 ./Core/Src/stm32g4xx_it.o
                0x08001c08                HardFault_Handler
 .text.MemManage_Handler
                0x08001c10        0x8 ./Core/Src/stm32g4xx_it.o
                0x08001c10                MemManage_Handler
 .text.BusFault_Handler
                0x08001c18        0x8 ./Core/Src/stm32g4xx_it.o
                0x08001c18                BusFault_Handler
 .text.UsageFault_Handler
                0x08001c20        0x8 ./Core/Src/stm32g4xx_it.o
                0x08001c20                UsageFault_Handler
 .text.SVC_Handler
                0x08001c28        0xe ./Core/Src/stm32g4xx_it.o
                0x08001c28                SVC_Handler
 .text.DebugMon_Handler
                0x08001c36        0xe ./Core/Src/stm32g4xx_it.o
                0x08001c36                DebugMon_Handler
 .text.PendSV_Handler
                0x08001c44        0xe ./Core/Src/stm32g4xx_it.o
                0x08001c44                PendSV_Handler
 .text.SysTick_Handler
                0x08001c52        0xc ./Core/Src/stm32g4xx_it.o
                0x08001c52                SysTick_Handler
 *fill*         0x08001c5e        0x2 
 .text.DMA1_Channel1_IRQHandler
                0x08001c60       0x14 ./Core/Src/stm32g4xx_it.o
                0x08001c60                DMA1_Channel1_IRQHandler
 .text.TIM1_UP_TIM16_IRQHandler
                0x08001c74       0x14 ./Core/Src/stm32g4xx_it.o
                0x08001c74                TIM1_UP_TIM16_IRQHandler
 .text.USART2_IRQHandler
                0x08001c88       0x14 ./Core/Src/stm32g4xx_it.o
                0x08001c88                USART2_IRQHandler
 .text.SystemInit
                0x08001c9c       0x24 ./Core/Src/system_stm32g4xx.o
                0x08001c9c                SystemInit
 .text.Reset_Handler
                0x08001cc0       0x50 ./Core/Startup/startup_stm32g474retx.o
                0x08001cc0                Reset_Handler
 .text.Default_Handler
                0x08001d10        0x2 ./Core/Startup/startup_stm32g474retx.o
                0x08001d10                RTC_Alarm_IRQHandler
                0x08001d10                EXTI2_IRQHandler
                0x08001d10                TIM8_TRG_COM_IRQHandler
                0x08001d10                TIM8_CC_IRQHandler
                0x08001d10                HRTIM1_Master_IRQHandler
                0x08001d10                SPI4_IRQHandler
                0x08001d10                FDCAN3_IT0_IRQHandler
                0x08001d10                TIM1_CC_IRQHandler
                0x08001d10                HRTIM1_FLT_IRQHandler
                0x08001d10                HRTIM1_TIMF_IRQHandler
                0x08001d10                USB_HP_IRQHandler
                0x08001d10                CORDIC_IRQHandler
                0x08001d10                HRTIM1_TIMD_IRQHandler
                0x08001d10                DMA2_Channel8_IRQHandler
                0x08001d10                EXTI3_IRQHandler
                0x08001d10                I2C3_ER_IRQHandler
                0x08001d10                EXTI0_IRQHandler
                0x08001d10                I2C2_EV_IRQHandler
                0x08001d10                FPU_IRQHandler
                0x08001d10                FDCAN1_IT1_IRQHandler
                0x08001d10                ADC1_2_IRQHandler
                0x08001d10                HRTIM1_TIME_IRQHandler
                0x08001d10                SPI1_IRQHandler
                0x08001d10                TIM6_DAC_IRQHandler
                0x08001d10                HRTIM1_TIMC_IRQHandler
                0x08001d10                TIM8_UP_IRQHandler
                0x08001d10                DMA2_Channel2_IRQHandler
                0x08001d10                DMA1_Channel4_IRQHandler
                0x08001d10                TIM20_TRG_COM_IRQHandler
                0x08001d10                USART3_IRQHandler
                0x08001d10                DMA1_Channel7_IRQHandler
                0x08001d10                UART5_IRQHandler
                0x08001d10                ADC3_IRQHandler
                0x08001d10                TIM4_IRQHandler
                0x08001d10                DMA2_Channel1_IRQHandler
                0x08001d10                QUADSPI_IRQHandler
                0x08001d10                I2C1_EV_IRQHandler
                0x08001d10                DMA1_Channel6_IRQHandler
                0x08001d10                UART4_IRQHandler
                0x08001d10                DMA2_Channel4_IRQHandler
                0x08001d10                TIM3_IRQHandler
                0x08001d10                RCC_IRQHandler
                0x08001d10                TIM20_UP_IRQHandler
                0x08001d10                Default_Handler
                0x08001d10                DMA2_Channel7_IRQHandler
                0x08001d10                RTC_TAMP_LSECSS_IRQHandler
                0x08001d10                FMAC_IRQHandler
                0x08001d10                EXTI15_10_IRQHandler
                0x08001d10                DMA1_Channel8_IRQHandler
                0x08001d10                HRTIM1_TIMA_IRQHandler
                0x08001d10                TIM7_DAC_IRQHandler
                0x08001d10                FDCAN3_IT1_IRQHandler
                0x08001d10                TIM5_IRQHandler
                0x08001d10                UCPD1_IRQHandler
                0x08001d10                I2C3_EV_IRQHandler
                0x08001d10                EXTI9_5_IRQHandler
                0x08001d10                RTC_WKUP_IRQHandler
                0x08001d10                PVD_PVM_IRQHandler
                0x08001d10                SPI2_IRQHandler
                0x08001d10                ADC5_IRQHandler
                0x08001d10                DMA2_Channel5_IRQHandler
                0x08001d10                CRS_IRQHandler
                0x08001d10                DMA1_Channel5_IRQHandler
                0x08001d10                USB_LP_IRQHandler
                0x08001d10                EXTI4_IRQHandler
                0x08001d10                RNG_IRQHandler
                0x08001d10                HRTIM1_TIMB_IRQHandler
                0x08001d10                TIM1_TRG_COM_TIM17_IRQHandler
                0x08001d10                FDCAN2_IT1_IRQHandler
                0x08001d10                DMA1_Channel3_IRQHandler
                0x08001d10                ADC4_IRQHandler
                0x08001d10                WWDG_IRQHandler
                0x08001d10                I2C4_EV_IRQHandler
                0x08001d10                FDCAN2_IT0_IRQHandler
                0x08001d10                LPUART1_IRQHandler
                0x08001d10                DMA2_Channel6_IRQHandler
                0x08001d10                FDCAN1_IT0_IRQHandler
                0x08001d10                TIM2_IRQHandler
                0x08001d10                COMP7_IRQHandler
                0x08001d10                COMP1_2_3_IRQHandler
                0x08001d10                EXTI1_IRQHandler
                0x08001d10                COMP4_5_6_IRQHandler
                0x08001d10                TIM20_BRK_IRQHandler
                0x08001d10                I2C2_ER_IRQHandler
                0x08001d10                DMA1_Channel2_IRQHandler
                0x08001d10                TIM8_BRK_IRQHandler
                0x08001d10                FLASH_IRQHandler
                0x08001d10                TIM20_CC_IRQHandler
                0x08001d10                USART1_IRQHandler
                0x08001d10                SPI3_IRQHandler
                0x08001d10                I2C1_ER_IRQHandler
                0x08001d10                FMC_IRQHandler
                0x08001d10                LPTIM1_IRQHandler
                0x08001d10                DMAMUX_OVR_IRQHandler
                0x08001d10                I2C4_ER_IRQHandler
                0x08001d10                USBWakeUp_IRQHandler
                0x08001d10                SAI1_IRQHandler
                0x08001d10                DMA2_Channel3_IRQHandler
                0x08001d10                TIM1_BRK_TIM15_IRQHandler
 .text.HAL_Init
                0x08001d12       0x30 ./Drivers/STM32G4xx_HAL_Driver/Src/stm32g4xx_hal.o
                0x08001d12                HAL_Init
 *fill*         0x08001d42        0x2 
 .text.HAL_InitTick
                0x08001d44       0x74 ./Drivers/STM32G4xx_HAL_Driver/Src/stm32g4xx_hal.o
                0x08001d44                HAL_InitTick
 .text.HAL_IncTick
                0x08001db8       0x24 ./Drivers/STM32G4xx_HAL_Driver/Src/stm32g4xx_hal.o
                0x08001db8                HAL_IncTick
 .text.HAL_GetTick
                0x08001ddc       0x18 ./Drivers/STM32G4xx_HAL_Driver/Src/stm32g4xx_hal.o
                0x08001ddc                HAL_GetTick
 .text.__NVIC_SetPriorityGrouping
                0x08001df4       0x48 ./Drivers/STM32G4xx_HAL_Driver/Src/stm32g4xx_hal_cortex.o
 .text.__NVIC_GetPriorityGrouping
                0x08001e3c       0x1c ./Drivers/STM32G4xx_HAL_Driver/Src/stm32g4xx_hal_cortex.o
 .text.__NVIC_EnableIRQ
                0x08001e58       0x3c ./Drivers/STM32G4xx_HAL_Driver/Src/stm32g4xx_hal_cortex.o
 .text.__NVIC_SetPriority
                0x08001e94       0x54 ./Drivers/STM32G4xx_HAL_Driver/Src/stm32g4xx_hal_cortex.o
 .text.NVIC_EncodePriority
                0x08001ee8       0x66 ./Drivers/STM32G4xx_HAL_Driver/Src/stm32g4xx_hal_cortex.o
 *fill*         0x08001f4e        0x2 
 .text.SysTick_Config
                0x08001f50       0x44 ./Drivers/STM32G4xx_HAL_Driver/Src/stm32g4xx_hal_cortex.o
 .text.HAL_NVIC_SetPriorityGrouping
                0x08001f94       0x16 ./Drivers/STM32G4xx_HAL_Driver/Src/stm32g4xx_hal_cortex.o
                0x08001f94                HAL_NVIC_SetPriorityGrouping
 .text.HAL_NVIC_SetPriority
                0x08001faa       0x34 ./Drivers/STM32G4xx_HAL_Driver/Src/stm32g4xx_hal_cortex.o
                0x08001faa                HAL_NVIC_SetPriority
 .text.HAL_NVIC_EnableIRQ
                0x08001fde       0x1c ./Drivers/STM32G4xx_HAL_Driver/Src/stm32g4xx_hal_cortex.o
                0x08001fde                HAL_NVIC_EnableIRQ
 .text.HAL_SYSTICK_Config
                0x08001ffa       0x18 ./Drivers/STM32G4xx_HAL_Driver/Src/stm32g4xx_hal_cortex.o
                0x08001ffa                HAL_SYSTICK_Config
 *fill*         0x08002012        0x2 
 .text.HAL_DMA_Init
                0x08002014      0x150 ./Drivers/STM32G4xx_HAL_Driver/Src/stm32g4xx_hal_dma.o
                0x08002014                HAL_DMA_Init
 .text.HAL_DMA_Start_IT
                0x08002164       0xf6 ./Drivers/STM32G4xx_HAL_Driver/Src/stm32g4xx_hal_dma.o
                0x08002164                HAL_DMA_Start_IT
 .text.HAL_DMA_Abort
                0x0800225a       0xb2 ./Drivers/STM32G4xx_HAL_Driver/Src/stm32g4xx_hal_dma.o
                0x0800225a                HAL_DMA_Abort
 .text.HAL_DMA_Abort_IT
                0x0800230c       0xce ./Drivers/STM32G4xx_HAL_Driver/Src/stm32g4xx_hal_dma.o
                0x0800230c                HAL_DMA_Abort_IT
 .text.HAL_DMA_IRQHandler
                0x080023da      0x15e ./Drivers/STM32G4xx_HAL_Driver/Src/stm32g4xx_hal_dma.o
                0x080023da                HAL_DMA_IRQHandler
 .text.HAL_DMA_GetError
                0x08002538       0x18 ./Drivers/STM32G4xx_HAL_Driver/Src/stm32g4xx_hal_dma.o
                0x08002538                HAL_DMA_GetError
 .text.DMA_SetConfig
                0x08002550       0x7c ./Drivers/STM32G4xx_HAL_Driver/Src/stm32g4xx_hal_dma.o
 .text.DMA_CalcDMAMUXChannelBaseAndMask
                0x080025cc       0x7c ./Drivers/STM32G4xx_HAL_Driver/Src/stm32g4xx_hal_dma.o
 .text.DMA_CalcDMAMUXRequestGenBaseAndMask
                0x08002648       0x48 ./Drivers/STM32G4xx_HAL_Driver/Src/stm32g4xx_hal_dma.o
 .text.HAL_GPIO_Init
                0x08002690      0x304 ./Drivers/STM32G4xx_HAL_Driver/Src/stm32g4xx_hal_gpio.o
                0x08002690                HAL_GPIO_Init
 .text.HAL_PWREx_ControlVoltageScaling
                0x08002994      0x148 ./Drivers/STM32G4xx_HAL_Driver/Src/stm32g4xx_hal_pwr_ex.o
                0x08002994                HAL_PWREx_ControlVoltageScaling
 .text.HAL_PWREx_DisableUCPDDeadBattery
                0x08002adc       0x20 ./Drivers/STM32G4xx_HAL_Driver/Src/stm32g4xx_hal_pwr_ex.o
                0x08002adc                HAL_PWREx_DisableUCPDDeadBattery
 .text.HAL_RCC_OscConfig
                0x08002afc      0x624 ./Drivers/STM32G4xx_HAL_Driver/Src/stm32g4xx_hal_rcc.o
                0x08002afc                HAL_RCC_OscConfig
 .text.HAL_RCC_ClockConfig
                0x08003120      0x278 ./Drivers/STM32G4xx_HAL_Driver/Src/stm32g4xx_hal_rcc.o
                0x08003120                HAL_RCC_ClockConfig
 .text.HAL_RCC_GetSysClockFreq
                0x08003398       0xc4 ./Drivers/STM32G4xx_HAL_Driver/Src/stm32g4xx_hal_rcc.o
                0x08003398                HAL_RCC_GetSysClockFreq
 .text.HAL_RCC_GetHCLKFreq
                0x0800345c       0x18 ./Drivers/STM32G4xx_HAL_Driver/Src/stm32g4xx_hal_rcc.o
                0x0800345c                HAL_RCC_GetHCLKFreq
 .text.HAL_RCC_GetPCLK1Freq
                0x08003474       0x2c ./Drivers/STM32G4xx_HAL_Driver/Src/stm32g4xx_hal_rcc.o
                0x08003474                HAL_RCC_GetPCLK1Freq
 .text.HAL_RCC_GetPCLK2Freq
                0x080034a0       0x2c ./Drivers/STM32G4xx_HAL_Driver/Src/stm32g4xx_hal_rcc.o
                0x080034a0                HAL_RCC_GetPCLK2Freq
 .text.RCC_GetSysClockFreqFromPLLSource
                0x080034cc       0x8c ./Drivers/STM32G4xx_HAL_Driver/Src/stm32g4xx_hal_rcc.o
 .text.HAL_RCCEx_PeriphCLKConfig
                0x08003558      0x49c ./Drivers/STM32G4xx_HAL_Driver/Src/stm32g4xx_hal_rcc_ex.o
                0x08003558                HAL_RCCEx_PeriphCLKConfig
 .text.HAL_TIM_Base_Init
                0x080039f4       0xc8 ./Drivers/STM32G4xx_HAL_Driver/Src/stm32g4xx_hal_tim.o
                0x080039f4                HAL_TIM_Base_Init
 .text.HAL_TIM_Base_Start_IT
                0x08003abc       0xf0 ./Drivers/STM32G4xx_HAL_Driver/Src/stm32g4xx_hal_tim.o
                0x08003abc                HAL_TIM_Base_Start_IT
 .text.HAL_TIM_OC_Init
                0x08003bac       0xc8 ./Drivers/STM32G4xx_HAL_Driver/Src/stm32g4xx_hal_tim.o
                0x08003bac                HAL_TIM_OC_Init
 .text.HAL_TIM_OC_MspInit
                0x08003c74       0x14 ./Drivers/STM32G4xx_HAL_Driver/Src/stm32g4xx_hal_tim.o
                0x08003c74                HAL_TIM_OC_MspInit
 .text.HAL_TIM_PWM_Init
                0x08003c88       0xc8 ./Drivers/STM32G4xx_HAL_Driver/Src/stm32g4xx_hal_tim.o
                0x08003c88                HAL_TIM_PWM_Init
 .text.HAL_TIM_PWM_MspInit
                0x08003d50       0x14 ./Drivers/STM32G4xx_HAL_Driver/Src/stm32g4xx_hal_tim.o
                0x08003d50                HAL_TIM_PWM_MspInit
 .text.HAL_TIM_OnePulse_Init
                0x08003d64       0xbc ./Drivers/STM32G4xx_HAL_Driver/Src/stm32g4xx_hal_tim.o
                0x08003d64                HAL_TIM_OnePulse_Init
 .text.HAL_TIM_OnePulse_MspInit
                0x08003e20       0x14 ./Drivers/STM32G4xx_HAL_Driver/Src/stm32g4xx_hal_tim.o
                0x08003e20                HAL_TIM_OnePulse_MspInit
 .text.HAL_TIM_OnePulse_Start_IT
                0x08003e34      0x11c ./Drivers/STM32G4xx_HAL_Driver/Src/stm32g4xx_hal_tim.o
                0x08003e34                HAL_TIM_OnePulse_Start_IT
 .text.HAL_TIM_IRQHandler
                0x08003f50      0x2f2 ./Drivers/STM32G4xx_HAL_Driver/Src/stm32g4xx_hal_tim.o
                0x08003f50                HAL_TIM_IRQHandler
 *fill*         0x08004242        0x2 
 .text.HAL_TIM_OC_ConfigChannel
                0x08004244       0xf4 ./Drivers/STM32G4xx_HAL_Driver/Src/stm32g4xx_hal_tim.o
                0x08004244                HAL_TIM_OC_ConfigChannel
 .text.HAL_TIM_PWM_ConfigChannel
                0x08004338      0x228 ./Drivers/STM32G4xx_HAL_Driver/Src/stm32g4xx_hal_tim.o
                0x08004338                HAL_TIM_PWM_ConfigChannel
 .text.HAL_TIM_ConfigClockSource
                0x08004560      0x22c ./Drivers/STM32G4xx_HAL_Driver/Src/stm32g4xx_hal_tim.o
                0x08004560                HAL_TIM_ConfigClockSource
 .text.HAL_TIM_PeriodElapsedCallback
                0x0800478c       0x14 ./Drivers/STM32G4xx_HAL_Driver/Src/stm32g4xx_hal_tim.o
                0x0800478c                HAL_TIM_PeriodElapsedCallback
 .text.HAL_TIM_PeriodElapsedHalfCpltCallback
                0x080047a0       0x14 ./Drivers/STM32G4xx_HAL_Driver/Src/stm32g4xx_hal_tim.o
                0x080047a0                HAL_TIM_PeriodElapsedHalfCpltCallback
 .text.HAL_TIM_OC_DelayElapsedCallback
                0x080047b4       0x14 ./Drivers/STM32G4xx_HAL_Driver/Src/stm32g4xx_hal_tim.o
                0x080047b4                HAL_TIM_OC_DelayElapsedCallback
 .text.HAL_TIM_IC_CaptureCallback
                0x080047c8       0x14 ./Drivers/STM32G4xx_HAL_Driver/Src/stm32g4xx_hal_tim.o
                0x080047c8                HAL_TIM_IC_CaptureCallback
 .text.HAL_TIM_IC_CaptureHalfCpltCallback
                0x080047dc       0x14 ./Drivers/STM32G4xx_HAL_Driver/Src/stm32g4xx_hal_tim.o
                0x080047dc                HAL_TIM_IC_CaptureHalfCpltCallback
 .text.HAL_TIM_PWM_PulseFinishedCallback
                0x080047f0       0x14 ./Drivers/STM32G4xx_HAL_Driver/Src/stm32g4xx_hal_tim.o
                0x080047f0                HAL_TIM_PWM_PulseFinishedCallback
 .text.HAL_TIM_PWM_PulseFinishedHalfCpltCallback
                0x08004804       0x14 ./Drivers/STM32G4xx_HAL_Driver/Src/stm32g4xx_hal_tim.o
                0x08004804                HAL_TIM_PWM_PulseFinishedHalfCpltCallback
 .text.HAL_TIM_TriggerCallback
                0x08004818       0x14 ./Drivers/STM32G4xx_HAL_Driver/Src/stm32g4xx_hal_tim.o
                0x08004818                HAL_TIM_TriggerCallback
 .text.HAL_TIM_TriggerHalfCpltCallback
                0x0800482c       0x14 ./Drivers/STM32G4xx_HAL_Driver/Src/stm32g4xx_hal_tim.o
                0x0800482c                HAL_TIM_TriggerHalfCpltCallback
 .text.HAL_TIM_ErrorCallback
                0x08004840       0x14 ./Drivers/STM32G4xx_HAL_Driver/Src/stm32g4xx_hal_tim.o
                0x08004840                HAL_TIM_ErrorCallback
 .text.HAL_TIM_RegisterCallback
                0x08004854      0x2c0 ./Drivers/STM32G4xx_HAL_Driver/Src/stm32g4xx_hal_tim.o
                0x08004854                HAL_TIM_RegisterCallback
 .text.TIM_Base_SetConfig
                0x08004b14      0x168 ./Drivers/STM32G4xx_HAL_Driver/Src/stm32g4xx_hal_tim.o
                0x08004b14                TIM_Base_SetConfig
 .text.TIM_OC1_SetConfig
                0x08004c7c      0x134 ./Drivers/STM32G4xx_HAL_Driver/Src/stm32g4xx_hal_tim.o
 .text.TIM_OC2_SetConfig
                0x08004db0      0x128 ./Drivers/STM32G4xx_HAL_Driver/Src/stm32g4xx_hal_tim.o
                0x08004db0                TIM_OC2_SetConfig
 .text.TIM_OC3_SetConfig
                0x08004ed8      0x124 ./Drivers/STM32G4xx_HAL_Driver/Src/stm32g4xx_hal_tim.o
 .text.TIM_OC4_SetConfig
                0x08004ffc      0x128 ./Drivers/STM32G4xx_HAL_Driver/Src/stm32g4xx_hal_tim.o
 .text.TIM_OC5_SetConfig
                0x08005124       0xd4 ./Drivers/STM32G4xx_HAL_Driver/Src/stm32g4xx_hal_tim.o
 .text.TIM_OC6_SetConfig
                0x080051f8       0xd8 ./Drivers/STM32G4xx_HAL_Driver/Src/stm32g4xx_hal_tim.o
 .text.TIM_TI1_ConfigInputStage
                0x080052d0       0x5e ./Drivers/STM32G4xx_HAL_Driver/Src/stm32g4xx_hal_tim.o
 .text.TIM_TI2_ConfigInputStage
                0x0800532e       0x60 ./Drivers/STM32G4xx_HAL_Driver/Src/stm32g4xx_hal_tim.o
 .text.TIM_ITRx_SetConfig
                0x0800538e       0x3a ./Drivers/STM32G4xx_HAL_Driver/Src/stm32g4xx_hal_tim.o
 .text.TIM_ETR_SetConfig
                0x080053c8       0x40 ./Drivers/STM32G4xx_HAL_Driver/Src/stm32g4xx_hal_tim.o
                0x080053c8                TIM_ETR_SetConfig
 .text.TIM_CCxChannelCmd
                0x08005408       0x4a ./Drivers/STM32G4xx_HAL_Driver/Src/stm32g4xx_hal_tim.o
                0x08005408                TIM_CCxChannelCmd
 *fill*         0x08005452        0x2 
 .text.TIM_ResetCallback
                0x08005454       0xec ./Drivers/STM32G4xx_HAL_Driver/Src/stm32g4xx_hal_tim.o
                0x08005454                TIM_ResetCallback
 .text.HAL_TIMEx_MasterConfigSynchronization
                0x08005540      0x12c ./Drivers/STM32G4xx_HAL_Driver/Src/stm32g4xx_hal_tim_ex.o
                0x08005540                HAL_TIMEx_MasterConfigSynchronization
 .text.HAL_TIMEx_ConfigBreakDeadTime
                0x0800566c      0x128 ./Drivers/STM32G4xx_HAL_Driver/Src/stm32g4xx_hal_tim_ex.o
                0x0800566c                HAL_TIMEx_ConfigBreakDeadTime
 .text.HAL_TIMEx_CommutCallback
                0x08005794       0x14 ./Drivers/STM32G4xx_HAL_Driver/Src/stm32g4xx_hal_tim_ex.o
                0x08005794                HAL_TIMEx_CommutCallback
 .text.HAL_TIMEx_CommutHalfCpltCallback
                0x080057a8       0x14 ./Drivers/STM32G4xx_HAL_Driver/Src/stm32g4xx_hal_tim_ex.o
                0x080057a8                HAL_TIMEx_CommutHalfCpltCallback
 .text.HAL_TIMEx_BreakCallback
                0x080057bc       0x14 ./Drivers/STM32G4xx_HAL_Driver/Src/stm32g4xx_hal_tim_ex.o
                0x080057bc                HAL_TIMEx_BreakCallback
 .text.HAL_TIMEx_Break2Callback
                0x080057d0       0x14 ./Drivers/STM32G4xx_HAL_Driver/Src/stm32g4xx_hal_tim_ex.o
                0x080057d0                HAL_TIMEx_Break2Callback
 .text.HAL_TIMEx_EncoderIndexCallback
                0x080057e4       0x14 ./Drivers/STM32G4xx_HAL_Driver/Src/stm32g4xx_hal_tim_ex.o
                0x080057e4                HAL_TIMEx_EncoderIndexCallback
 .text.HAL_TIMEx_DirectionChangeCallback
                0x080057f8       0x14 ./Drivers/STM32G4xx_HAL_Driver/Src/stm32g4xx_hal_tim_ex.o
                0x080057f8                HAL_TIMEx_DirectionChangeCallback
 .text.HAL_TIMEx_IndexErrorCallback
                0x0800580c       0x14 ./Drivers/STM32G4xx_HAL_Driver/Src/stm32g4xx_hal_tim_ex.o
                0x0800580c                HAL_TIMEx_IndexErrorCallback
 .text.HAL_TIMEx_TransitionErrorCallback
                0x08005820       0x14 ./Drivers/STM32G4xx_HAL_Driver/Src/stm32g4xx_hal_tim_ex.o
                0x08005820                HAL_TIMEx_TransitionErrorCallback
 .text.HAL_UART_Init
                0x08005834       0xc0 ./Drivers/STM32G4xx_HAL_Driver/Src/stm32g4xx_hal_uart.o
                0x08005834                HAL_UART_Init
 .text.HAL_UART_RegisterCallback
                0x080058f4      0x174 ./Drivers/STM32G4xx_HAL_Driver/Src/stm32g4xx_hal_uart.o
                0x080058f4                HAL_UART_RegisterCallback
 .text.HAL_UART_Receive_IT
                0x08005a68       0x98 ./Drivers/STM32G4xx_HAL_Driver/Src/stm32g4xx_hal_uart.o
                0x08005a68                HAL_UART_Receive_IT
 .text.HAL_UART_Transmit_DMA
                0x08005b00      0x100 ./Drivers/STM32G4xx_HAL_Driver/Src/stm32g4xx_hal_uart.o
                0x08005b00                HAL_UART_Transmit_DMA
 .text.HAL_UART_AbortReceive
                0x08005c00      0x16a ./Drivers/STM32G4xx_HAL_Driver/Src/stm32g4xx_hal_uart.o
                0x08005c00                HAL_UART_AbortReceive
 *fill*         0x08005d6a        0x2 
 .text.HAL_UART_IRQHandler
                0x08005d6c      0x6a8 ./Drivers/STM32G4xx_HAL_Driver/Src/stm32g4xx_hal_uart.o
                0x08005d6c                HAL_UART_IRQHandler
 .text.HAL_UART_TxCpltCallback
                0x08006414       0x14 ./Drivers/STM32G4xx_HAL_Driver/Src/stm32g4xx_hal_uart.o
                0x08006414                HAL_UART_TxCpltCallback
 .text.HAL_UART_TxHalfCpltCallback
                0x08006428       0x14 ./Drivers/STM32G4xx_HAL_Driver/Src/stm32g4xx_hal_uart.o
                0x08006428                HAL_UART_TxHalfCpltCallback
 .text.HAL_UART_RxCpltCallback
                0x0800643c       0x14 ./Drivers/STM32G4xx_HAL_Driver/Src/stm32g4xx_hal_uart.o
                0x0800643c                HAL_UART_RxCpltCallback
 .text.HAL_UART_RxHalfCpltCallback
                0x08006450       0x14 ./Drivers/STM32G4xx_HAL_Driver/Src/stm32g4xx_hal_uart.o
                0x08006450                HAL_UART_RxHalfCpltCallback
 .text.HAL_UART_ErrorCallback
                0x08006464       0x14 ./Drivers/STM32G4xx_HAL_Driver/Src/stm32g4xx_hal_uart.o
                0x08006464                HAL_UART_ErrorCallback
 .text.HAL_UART_AbortCpltCallback
                0x08006478       0x14 ./Drivers/STM32G4xx_HAL_Driver/Src/stm32g4xx_hal_uart.o
                0x08006478                HAL_UART_AbortCpltCallback
 .text.HAL_UART_AbortTransmitCpltCallback
                0x0800648c       0x14 ./Drivers/STM32G4xx_HAL_Driver/Src/stm32g4xx_hal_uart.o
                0x0800648c                HAL_UART_AbortTransmitCpltCallback
 .text.HAL_UART_AbortReceiveCpltCallback
                0x080064a0       0x14 ./Drivers/STM32G4xx_HAL_Driver/Src/stm32g4xx_hal_uart.o
                0x080064a0                HAL_UART_AbortReceiveCpltCallback
 .text.HAL_UARTEx_RxEventCallback
                0x080064b4       0x18 ./Drivers/STM32G4xx_HAL_Driver/Src/stm32g4xx_hal_uart.o
                0x080064b4                HAL_UARTEx_RxEventCallback
 .text.UART_InitCallbacksToDefault
                0x080064cc       0xa4 ./Drivers/STM32G4xx_HAL_Driver/Src/stm32g4xx_hal_uart.o
                0x080064cc                UART_InitCallbacksToDefault
 .text.UART_SetConfig
                0x08006570      0x5f8 ./Drivers/STM32G4xx_HAL_Driver/Src/stm32g4xx_hal_uart.o
                0x08006570                UART_SetConfig
 .text.UART_AdvFeatureConfig
                0x08006b68      0x144 ./Drivers/STM32G4xx_HAL_Driver/Src/stm32g4xx_hal_uart.o
                0x08006b68                UART_AdvFeatureConfig
 .text.UART_CheckIdleState
                0x08006cac      0x154 ./Drivers/STM32G4xx_HAL_Driver/Src/stm32g4xx_hal_uart.o
                0x08006cac                UART_CheckIdleState
 .text.UART_WaitOnFlagUntilTimeout
                0x08006e00       0xda ./Drivers/STM32G4xx_HAL_Driver/Src/stm32g4xx_hal_uart.o
                0x08006e00                UART_WaitOnFlagUntilTimeout
 *fill*         0x08006eda        0x2 
 .text.UART_Start_Receive_IT
                0x08006edc      0x244 ./Drivers/STM32G4xx_HAL_Driver/Src/stm32g4xx_hal_uart.o
                0x08006edc                UART_Start_Receive_IT
 .text.UART_EndTxTransfer
                0x08007120       0x82 ./Drivers/STM32G4xx_HAL_Driver/Src/stm32g4xx_hal_uart.o
 .text.UART_EndRxTransfer
                0x080071a2       0xcc ./Drivers/STM32G4xx_HAL_Driver/Src/stm32g4xx_hal_uart.o
 .text.UART_DMATransmitCplt
                0x0800726e       0x9e ./Drivers/STM32G4xx_HAL_Driver/Src/stm32g4xx_hal_uart.o
 .text.UART_DMATxHalfCplt
                0x0800730c       0x20 ./Drivers/STM32G4xx_HAL_Driver/Src/stm32g4xx_hal_uart.o
 .text.UART_DMAError
                0x0800732c       0x84 ./Drivers/STM32G4xx_HAL_Driver/Src/stm32g4xx_hal_uart.o
 .text.UART_DMAAbortOnError
                0x080073b0       0x28 ./Drivers/STM32G4xx_HAL_Driver/Src/stm32g4xx_hal_uart.o
 .text.UART_EndTransmit_IT
                0x080073d8       0x5a ./Drivers/STM32G4xx_HAL_Driver/Src/stm32g4xx_hal_uart.o
 *fill*         0x08007432        0x2 
 .text.UART_RxISR_8BIT
                0x08007434      0x1c0 ./Drivers/STM32G4xx_HAL_Driver/Src/stm32g4xx_hal_uart.o
 .text.UART_RxISR_16BIT
                0x080075f4      0x1c0 ./Drivers/STM32G4xx_HAL_Driver/Src/stm32g4xx_hal_uart.o
 .text.UART_RxISR_8BIT_FIFOEN
                0x080077b4      0x370 ./Drivers/STM32G4xx_HAL_Driver/Src/stm32g4xx_hal_uart.o
 .text.UART_RxISR_16BIT_FIFOEN
                0x08007b24      0x378 ./Drivers/STM32G4xx_HAL_Driver/Src/stm32g4xx_hal_uart.o
 .text.HAL_UARTEx_WakeupCallback
                0x08007e9c       0x14 ./Drivers/STM32G4xx_HAL_Driver/Src/stm32g4xx_hal_uart_ex.o
                0x08007e9c                HAL_UARTEx_WakeupCallback
 .text.HAL_UARTEx_RxFifoFullCallback
                0x08007eb0       0x14 ./Drivers/STM32G4xx_HAL_Driver/Src/stm32g4xx_hal_uart_ex.o
                0x08007eb0                HAL_UARTEx_RxFifoFullCallback
 .text.HAL_UARTEx_TxFifoEmptyCallback
                0x08007ec4       0x14 ./Drivers/STM32G4xx_HAL_Driver/Src/stm32g4xx_hal_uart_ex.o
                0x08007ec4                HAL_UARTEx_TxFifoEmptyCallback
 .text.HAL_UARTEx_DisableFifoMode
                0x08007ed8       0x72 ./Drivers/STM32G4xx_HAL_Driver/Src/stm32g4xx_hal_uart_ex.o
                0x08007ed8                HAL_UARTEx_DisableFifoMode
 .text.HAL_UARTEx_SetTxFifoThreshold
                0x08007f4a       0x7c ./Drivers/STM32G4xx_HAL_Driver/Src/stm32g4xx_hal_uart_ex.o
                0x08007f4a                HAL_UARTEx_SetTxFifoThreshold
 .text.HAL_UARTEx_SetRxFifoThreshold
                0x08007fc6       0x7c ./Drivers/STM32G4xx_HAL_Driver/Src/stm32g4xx_hal_uart_ex.o
                0x08007fc6                HAL_UARTEx_SetRxFifoThreshold
 *fill*         0x08008042        0x2 
 .text.UARTEx_SetNbDataToProcess
                0x08008044       0x9c ./Drivers/STM32G4xx_HAL_Driver/Src/stm32g4xx_hal_uart_ex.o
 .text.memset   0x080080e0       0x10 C:/ST/STM32CubeIDE_1.18.1/STM32CubeIDE/plugins/com.st.stm32cube.ide.mcu.externaltools.gnu-tools-for-stm32.13.3.rel1.win32_1.0.0.202411081344/tools/bin/../lib/gcc/arm-none-eabi/13.3.1/../../../../arm-none-eabi/lib/thumb/v7e-m+fp/hard\libc_nano.a(libc_a-memset.o)
                0x080080e0                memset
 .text.__libc_init_array
                0x080080f0       0x48 C:/ST/STM32CubeIDE_1.18.1/STM32CubeIDE/plugins/com.st.stm32cube.ide.mcu.externaltools.gnu-tools-for-stm32.13.3.rel1.win32_1.0.0.202411081344/tools/bin/../lib/gcc/arm-none-eabi/13.3.1/../../../../arm-none-eabi/lib/thumb/v7e-m+fp/hard\libc_nano.a(libc_a-init.o)
                0x080080f0                __libc_init_array
 .text.memcpy   0x08008138       0x1c C:/ST/STM32CubeIDE_1.18.1/STM32CubeIDE/plugins/com.st.stm32cube.ide.mcu.externaltools.gnu-tools-for-stm32.13.3.rel1.win32_1.0.0.202411081344/tools/bin/../lib/gcc/arm-none-eabi/13.3.1/../../../../arm-none-eabi/lib/thumb/v7e-m+fp/hard\libc_nano.a(libc_a-memcpy-stub.o)
                0x08008138                memcpy
 *(.glue_7)
 .glue_7        0x08008154        0x0 linker stubs
 *(.glue_7t)
 .glue_7t       0x08008154        0x0 linker stubs
 *(.eh_frame)
 .eh_frame      0x08008154        0x0 C:/ST/STM32CubeIDE_1.18.1/STM32CubeIDE/plugins/com.st.stm32cube.ide.mcu.externaltools.gnu-tools-for-stm32.13.3.rel1.win32_1.0.0.202411081344/tools/bin/../lib/gcc/arm-none-eabi/13.3.1/thumb/v7e-m+fp/hard/crtbegin.o
 *(.init)
 .init          0x08008154        0x4 C:/ST/STM32CubeIDE_1.18.1/STM32CubeIDE/plugins/com.st.stm32cube.ide.mcu.externaltools.gnu-tools-for-stm32.13.3.rel1.win32_1.0.0.202411081344/tools/bin/../lib/gcc/arm-none-eabi/13.3.1/thumb/v7e-m+fp/hard/crti.o
                0x08008154                _init
 .init          0x08008158        0x8 C:/ST/STM32CubeIDE_1.18.1/STM32CubeIDE/plugins/com.st.stm32cube.ide.mcu.externaltools.gnu-tools-for-stm32.13.3.rel1.win32_1.0.0.202411081344/tools/bin/../lib/gcc/arm-none-eabi/13.3.1/thumb/v7e-m+fp/hard/crtn.o
 *(.fini)
 .fini          0x08008160        0x4 C:/ST/STM32CubeIDE_1.18.1/STM32CubeIDE/plugins/com.st.stm32cube.ide.mcu.externaltools.gnu-tools-for-stm32.13.3.rel1.win32_1.0.0.202411081344/tools/bin/../lib/gcc/arm-none-eabi/13.3.1/thumb/v7e-m+fp/hard/crti.o
                0x08008160                _fini
 .fini          0x08008164        0x8 C:/ST/STM32CubeIDE_1.18.1/STM32CubeIDE/plugins/com.st.stm32cube.ide.mcu.externaltools.gnu-tools-for-stm32.13.3.rel1.win32_1.0.0.202411081344/tools/bin/../lib/gcc/arm-none-eabi/13.3.1/thumb/v7e-m+fp/hard/crtn.o
                0x0800816c                        . = ALIGN (0x4)
                0x0800816c                        _etext = .

.vfp11_veneer   0x0800816c        0x0
 .vfp11_veneer  0x0800816c        0x0 linker stubs

.v4_bx          0x0800816c        0x0
 .v4_bx         0x0800816c        0x0 linker stubs

.iplt           0x0800816c        0x0
 .iplt          0x0800816c        0x0 C:/ST/STM32CubeIDE_1.18.1/STM32CubeIDE/plugins/com.st.stm32cube.ide.mcu.externaltools.gnu-tools-for-stm32.13.3.rel1.win32_1.0.0.202411081344/tools/bin/../lib/gcc/arm-none-eabi/13.3.1/thumb/v7e-m+fp/hard/crtbegin.o

.rodata         0x0800816c       0x40
                0x0800816c                        . = ALIGN (0x4)
 *(.rodata)
 *(.rodata*)
 .rodata.AHBPrescTable
                0x0800816c       0x10 ./Core/Src/system_stm32g4xx.o
                0x0800816c                AHBPrescTable
 .rodata.APBPrescTable
                0x0800817c        0x8 ./Core/Src/system_stm32g4xx.o
                0x0800817c                APBPrescTable
 .rodata.UARTPrescTable
                0x08008184       0x18 ./Drivers/STM32G4xx_HAL_Driver/Src/stm32g4xx_hal_uart.o
                0x08008184                UARTPrescTable
 .rodata.numerator.1
                0x0800819c        0x8 ./Drivers/STM32G4xx_HAL_Driver/Src/stm32g4xx_hal_uart_ex.o
 .rodata.denominator.0
                0x080081a4        0x8 ./Drivers/STM32G4xx_HAL_Driver/Src/stm32g4xx_hal_uart_ex.o
                0x080081ac                        . = ALIGN (0x4)

.ARM.extab      0x080081ac        0x0
                0x080081ac                        . = ALIGN (0x4)
 *(.ARM.extab* .gnu.linkonce.armextab.*)
                0x080081ac                        . = ALIGN (0x4)

.ARM            0x080081ac        0x8
                0x080081ac                        . = ALIGN (0x4)
                0x080081ac                        __exidx_start = .
 *(.ARM.exidx*)
 .ARM.exidx     0x080081ac        0x8 C:/ST/STM32CubeIDE_1.18.1/STM32CubeIDE/plugins/com.st.stm32cube.ide.mcu.externaltools.gnu-tools-for-stm32.13.3.rel1.win32_1.0.0.202411081344/tools/bin/../lib/gcc/arm-none-eabi/13.3.1/thumb/v7e-m+fp/hard\libgcc.a(_udivmoddi4.o)
                0x080081b4                        __exidx_end = .
                0x080081b4                        . = ALIGN (0x4)

.preinit_array  0x080081b4        0x0
                0x080081b4                        . = ALIGN (0x4)
                0x080081b4                        PROVIDE (__preinit_array_start = .)
 *(.preinit_array*)
                0x080081b4                        PROVIDE (__preinit_array_end = .)
                0x080081b4                        . = ALIGN (0x4)

.init_array     0x080081b4        0x4
                0x080081b4                        . = ALIGN (0x4)
                0x080081b4                        PROVIDE (__init_array_start = .)
 *(SORT_BY_NAME(.init_array.*))
 *(.init_array*)
 .init_array    0x080081b4        0x4 C:/ST/STM32CubeIDE_1.18.1/STM32CubeIDE/plugins/com.st.stm32cube.ide.mcu.externaltools.gnu-tools-for-stm32.13.3.rel1.win32_1.0.0.202411081344/tools/bin/../lib/gcc/arm-none-eabi/13.3.1/thumb/v7e-m+fp/hard/crtbegin.o
                0x080081b8                        PROVIDE (__init_array_end = .)
                0x080081b8                        . = ALIGN (0x4)

.fini_array     0x080081b8        0x4
                0x080081b8                        . = ALIGN (0x4)
                [!provide]                        PROVIDE (__fini_array_start = .)
 *(SORT_BY_NAME(.fini_array.*))
 *(.fini_array*)
 .fini_array    0x080081b8        0x4 C:/ST/STM32CubeIDE_1.18.1/STM32CubeIDE/plugins/com.st.stm32cube.ide.mcu.externaltools.gnu-tools-for-stm32.13.3.rel1.win32_1.0.0.202411081344/tools/bin/../lib/gcc/arm-none-eabi/13.3.1/thumb/v7e-m+fp/hard/crtbegin.o
                [!provide]                        PROVIDE (__fini_array_end = .)
                0x080081bc                        . = ALIGN (0x4)
                0x080081bc                        _sidata = LOADADDR (.data)

.rel.dyn        0x080081bc        0x0
 .rel.iplt      0x080081bc        0x0 C:/ST/STM32CubeIDE_1.18.1/STM32CubeIDE/plugins/com.st.stm32cube.ide.mcu.externaltools.gnu-tools-for-stm32.13.3.rel1.win32_1.0.0.202411081344/tools/bin/../lib/gcc/arm-none-eabi/13.3.1/thumb/v7e-m+fp/hard/crtbegin.o

.data           0x20000000      0x20c load address 0x080081bc
                0x20000000                        . = ALIGN (0x4)
                0x20000000                        _sdata = .
 *(.data)
 *(.data*)
 .data.auchCRCLo
                0x20000000      0x100 ./Core/Src/ModBusRTU.o
 .data.auchCRCHi
                0x20000100      0x100 ./Core/Src/ModBusRTU.o
 .data.SystemCoreClock
                0x20000200        0x4 ./Core/Src/system_stm32g4xx.o
                0x20000200                SystemCoreClock
 .data.uwTickPrio
                0x20000204        0x4 ./Drivers/STM32G4xx_HAL_Driver/Src/stm32g4xx_hal.o
                0x20000204                uwTickPrio
 .data.uwTickFreq
                0x20000208        0x4 ./Drivers/STM32G4xx_HAL_Driver/Src/stm32g4xx_hal.o
                0x20000208                uwTickFreq
 *(.RamFunc)
 *(.RamFunc*)
                0x2000020c                        . = ALIGN (0x4)
                0x2000020c                        _edata = .

.igot.plt       0x2000020c        0x0 load address 0x080083c8
 .igot.plt      0x2000020c        0x0 C:/ST/STM32CubeIDE_1.18.1/STM32CubeIDE/plugins/com.st.stm32cube.ide.mcu.externaltools.gnu-tools-for-stm32.13.3.rel1.win32_1.0.0.202411081344/tools/bin/../lib/gcc/arm-none-eabi/13.3.1/thumb/v7e-m+fp/hard/crtbegin.o
                0x2000020c                        . = ALIGN (0x4)

.bss            0x2000020c      0x95c load address 0x080083c8
                0x2000020c                        _sbss = .
                0x2000020c                        __bss_start__ = _sbss
 *(.bss)
 .bss           0x2000020c       0x1c C:/ST/STM32CubeIDE_1.18.1/STM32CubeIDE/plugins/com.st.stm32cube.ide.mcu.externaltools.gnu-tools-for-stm32.13.3.rel1.win32_1.0.0.202411081344/tools/bin/../lib/gcc/arm-none-eabi/13.3.1/thumb/v7e-m+fp/hard/crtbegin.o
 *(.bss*)
 .bss.hModbus   0x20000228        0x4 ./Core/Src/ModBusRTU.o
                0x20000228                hModbus
 .bss.htim8     0x2000022c       0xcc ./Core/Src/main.o
                0x2000022c                htim8
 .bss.htim16    0x200002f8       0xcc ./Core/Src/main.o
                0x200002f8                htim16
 .bss.huart2    0x200003c4       0xcc ./Core/Src/main.o
                0x200003c4                huart2
 .bss.hdma_usart2_tx
                0x20000490       0x60 ./Core/Src/main.o
                0x20000490                hdma_usart2_tx
 .bss.hmodbus   0x200004f0      0x4d8 ./Core/Src/main.o
                0x200004f0                hmodbus
 .bss.registerFrame
                0x200009c8      0x190 ./Core/Src/main.o
                0x200009c8                registerFrame
 .bss.R_goal    0x20000b58        0x4 ./Core/Src/main.o
                0x20000b58                R_goal
 .bss.theta_goal
                0x20000b5c        0x4 ./Core/Src/main.o
                0x20000b5c                theta_goal
 .bss.status_Base
                0x20000b60        0x1 ./Core/Src/main.o
                0x20000b60                status_Base
 .bss.status_moving
                0x20000b61        0x1 ./Core/Src/main.o
                0x20000b61                status_moving
 .bss.A         0x20000b62        0x1 ./Core/Src/main.o
                0x20000b62                A
 *fill*         0x20000b63        0x1 
 .bss.uwTick    0x20000b64        0x4 ./Drivers/STM32G4xx_HAL_Driver/Src/stm32g4xx_hal.o
                0x20000b64                uwTick
 *(COMMON)
                0x20000b68                        . = ALIGN (0x4)
                0x20000b68                        _ebss = .
                0x20000b68                        __bss_end__ = _ebss

._user_heap_stack
                0x20000b68      0x600 load address 0x080083c8
                0x20000b68                        . = ALIGN (0x8)
                [!provide]                        PROVIDE (end = .)
                0x20000b68                        PROVIDE (_end = .)
                0x20000d68                        . = (. + _Min_Heap_Size)
 *fill*         0x20000b68      0x200 
                0x20001168                        . = (. + _Min_Stack_Size)
 *fill*         0x20000d68      0x400 
                0x20001168                        . = ALIGN (0x8)

/DISCARD/
 libc.a(*)
 libm.a(*)
 libgcc.a(*)

.ARM.attributes
                0x00000000       0x30
 *(.ARM.attributes)
 .ARM.attributes
                0x00000000       0x22 C:/ST/STM32CubeIDE_1.18.1/STM32CubeIDE/plugins/com.st.stm32cube.ide.mcu.externaltools.gnu-tools-for-stm32.13.3.rel1.win32_1.0.0.202411081344/tools/bin/../lib/gcc/arm-none-eabi/13.3.1/thumb/v7e-m+fp/hard/crti.o
 .ARM.attributes
                0x00000022       0x34 C:/ST/STM32CubeIDE_1.18.1/STM32CubeIDE/plugins/com.st.stm32cube.ide.mcu.externaltools.gnu-tools-for-stm32.13.3.rel1.win32_1.0.0.202411081344/tools/bin/../lib/gcc/arm-none-eabi/13.3.1/thumb/v7e-m+fp/hard/crtbegin.o
 .ARM.attributes
                0x00000056       0x34 ./Core/Src/Based_System_Communication.o
 .ARM.attributes
                0x0000008a       0x34 ./Core/Src/ModBusRTU.o
 .ARM.attributes
                0x000000be       0x34 ./Core/Src/main.o
 .ARM.attributes
                0x000000f2       0x34 ./Core/Src/stm32g4xx_hal_msp.o
 .ARM.attributes
                0x00000126       0x34 ./Core/Src/stm32g4xx_it.o
 .ARM.attributes
                0x0000015a       0x34 ./Core/Src/system_stm32g4xx.o
 .ARM.attributes
                0x0000018e       0x21 ./Core/Startup/startup_stm32g474retx.o
 .ARM.attributes
                0x000001af       0x34 ./Drivers/STM32G4xx_HAL_Driver/Src/stm32g4xx_hal.o
 .ARM.attributes
                0x000001e3       0x34 ./Drivers/STM32G4xx_HAL_Driver/Src/stm32g4xx_hal_cortex.o
 .ARM.attributes
                0x00000217       0x34 ./Drivers/STM32G4xx_HAL_Driver/Src/stm32g4xx_hal_dma.o
 .ARM.attributes
                0x0000024b       0x34 ./Drivers/STM32G4xx_HAL_Driver/Src/stm32g4xx_hal_gpio.o
 .ARM.attributes
                0x0000027f       0x34 ./Drivers/STM32G4xx_HAL_Driver/Src/stm32g4xx_hal_pwr_ex.o
 .ARM.attributes
                0x000002b3       0x34 ./Drivers/STM32G4xx_HAL_Driver/Src/stm32g4xx_hal_rcc.o
 .ARM.attributes
                0x000002e7       0x34 ./Drivers/STM32G4xx_HAL_Driver/Src/stm32g4xx_hal_rcc_ex.o
 .ARM.attributes
                0x0000031b       0x34 ./Drivers/STM32G4xx_HAL_Driver/Src/stm32g4xx_hal_tim.o
 .ARM.attributes
                0x0000034f       0x34 ./Drivers/STM32G4xx_HAL_Driver/Src/stm32g4xx_hal_tim_ex.o
 .ARM.attributes
                0x00000383       0x34 ./Drivers/STM32G4xx_HAL_Driver/Src/stm32g4xx_hal_uart.o
 .ARM.attributes
                0x000003b7       0x34 ./Drivers/STM32G4xx_HAL_Driver/Src/stm32g4xx_hal_uart_ex.o
 .ARM.attributes
                0x000003eb       0x34 C:/ST/STM32CubeIDE_1.18.1/STM32CubeIDE/plugins/com.st.stm32cube.ide.mcu.externaltools.gnu-tools-for-stm32.13.3.rel1.win32_1.0.0.202411081344/tools/bin/../lib/gcc/arm-none-eabi/13.3.1/../../../../arm-none-eabi/lib/thumb/v7e-m+fp/hard\libc_nano.a(libc_a-memset.o)
 .ARM.attributes
                0x0000041f       0x34 C:/ST/STM32CubeIDE_1.18.1/STM32CubeIDE/plugins/com.st.stm32cube.ide.mcu.externaltools.gnu-tools-for-stm32.13.3.rel1.win32_1.0.0.202411081344/tools/bin/../lib/gcc/arm-none-eabi/13.3.1/../../../../arm-none-eabi/lib/thumb/v7e-m+fp/hard\libc_nano.a(libc_a-init.o)
 .ARM.attributes
                0x00000453       0x34 C:/ST/STM32CubeIDE_1.18.1/STM32CubeIDE/plugins/com.st.stm32cube.ide.mcu.externaltools.gnu-tools-for-stm32.13.3.rel1.win32_1.0.0.202411081344/tools/bin/../lib/gcc/arm-none-eabi/13.3.1/../../../../arm-none-eabi/lib/thumb/v7e-m+fp/hard\libc_nano.a(libc_a-memcpy-stub.o)
 .ARM.attributes
                0x00000487       0x22 C:/ST/STM32CubeIDE_1.18.1/STM32CubeIDE/plugins/com.st.stm32cube.ide.mcu.externaltools.gnu-tools-for-stm32.13.3.rel1.win32_1.0.0.202411081344/tools/bin/../lib/gcc/arm-none-eabi/13.3.1/thumb/v7e-m+fp/hard\libgcc.a(_arm_addsubdf3.o)
 .ARM.attributes
                0x000004a9       0x22 C:/ST/STM32CubeIDE_1.18.1/STM32CubeIDE/plugins/com.st.stm32cube.ide.mcu.externaltools.gnu-tools-for-stm32.13.3.rel1.win32_1.0.0.202411081344/tools/bin/../lib/gcc/arm-none-eabi/13.3.1/thumb/v7e-m+fp/hard\libgcc.a(_arm_muldivdf3.o)
 .ARM.attributes
                0x000004cb       0x22 C:/ST/STM32CubeIDE_1.18.1/STM32CubeIDE/plugins/com.st.stm32cube.ide.mcu.externaltools.gnu-tools-for-stm32.13.3.rel1.win32_1.0.0.202411081344/tools/bin/../lib/gcc/arm-none-eabi/13.3.1/thumb/v7e-m+fp/hard\libgcc.a(_arm_fixunsdfsi.o)
 .ARM.attributes
                0x000004ed       0x22 C:/ST/STM32CubeIDE_1.18.1/STM32CubeIDE/plugins/com.st.stm32cube.ide.mcu.externaltools.gnu-tools-for-stm32.13.3.rel1.win32_1.0.0.202411081344/tools/bin/../lib/gcc/arm-none-eabi/13.3.1/thumb/v7e-m+fp/hard\libgcc.a(_aeabi_uldivmod.o)
 .ARM.attributes
                0x0000050f       0x34 C:/ST/STM32CubeIDE_1.18.1/STM32CubeIDE/plugins/com.st.stm32cube.ide.mcu.externaltools.gnu-tools-for-stm32.13.3.rel1.win32_1.0.0.202411081344/tools/bin/../lib/gcc/arm-none-eabi/13.3.1/thumb/v7e-m+fp/hard\libgcc.a(_udivmoddi4.o)
 .ARM.attributes
                0x00000543       0x22 C:/ST/STM32CubeIDE_1.18.1/STM32CubeIDE/plugins/com.st.stm32cube.ide.mcu.externaltools.gnu-tools-for-stm32.13.3.rel1.win32_1.0.0.202411081344/tools/bin/../lib/gcc/arm-none-eabi/13.3.1/thumb/v7e-m+fp/hard\libgcc.a(_dvmd_tls.o)
 .ARM.attributes
                0x00000565       0x22 C:/ST/STM32CubeIDE_1.18.1/STM32CubeIDE/plugins/com.st.stm32cube.ide.mcu.externaltools.gnu-tools-for-stm32.13.3.rel1.win32_1.0.0.202411081344/tools/bin/../lib/gcc/arm-none-eabi/13.3.1/thumb/v7e-m+fp/hard/crtn.o
OUTPUT(Modbus_Test.elf elf32-littlearm)
LOAD linker stubs
LOAD C:/ST/STM32CubeIDE_1.18.1/STM32CubeIDE/plugins/com.st.stm32cube.ide.mcu.externaltools.gnu-tools-for-stm32.13.3.rel1.win32_1.0.0.202411081344/tools/bin/../lib/gcc/arm-none-eabi/13.3.1/../../../../arm-none-eabi/lib/thumb/v7e-m+fp/hard\libc.a
LOAD C:/ST/STM32CubeIDE_1.18.1/STM32CubeIDE/plugins/com.st.stm32cube.ide.mcu.externaltools.gnu-tools-for-stm32.13.3.rel1.win32_1.0.0.202411081344/tools/bin/../lib/gcc/arm-none-eabi/13.3.1/../../../../arm-none-eabi/lib/thumb/v7e-m+fp/hard\libm.a
LOAD C:/ST/STM32CubeIDE_1.18.1/STM32CubeIDE/plugins/com.st.stm32cube.ide.mcu.externaltools.gnu-tools-for-stm32.13.3.rel1.win32_1.0.0.202411081344/tools/bin/../lib/gcc/arm-none-eabi/13.3.1/thumb/v7e-m+fp/hard\libgcc.a

.debug_info     0x00000000    0x169fe
 .debug_info    0x00000000     0x13ef ./Core/Src/Based_System_Communication.o
 .debug_info    0x000013ef     0x1583 ./Core/Src/ModBusRTU.o
 .debug_info    0x00002972     0x1de2 ./Core/Src/main.o
 .debug_info    0x00004754     0x17f1 ./Core/Src/stm32g4xx_hal_msp.o
 .debug_info    0x00005f45      0xf35 ./Core/Src/stm32g4xx_it.o
 .debug_info    0x00006e7a      0x58e ./Core/Src/system_stm32g4xx.o
 .debug_info    0x00007408       0x30 ./Core/Startup/startup_stm32g474retx.o
 .debug_info    0x00007438      0xb95 ./Drivers/STM32G4xx_HAL_Driver/Src/stm32g4xx_hal.o
 .debug_info    0x00007fcd      0xdf9 ./Drivers/STM32G4xx_HAL_Driver/Src/stm32g4xx_hal_cortex.o
 .debug_info    0x00008dc6      0x85f ./Drivers/STM32G4xx_HAL_Driver/Src/stm32g4xx_hal_dma.o
 .debug_info    0x00009625      0x763 ./Drivers/STM32G4xx_HAL_Driver/Src/stm32g4xx_hal_gpio.o
 .debug_info    0x00009d88      0x93f ./Drivers/STM32G4xx_HAL_Driver/Src/stm32g4xx_hal_pwr_ex.o
 .debug_info    0x0000a6c7      0xbe0 ./Drivers/STM32G4xx_HAL_Driver/Src/stm32g4xx_hal_rcc.o
 .debug_info    0x0000b2a7      0xc45 ./Drivers/STM32G4xx_HAL_Driver/Src/stm32g4xx_hal_rcc_ex.o
 .debug_info    0x0000beec     0x301a ./Drivers/STM32G4xx_HAL_Driver/Src/stm32g4xx_hal_tim.o
 .debug_info    0x0000ef06     0x1f5e ./Drivers/STM32G4xx_HAL_Driver/Src/stm32g4xx_hal_tim_ex.o
 .debug_info    0x00010e64     0x4ad2 ./Drivers/STM32G4xx_HAL_Driver/Src/stm32g4xx_hal_uart.o
 .debug_info    0x00015936     0x10c8 ./Drivers/STM32G4xx_HAL_Driver/Src/stm32g4xx_hal_uart_ex.o

.debug_abbrev   0x00000000     0x2b5e
 .debug_abbrev  0x00000000      0x28c ./Core/Src/Based_System_Communication.o
 .debug_abbrev  0x0000028c      0x364 ./Core/Src/ModBusRTU.o
 .debug_abbrev  0x000005f0      0x3d2 ./Core/Src/main.o
 .debug_abbrev  0x000009c2      0x283 ./Core/Src/stm32g4xx_hal_msp.o
 .debug_abbrev  0x00000c45      0x1dd ./Core/Src/stm32g4xx_it.o
 .debug_abbrev  0x00000e22      0x11a ./Core/Src/system_stm32g4xx.o
 .debug_abbrev  0x00000f3c       0x24 ./Core/Startup/startup_stm32g474retx.o
 .debug_abbrev  0x00000f60      0x271 ./Drivers/STM32G4xx_HAL_Driver/Src/stm32g4xx_hal.o
 .debug_abbrev  0x000011d1      0x31c ./Drivers/STM32G4xx_HAL_Driver/Src/stm32g4xx_hal_cortex.o
 .debug_abbrev  0x000014ed      0x1e2 ./Drivers/STM32G4xx_HAL_Driver/Src/stm32g4xx_hal_dma.o
 .debug_abbrev  0x000016cf      0x1cb ./Drivers/STM32G4xx_HAL_Driver/Src/stm32g4xx_hal_gpio.o
 .debug_abbrev  0x0000189a      0x22c ./Drivers/STM32G4xx_HAL_Driver/Src/stm32g4xx_hal_pwr_ex.o
 .debug_abbrev  0x00001ac6      0x2c9 ./Drivers/STM32G4xx_HAL_Driver/Src/stm32g4xx_hal_rcc.o
 .debug_abbrev  0x00001d8f      0x258 ./Drivers/STM32G4xx_HAL_Driver/Src/stm32g4xx_hal_rcc_ex.o
 .debug_abbrev  0x00001fe7      0x2b8 ./Drivers/STM32G4xx_HAL_Driver/Src/stm32g4xx_hal_tim.o
 .debug_abbrev  0x0000229f      0x2d6 ./Drivers/STM32G4xx_HAL_Driver/Src/stm32g4xx_hal_tim_ex.o
 .debug_abbrev  0x00002575      0x317 ./Drivers/STM32G4xx_HAL_Driver/Src/stm32g4xx_hal_uart.o
 .debug_abbrev  0x0000288c      0x2d2 ./Drivers/STM32G4xx_HAL_Driver/Src/stm32g4xx_hal_uart_ex.o

.debug_aranges  0x00000000     0x11a8
 .debug_aranges
                0x00000000       0xa0 ./Core/Src/Based_System_Communication.o
 .debug_aranges
                0x000000a0       0x70 ./Core/Src/ModBusRTU.o
 .debug_aranges
                0x00000110       0x58 ./Core/Src/main.o
 .debug_aranges
                0x00000168       0x48 ./Core/Src/stm32g4xx_hal_msp.o
 .debug_aranges
                0x000001b0       0x78 ./Core/Src/stm32g4xx_it.o
 .debug_aranges
                0x00000228       0x28 ./Core/Src/system_stm32g4xx.o
 .debug_aranges
                0x00000250       0x28 ./Core/Startup/startup_stm32g474retx.o
 .debug_aranges
                0x00000278      0x148 ./Drivers/STM32G4xx_HAL_Driver/Src/stm32g4xx_hal.o
 .debug_aranges
                0x000003c0      0x128 ./Drivers/STM32G4xx_HAL_Driver/Src/stm32g4xx_hal_cortex.o
 .debug_aranges
                0x000004e8       0x90 ./Drivers/STM32G4xx_HAL_Driver/Src/stm32g4xx_hal_dma.o
 .debug_aranges
                0x00000578       0x58 ./Drivers/STM32G4xx_HAL_Driver/Src/stm32g4xx_hal_gpio.o
 .debug_aranges
                0x000005d0      0x140 ./Drivers/STM32G4xx_HAL_Driver/Src/stm32g4xx_hal_pwr_ex.o
 .debug_aranges
                0x00000710       0x98 ./Drivers/STM32G4xx_HAL_Driver/Src/stm32g4xx_hal_rcc.o
 .debug_aranges
                0x000007a8       0xb0 ./Drivers/STM32G4xx_HAL_Driver/Src/stm32g4xx_hal_rcc_ex.o
 .debug_aranges
                0x00000858      0x3f8 ./Drivers/STM32G4xx_HAL_Driver/Src/stm32g4xx_hal_tim.o
 .debug_aranges
                0x00000c50      0x240 ./Drivers/STM32G4xx_HAL_Driver/Src/stm32g4xx_hal_tim_ex.o
 .debug_aranges
                0x00000e90      0x270 ./Drivers/STM32G4xx_HAL_Driver/Src/stm32g4xx_hal_uart.o
 .debug_aranges
                0x00001100       0xa8 ./Drivers/STM32G4xx_HAL_Driver/Src/stm32g4xx_hal_uart_ex.o

.debug_rnglists
                0x00000000      0xdcf
 .debug_rnglists
                0x00000000       0x74 ./Core/Src/Based_System_Communication.o
 .debug_rnglists
                0x00000074       0x54 ./Core/Src/ModBusRTU.o
 .debug_rnglists
                0x000000c8       0x42 ./Core/Src/main.o
 .debug_rnglists
                0x0000010a       0x32 ./Core/Src/stm32g4xx_hal_msp.o
 .debug_rnglists
                0x0000013c       0x55 ./Core/Src/stm32g4xx_it.o
 .debug_rnglists
                0x00000191       0x1a ./Core/Src/system_stm32g4xx.o
 .debug_rnglists
                0x000001ab       0x19 ./Core/Startup/startup_stm32g474retx.o
 .debug_rnglists
                0x000001c4       0xf1 ./Drivers/STM32G4xx_HAL_Driver/Src/stm32g4xx_hal.o
 .debug_rnglists
                0x000002b5       0xda ./Drivers/STM32G4xx_HAL_Driver/Src/stm32g4xx_hal_cortex.o
 .debug_rnglists
                0x0000038f       0x71 ./Drivers/STM32G4xx_HAL_Driver/Src/stm32g4xx_hal_dma.o
 .debug_rnglists
                0x00000400       0x3f ./Drivers/STM32G4xx_HAL_Driver/Src/stm32g4xx_hal_gpio.o
 .debug_rnglists
                0x0000043f       0xf1 ./Drivers/STM32G4xx_HAL_Driver/Src/stm32g4xx_hal_pwr_ex.o
 .debug_rnglists
                0x00000530       0x74 ./Drivers/STM32G4xx_HAL_Driver/Src/stm32g4xx_hal_rcc.o
 .debug_rnglists
                0x000005a4       0x87 ./Drivers/STM32G4xx_HAL_Driver/Src/stm32g4xx_hal_rcc_ex.o
 .debug_rnglists
                0x0000062b      0x33d ./Drivers/STM32G4xx_HAL_Driver/Src/stm32g4xx_hal_tim.o
 .debug_rnglists
                0x00000968      0x1cc ./Drivers/STM32G4xx_HAL_Driver/Src/stm32g4xx_hal_tim_ex.o
 .debug_rnglists
                0x00000b34      0x21c ./Drivers/STM32G4xx_HAL_Driver/Src/stm32g4xx_hal_uart.o
 .debug_rnglists
                0x00000d50       0x7f ./Drivers/STM32G4xx_HAL_Driver/Src/stm32g4xx_hal_uart_ex.o

.debug_macro    0x00000000    0x26739
 .debug_macro   0x00000000      0x2b6 ./Core/Src/Based_System_Communication.o
 .debug_macro   0x000002b6      0xad8 ./Core/Src/Based_System_Communication.o
 .debug_macro   0x00000d8e      0x15b ./Core/Src/Based_System_Communication.o
 .debug_macro   0x00000ee9       0x2e ./Core/Src/Based_System_Communication.o
 .debug_macro   0x00000f17       0x28 ./Core/Src/Based_System_Communication.o
 .debug_macro   0x00000f3f       0x22 ./Core/Src/Based_System_Communication.o
 .debug_macro   0x00000f61       0x8e ./Core/Src/Based_System_Communication.o
 .debug_macro   0x00000fef       0x51 ./Core/Src/Based_System_Communication.o
 .debug_macro   0x00001040      0x103 ./Core/Src/Based_System_Communication.o
 .debug_macro   0x00001143       0x6a ./Core/Src/Based_System_Communication.o
 .debug_macro   0x000011ad      0x1df ./Core/Src/Based_System_Communication.o
 .debug_macro   0x0000138c       0x1c ./Core/Src/Based_System_Communication.o
 .debug_macro   0x000013a8       0x22 ./Core/Src/Based_System_Communication.o
 .debug_macro   0x000013ca       0xfb ./Core/Src/Based_System_Communication.o
 .debug_macro   0x000014c5     0x1011 ./Core/Src/Based_System_Communication.o
 .debug_macro   0x000024d6      0x11f ./Core/Src/Based_System_Communication.o
 .debug_macro   0x000025f5    0x18b8c ./Core/Src/Based_System_Communication.o
 .debug_macro   0x0001b181       0x6d ./Core/Src/Based_System_Communication.o
 .debug_macro   0x0001b1ee     0x3558 ./Core/Src/Based_System_Communication.o
 .debug_macro   0x0001e746      0x190 ./Core/Src/Based_System_Communication.o
 .debug_macro   0x0001e8d6       0x5c ./Core/Src/Based_System_Communication.o
 .debug_macro   0x0001e932     0x171f ./Core/Src/Based_System_Communication.o
 .debug_macro   0x00020051      0x600 ./Core/Src/Based_System_Communication.o
 .debug_macro   0x00020651      0x1b6 ./Core/Src/Based_System_Communication.o
 .debug_macro   0x00020807      0x34a ./Core/Src/Based_System_Communication.o
 .debug_macro   0x00020b51      0x53c ./Core/Src/Based_System_Communication.o
 .debug_macro   0x0002108d      0x18b ./Core/Src/Based_System_Communication.o
 .debug_macro   0x00021218       0x43 ./Core/Src/Based_System_Communication.o
 .debug_macro   0x0002125b      0x23d ./Core/Src/Based_System_Communication.o
 .debug_macro   0x00021498      0x211 ./Core/Src/Based_System_Communication.o
 .debug_macro   0x000216a9      0x45c ./Core/Src/Based_System_Communication.o
 .debug_macro   0x00021b05      0x11c ./Core/Src/Based_System_Communication.o
 .debug_macro   0x00021c21      0x122 ./Core/Src/Based_System_Communication.o
 .debug_macro   0x00021d43      0x3d1 ./Core/Src/Based_System_Communication.o
 .debug_macro   0x00022114      0xc0b ./Core/Src/Based_System_Communication.o
 .debug_macro   0x00022d1f      0x718 ./Core/Src/Based_System_Communication.o
 .debug_macro   0x00023437      0x69a ./Core/Src/Based_System_Communication.o
 .debug_macro   0x00023ad1       0xa6 ./Core/Src/Based_System_Communication.o
 .debug_macro   0x00023b77      0x358 ./Core/Src/Based_System_Communication.o
 .debug_macro   0x00023ecf       0x61 ./Core/Src/Based_System_Communication.o
 .debug_macro   0x00023f30       0x2a ./Core/Src/Based_System_Communication.o
 .debug_macro   0x00023f5a       0x43 ./Core/Src/Based_System_Communication.o
 .debug_macro   0x00023f9d       0x34 ./Core/Src/Based_System_Communication.o
 .debug_macro   0x00023fd1      0x370 ./Core/Src/Based_System_Communication.o
 .debug_macro   0x00024341       0x16 ./Core/Src/Based_System_Communication.o
 .debug_macro   0x00024357       0x4a ./Core/Src/Based_System_Communication.o
 .debug_macro   0x000243a1       0x34 ./Core/Src/Based_System_Communication.o
 .debug_macro   0x000243d5       0x10 ./Core/Src/Based_System_Communication.o
 .debug_macro   0x000243e5       0x58 ./Core/Src/Based_System_Communication.o
 .debug_macro   0x0002443d       0x8e ./Core/Src/Based_System_Communication.o
 .debug_macro   0x000244cb       0x1c ./Core/Src/Based_System_Communication.o
 .debug_macro   0x000244e7      0x185 ./Core/Src/Based_System_Communication.o
 .debug_macro   0x0002466c       0x10 ./Core/Src/Based_System_Communication.o
 .debug_macro   0x0002467c       0x3c ./Core/Src/Based_System_Communication.o
 .debug_macro   0x000246b8       0x20 ./Core/Src/Based_System_Communication.o
 .debug_macro   0x000246d8      0x2b2 ./Core/Src/ModBusRTU.o
 .debug_macro   0x0002498a      0x2bb ./Core/Src/main.o
 .debug_macro   0x00024c45       0x58 ./Core/Src/main.o
 .debug_macro   0x00024c9d      0x1dd ./Core/Src/stm32g4xx_hal_msp.o
 .debug_macro   0x00024e7a      0x1e7 ./Core/Src/stm32g4xx_it.o
 .debug_macro   0x00025061      0x1ce ./Core/Src/system_stm32g4xx.o
 .debug_macro   0x0002522f      0x21c ./Drivers/STM32G4xx_HAL_Driver/Src/stm32g4xx_hal.o
 .debug_macro   0x0002544b      0x1ce ./Drivers/STM32G4xx_HAL_Driver/Src/stm32g4xx_hal_cortex.o
 .debug_macro   0x00025619      0x1ce ./Drivers/STM32G4xx_HAL_Driver/Src/stm32g4xx_hal_dma.o
 .debug_macro   0x000257e7      0x1d5 ./Drivers/STM32G4xx_HAL_Driver/Src/stm32g4xx_hal_gpio.o
 .debug_macro   0x000259bc      0x1f8 ./Drivers/STM32G4xx_HAL_Driver/Src/stm32g4xx_hal_pwr_ex.o
 .debug_macro   0x00025bb4      0x210 ./Drivers/STM32G4xx_HAL_Driver/Src/stm32g4xx_hal_rcc.o
 .debug_macro   0x00025dc4      0x1f8 ./Drivers/STM32G4xx_HAL_Driver/Src/stm32g4xx_hal_rcc_ex.o
 .debug_macro   0x00025fbc      0x1d6 ./Drivers/STM32G4xx_HAL_Driver/Src/stm32g4xx_hal_tim.o
 .debug_macro   0x00026192      0x1d4 ./Drivers/STM32G4xx_HAL_Driver/Src/stm32g4xx_hal_tim_ex.o
 .debug_macro   0x00026366      0x1f9 ./Drivers/STM32G4xx_HAL_Driver/Src/stm32g4xx_hal_uart.o
 .debug_macro   0x0002655f      0x1da ./Drivers/STM32G4xx_HAL_Driver/Src/stm32g4xx_hal_uart_ex.o

.debug_line     0x00000000    0x149c7
 .debug_line    0x00000000      0xb68 ./Core/Src/Based_System_Communication.o
 .debug_line    0x00000b68      0xd2f ./Core/Src/ModBusRTU.o
 .debug_line    0x00001897      0xb91 ./Core/Src/main.o
 .debug_line    0x00002428      0x87d ./Core/Src/stm32g4xx_hal_msp.o
 .debug_line    0x00002ca5      0x858 ./Core/Src/stm32g4xx_it.o
 .debug_line    0x000034fd      0x7ce ./Core/Src/system_stm32g4xx.o
 .debug_line    0x00003ccb       0x7b ./Core/Startup/startup_stm32g474retx.o
 .debug_line    0x00003d46      0xb9a ./Drivers/STM32G4xx_HAL_Driver/Src/stm32g4xx_hal.o
 .debug_line    0x000048e0      0xcff ./Drivers/STM32G4xx_HAL_Driver/Src/stm32g4xx_hal_cortex.o
 .debug_line    0x000055df      0xe99 ./Drivers/STM32G4xx_HAL_Driver/Src/stm32g4xx_hal_dma.o
 .debug_line    0x00006478      0xb73 ./Drivers/STM32G4xx_HAL_Driver/Src/stm32g4xx_hal_gpio.o
 .debug_line    0x00006feb      0xcf9 ./Drivers/STM32G4xx_HAL_Driver/Src/stm32g4xx_hal_pwr_ex.o
 .debug_line    0x00007ce4     0x101d ./Drivers/STM32G4xx_HAL_Driver/Src/stm32g4xx_hal_rcc.o
 .debug_line    0x00008d01     0x1292 ./Drivers/STM32G4xx_HAL_Driver/Src/stm32g4xx_hal_rcc_ex.o
 .debug_line    0x00009f93     0x4414 ./Drivers/STM32G4xx_HAL_Driver/Src/stm32g4xx_hal_tim.o
 .debug_line    0x0000e3a7     0x20c2 ./Drivers/STM32G4xx_HAL_Driver/Src/stm32g4xx_hal_tim_ex.o
 .debug_line    0x00010469     0x3882 ./Drivers/STM32G4xx_HAL_Driver/Src/stm32g4xx_hal_uart.o
 .debug_line    0x00013ceb      0xcdc ./Drivers/STM32G4xx_HAL_Driver/Src/stm32g4xx_hal_uart_ex.o

.debug_str      0x00000000    0xfc6d4
 .debug_str     0x00000000    0xfc6d4 ./Core/Src/Based_System_Communication.o
                              0xf7239 (size before relaxing)
 .debug_str     0x000fc6d4    0xf791d ./Core/Src/ModBusRTU.o
 .debug_str     0x000fc6d4    0xf7f62 ./Core/Src/main.o
 .debug_str     0x000fc6d4    0xf471e ./Core/Src/stm32g4xx_hal_msp.o
 .debug_str     0x000fc6d4    0xf3d29 ./Core/Src/stm32g4xx_it.o
 .debug_str     0x000fc6d4    0xf3014 ./Core/Src/system_stm32g4xx.o
 .debug_str     0x000fc6d4       0x8b ./Core/Startup/startup_stm32g474retx.o
 .debug_str     0x000fc6d4    0xf3d26 ./Drivers/STM32G4xx_HAL_Driver/Src/stm32g4xx_hal.o
 .debug_str     0x000fc6d4    0xf39e2 ./Drivers/STM32G4xx_HAL_Driver/Src/stm32g4xx_hal_cortex.o
 .debug_str     0x000fc6d4    0xf33ee ./Drivers/STM32G4xx_HAL_Driver/Src/stm32g4xx_hal_dma.o
 .debug_str     0x000fc6d4    0xf319f ./Drivers/STM32G4xx_HAL_Driver/Src/stm32g4xx_hal_gpio.o
 .debug_str     0x000fc6d4    0xf3502 ./Drivers/STM32G4xx_HAL_Driver/Src/stm32g4xx_hal_pwr_ex.o
 .debug_str     0x000fc6d4    0xf3733 ./Drivers/STM32G4xx_HAL_Driver/Src/stm32g4xx_hal_rcc.o
 .debug_str     0x000fc6d4    0xf375d ./Drivers/STM32G4xx_HAL_Driver/Src/stm32g4xx_hal_rcc_ex.o
 .debug_str     0x000fc6d4    0xf4c75 ./Drivers/STM32G4xx_HAL_Driver/Src/stm32g4xx_hal_tim.o
 .debug_str     0x000fc6d4    0xf4449 ./Drivers/STM32G4xx_HAL_Driver/Src/stm32g4xx_hal_tim_ex.o
 .debug_str     0x000fc6d4    0xf4341 ./Drivers/STM32G4xx_HAL_Driver/Src/stm32g4xx_hal_uart.o
 .debug_str     0x000fc6d4    0xf38e8 ./Drivers/STM32G4xx_HAL_Driver/Src/stm32g4xx_hal_uart_ex.o

.comment        0x00000000       0x43
 .comment       0x00000000       0x43 ./Core/Src/Based_System_Communication.o
                                 0x44 (size before relaxing)
 .comment       0x00000043       0x44 ./Core/Src/ModBusRTU.o
 .comment       0x00000043       0x44 ./Core/Src/main.o
 .comment       0x00000043       0x44 ./Core/Src/stm32g4xx_hal_msp.o
 .comment       0x00000043       0x44 ./Core/Src/stm32g4xx_it.o
 .comment       0x00000043       0x44 ./Core/Src/system_stm32g4xx.o
 .comment       0x00000043       0x44 ./Drivers/STM32G4xx_HAL_Driver/Src/stm32g4xx_hal.o
 .comment       0x00000043       0x44 ./Drivers/STM32G4xx_HAL_Driver/Src/stm32g4xx_hal_cortex.o
 .comment       0x00000043       0x44 ./Drivers/STM32G4xx_HAL_Driver/Src/stm32g4xx_hal_dma.o
 .comment       0x00000043       0x44 ./Drivers/STM32G4xx_HAL_Driver/Src/stm32g4xx_hal_gpio.o
 .comment       0x00000043       0x44 ./Drivers/STM32G4xx_HAL_Driver/Src/stm32g4xx_hal_pwr_ex.o
 .comment       0x00000043       0x44 ./Drivers/STM32G4xx_HAL_Driver/Src/stm32g4xx_hal_rcc.o
 .comment       0x00000043       0x44 ./Drivers/STM32G4xx_HAL_Driver/Src/stm32g4xx_hal_rcc_ex.o
 .comment       0x00000043       0x44 ./Drivers/STM32G4xx_HAL_Driver/Src/stm32g4xx_hal_tim.o
 .comment       0x00000043       0x44 ./Drivers/STM32G4xx_HAL_Driver/Src/stm32g4xx_hal_tim_ex.o
 .comment       0x00000043       0x44 ./Drivers/STM32G4xx_HAL_Driver/Src/stm32g4xx_hal_uart.o
 .comment       0x00000043       0x44 ./Drivers/STM32G4xx_HAL_Driver/Src/stm32g4xx_hal_uart_ex.o

.debug_frame    0x00000000     0x4c88
 .debug_frame   0x00000000      0x2b0 ./Core/Src/Based_System_Communication.o
 .debug_frame   0x000002b0      0x1a8 ./Core/Src/ModBusRTU.o
 .debug_frame   0x00000458      0x118 ./Core/Src/main.o
 .debug_frame   0x00000570       0xec ./Core/Src/stm32g4xx_hal_msp.o
 .debug_frame   0x0000065c      0x158 ./Core/Src/stm32g4xx_it.o
 .debug_frame   0x000007b4       0x58 ./Core/Src/system_stm32g4xx.o
 .debug_frame   0x0000080c      0x500 ./Drivers/STM32G4xx_HAL_Driver/Src/stm32g4xx_hal.o
 .debug_frame   0x00000d0c      0x4e8 ./Drivers/STM32G4xx_HAL_Driver/Src/stm32g4xx_hal_cortex.o
 .debug_frame   0x000011f4      0x24c ./Drivers/STM32G4xx_HAL_Driver/Src/stm32g4xx_hal_dma.o
 .debug_frame   0x00001440      0x14c ./Drivers/STM32G4xx_HAL_Driver/Src/stm32g4xx_hal_gpio.o
 .debug_frame   0x0000158c      0x4fc ./Drivers/STM32G4xx_HAL_Driver/Src/stm32g4xx_hal_pwr_ex.o
 .debug_frame   0x00001a88      0x23c ./Drivers/STM32G4xx_HAL_Driver/Src/stm32g4xx_hal_rcc.o
 .debug_frame   0x00001cc4      0x2ac ./Drivers/STM32G4xx_HAL_Driver/Src/stm32g4xx_hal_rcc_ex.o
 .debug_frame   0x00001f70     0x1298 ./Drivers/STM32G4xx_HAL_Driver/Src/stm32g4xx_hal_tim.o
 .debug_frame   0x00003208      0xa70 ./Drivers/STM32G4xx_HAL_Driver/Src/stm32g4xx_hal_tim_ex.o
 .debug_frame   0x00003c78      0xb5c ./Drivers/STM32G4xx_HAL_Driver/Src/stm32g4xx_hal_uart.o
 .debug_frame   0x000047d4      0x2c0 ./Drivers/STM32G4xx_HAL_Driver/Src/stm32g4xx_hal_uart_ex.o
 .debug_frame   0x00004a94       0x20 C:/ST/STM32CubeIDE_1.18.1/STM32CubeIDE/plugins/com.st.stm32cube.ide.mcu.externaltools.gnu-tools-for-stm32.13.3.rel1.win32_1.0.0.202411081344/tools/bin/../lib/gcc/arm-none-eabi/13.3.1/../../../../arm-none-eabi/lib/thumb/v7e-m+fp/hard\libc_nano.a(libc_a-memset.o)
 .debug_frame   0x00004ab4       0x2c C:/ST/STM32CubeIDE_1.18.1/STM32CubeIDE/plugins/com.st.stm32cube.ide.mcu.externaltools.gnu-tools-for-stm32.13.3.rel1.win32_1.0.0.202411081344/tools/bin/../lib/gcc/arm-none-eabi/13.3.1/../../../../arm-none-eabi/lib/thumb/v7e-m+fp/hard\libc_nano.a(libc_a-init.o)
 .debug_frame   0x00004ae0       0x28 C:/ST/STM32CubeIDE_1.18.1/STM32CubeIDE/plugins/com.st.stm32cube.ide.mcu.externaltools.gnu-tools-for-stm32.13.3.rel1.win32_1.0.0.202411081344/tools/bin/../lib/gcc/arm-none-eabi/13.3.1/../../../../arm-none-eabi/lib/thumb/v7e-m+fp/hard\libc_nano.a(libc_a-memcpy-stub.o)
 .debug_frame   0x00004b08       0xac C:/ST/STM32CubeIDE_1.18.1/STM32CubeIDE/plugins/com.st.stm32cube.ide.mcu.externaltools.gnu-tools-for-stm32.13.3.rel1.win32_1.0.0.202411081344/tools/bin/../lib/gcc/arm-none-eabi/13.3.1/thumb/v7e-m+fp/hard\libgcc.a(_arm_addsubdf3.o)
 .debug_frame   0x00004bb4       0x50 C:/ST/STM32CubeIDE_1.18.1/STM32CubeIDE/plugins/com.st.stm32cube.ide.mcu.externaltools.gnu-tools-for-stm32.13.3.rel1.win32_1.0.0.202411081344/tools/bin/../lib/gcc/arm-none-eabi/13.3.1/thumb/v7e-m+fp/hard\libgcc.a(_arm_muldivdf3.o)
 .debug_frame   0x00004c04       0x24 C:/ST/STM32CubeIDE_1.18.1/STM32CubeIDE/plugins/com.st.stm32cube.ide.mcu.externaltools.gnu-tools-for-stm32.13.3.rel1.win32_1.0.0.202411081344/tools/bin/../lib/gcc/arm-none-eabi/13.3.1/thumb/v7e-m+fp/hard\libgcc.a(_arm_fixunsdfsi.o)
 .debug_frame   0x00004c28       0x2c C:/ST/STM32CubeIDE_1.18.1/STM32CubeIDE/plugins/com.st.stm32cube.ide.mcu.externaltools.gnu-tools-for-stm32.13.3.rel1.win32_1.0.0.202411081344/tools/bin/../lib/gcc/arm-none-eabi/13.3.1/thumb/v7e-m+fp/hard\libgcc.a(_aeabi_uldivmod.o)
 .debug_frame   0x00004c54       0x34 C:/ST/STM32CubeIDE_1.18.1/STM32CubeIDE/plugins/com.st.stm32cube.ide.mcu.externaltools.gnu-tools-for-stm32.13.3.rel1.win32_1.0.0.202411081344/tools/bin/../lib/gcc/arm-none-eabi/13.3.1/thumb/v7e-m+fp/hard\libgcc.a(_udivmoddi4.o)

.debug_line_str
                0x00000000       0x6f
 .debug_line_str
                0x00000000       0x6f ./Core/Startup/startup_stm32g474retx.o
