21:18:07 **** Incremental Build of configuration Debug for project STU3_Test ****
make -j16 all 
arm-none-eabi-gcc "../Core/Src/Based_System_Communication.c" -mcpu=cortex-m4 -std=gnu11 -g3 -DDEBUG -DUSE_HAL_DRIVER -DSTM32G474xx -c -I../Core/Inc -I../Drivers/STM32G4xx_HAL_Driver/Inc -I../Drivers/STM32G4xx_HAL_Driver/Inc/Legacy -I../Drivers/CMSIS/Device/ST/STM32G4xx/Include -I../Drivers/CMSIS/Include -I../Middlewares/Third_Party/ARM_CMSIS/CMSIS/Core/Include/ -I../Middlewares/Third_Party/ARM_CMSIS/PrivateInclude/ -I../Middlewares/Third_Party/ARM_CMSIS/Include/ -I../Middlewares/Third_Party/ARM_CMSIS/Include -I"D:/Fibo/Year2/Term2/STU/Programming/STU3_Programming/STU3_Programming-Prime/STU3_Test/Source/BasicMathFunctions" -I"D:/Fibo/Year2/Term2/STU/Programming/STU3_Programming/STU3_Programming-Prime/STU3_Test/Source/BayesFunctions" -I"D:/Fibo/Year2/Term2/STU/Programming/STU3_Programming/STU3_Programming-Prime/STU3_Test/Source/CommonTables" -I"D:/Fibo/Year2/Term2/STU/Programming/STU3_Programming/STU3_Programming-Prime/STU3_Test/Source/ComplexMathFunctions" -I"D:/Fibo/Year2/Term2/STU/Programming/STU3_Programming/STU3_Programming-Prime/STU3_Test/Source/ControllerFunctions" -I"D:/Fibo/Year2/Term2/STU/Programming/STU3_Programming/STU3_Programming-Prime/STU3_Test/Source/DistanceFunctions" -I"D:/Fibo/Year2/Term2/STU/Programming/STU3_Programming/STU3_Programming-Prime/STU3_Test/Source/FastMathFunctions" -I"D:/Fibo/Year2/Term2/STU/Programming/STU3_Programming/STU3_Programming-Prime/STU3_Test/Source/FilteringFunctions" -I"D:/Fibo/Year2/Term2/STU/Programming/STU3_Programming/STU3_Programming-Prime/STU3_Test/Source/InterpolationFunctions" -I"D:/Fibo/Year2/Term2/STU/Programming/STU3_Programming/STU3_Programming-Prime/STU3_Test/Source/MatrixFunctions" -I"D:/Fibo/Year2/Term2/STU/Programming/STU3_Programming/STU3_Programming-Prime/STU3_Test/Source/QuaternionMathFunctions" -I"D:/Fibo/Year2/Term2/STU/Programming/STU3_Programming/STU3_Programming-Prime/STU3_Test/Source/StatisticsFunctions" -I"D:/Fibo/Year2/Term2/STU/Programming/STU3_Programming/STU3_Programming-Prime/STU3_Test/Source/SupportFunctions" -I"D:/Fibo/Year2/Term2/STU/Programming/STU3_Programming/STU3_Programming-Prime/STU3_Test/Source/SVMFunctions" -I"D:/Fibo/Year2/Term2/STU/Programming/STU3_Programming/STU3_Programming-Prime/STU3_Test/Source/TransformFunctions" -I"D:/Fibo/Year2/Term2/STU/Programming/STU3_Programming/STU3_Programming-Prime/STU3_Test/Source/WindowFunctions" -O0 -ffunction-sections -fdata-sections -Wall -fstack-usage -fcyclomatic-complexity -MMD -MP -MF"Core/Src/Based_System_Communication.d" -MT"Core/Src/Based_System_Communication.o" --specs=nano.specs -mfpu=fpv4-sp-d16 -mfloat-abi=hard -mthumb -o "Core/Src/Based_System_Communication.o"
arm-none-eabi-gcc "../Core/Src/main.c" -mcpu=cortex-m4 -std=gnu11 -g3 -DDEBUG -DUSE_HAL_DRIVER -DSTM32G474xx -c -I../Core/Inc -I../Drivers/STM32G4xx_HAL_Driver/Inc -I../Drivers/STM32G4xx_HAL_Driver/Inc/Legacy -I../Drivers/CMSIS/Device/ST/STM32G4xx/Include -I../Drivers/CMSIS/Include -I../Middlewares/Third_Party/ARM_CMSIS/CMSIS/Core/Include/ -I../Middlewares/Third_Party/ARM_CMSIS/PrivateInclude/ -I../Middlewares/Third_Party/ARM_CMSIS/Include/ -I../Middlewares/Third_Party/ARM_CMSIS/Include -I"D:/Fibo/Year2/Term2/STU/Programming/STU3_Programming/STU3_Programming-Prime/STU3_Test/Source/BasicMathFunctions" -I"D:/Fibo/Year2/Term2/STU/Programming/STU3_Programming/STU3_Programming-Prime/STU3_Test/Source/BayesFunctions" -I"D:/Fibo/Year2/Term2/STU/Programming/STU3_Programming/STU3_Programming-Prime/STU3_Test/Source/CommonTables" -I"D:/Fibo/Year2/Term2/STU/Programming/STU3_Programming/STU3_Programming-Prime/STU3_Test/Source/ComplexMathFunctions" -I"D:/Fibo/Year2/Term2/STU/Programming/STU3_Programming/STU3_Programming-Prime/STU3_Test/Source/ControllerFunctions" -I"D:/Fibo/Year2/Term2/STU/Programming/STU3_Programming/STU3_Programming-Prime/STU3_Test/Source/DistanceFunctions" -I"D:/Fibo/Year2/Term2/STU/Programming/STU3_Programming/STU3_Programming-Prime/STU3_Test/Source/FastMathFunctions" -I"D:/Fibo/Year2/Term2/STU/Programming/STU3_Programming/STU3_Programming-Prime/STU3_Test/Source/FilteringFunctions" -I"D:/Fibo/Year2/Term2/STU/Programming/STU3_Programming/STU3_Programming-Prime/STU3_Test/Source/InterpolationFunctions" -I"D:/Fibo/Year2/Term2/STU/Programming/STU3_Programming/STU3_Programming-Prime/STU3_Test/Source/MatrixFunctions" -I"D:/Fibo/Year2/Term2/STU/Programming/STU3_Programming/STU3_Programming-Prime/STU3_Test/Source/QuaternionMathFunctions" -I"D:/Fibo/Year2/Term2/STU/Programming/STU3_Programming/STU3_Programming-Prime/STU3_Test/Source/StatisticsFunctions" -I"D:/Fibo/Year2/Term2/STU/Programming/STU3_Programming/STU3_Programming-Prime/STU3_Test/Source/SupportFunctions" -I"D:/Fibo/Year2/Term2/STU/Programming/STU3_Programming/STU3_Programming-Prime/STU3_Test/Source/SVMFunctions" -I"D:/Fibo/Year2/Term2/STU/Programming/STU3_Programming/STU3_Programming-Prime/STU3_Test/Source/TransformFunctions" -I"D:/Fibo/Year2/Term2/STU/Programming/STU3_Programming/STU3_Programming-Prime/STU3_Test/Source/WindowFunctions" -O0 -ffunction-sections -fdata-sections -Wall -fstack-usage -fcyclomatic-complexity -MMD -MP -MF"Core/Src/main.d" -MT"Core/Src/main.o" --specs=nano.specs -mfpu=fpv4-sp-d16 -mfloat-abi=hard -mthumb -o "Core/Src/main.o"
../Core/Src/main.c: In function 'Prismatic_position_control':
../Core/Src/main.c:787:13: warning: variable 'anti_windup' set but not used [-Wunused-but-set-variable]
  787 |         int anti_windup;
      |             ^~~~~~~~~~~
../Core/Src/main.c: In function 'Revolute_position_control':
../Core/Src/main.c:848:13: warning: variable 'anti_windup' set but not used [-Wunused-but-set-variable]
  848 |         int anti_windup;
      |             ^~~~~~~~~~~
arm-none-eabi-gcc -o "STU3_Test.elf" @"objects.list"   -mcpu=cortex-m4 -T"D:\Fibo\Year2\Term2\STU\Programming\STU3_Programming\STU3_Programming-Prime\STU3_Test\STM32G474RETX_FLASH.ld" --specs=nosys.specs -Wl,-Map="STU3_Test.map" -Wl,--gc-sections -static --specs=nano.specs -mfpu=fpv4-sp-d16 -mfloat-abi=hard -mthumb -Wl,--start-group -lc -lm -Wl,--end-group
Finished building target: STU3_Test.elf
 
arm-none-eabi-size  STU3_Test.elf 
arm-none-eabi-objdump -h -S STU3_Test.elf  > "STU3_Test.list"
   text	   data	    bss	    dec	    hex	filename
  52340	    604	   8016	  60960	   ee20	STU3_Test.elf
Finished building: default.size.stdout
 
Finished building: STU3_Test.list
 
14:28:10 **** Incremental Build of configuration Debug for project Modbus_Test ****
make -j16 all 
arm-none-eabi-size  Modbus_Test.elf 
   text	   data	    bss	    dec	    hex	filename
  31632	    524	   3924	  36080	   8cf0	Modbus_Test.elf
Finished building: default.size.stdout
 
14:28:18 **** Incremental Build of configuration Debug for project Modbus_Test ****
make -j16 all 
arm-none-eabi-size  Modbus_Test.elf 
   text	   data	    bss	    dec	    hex	filename
  31632	    524	   3924	  36080	   8cf0	Modbus_Test.elf
Finished building: default.size.stdout
 
14:55:15 **** Incremental Build of configuration Debug for project Modbus_Test ****
make -j16 all 
arm-none-eabi-size  Modbus_Test.elf 
   text	   data	    bss	    dec	    hex	filename
  31632	    524	   3924	  36080	   8cf0	Modbus_Test.elf
Finished building: default.size.stdout
 
15:03:53 **** Incremental Build of configuration Debug for project Modbus_Test ****
make -j16 all 
arm-none-eabi-gcc "../Core/Src/main.c" -mcpu=cortex-m4 -std=gnu11 -g3 -DDEBUG -DUSE_HAL_DRIVER -DSTM32G474xx -c -I../Core/Inc -I../Drivers/STM32G4xx_HAL_Driver/Inc -I../Drivers/STM32G4xx_HAL_Driver/Inc/Legacy -I../Drivers/CMSIS/Device/ST/STM32G4xx/Include -I../Drivers/CMSIS/Include -O0 -ffunction-sections -fdata-sections -Wall -fstack-usage -fcyclomatic-complexity -MMD -MP -MF"Core/Src/main.d" -MT"Core/Src/main.o" --specs=nano.specs -mfpu=fpv4-sp-d16 -mfloat-abi=hard -mthumb -o "Core/Src/main.o"
arm-none-eabi-gcc -o "Modbus_Test.elf" @"objects.list"   -mcpu=cortex-m4 -T"D:\Fibo\Year2\Term2\STU\Programming\STU3_Programming\STU3_Programming-Prime\Modbus_Test\STM32G474RETX_FLASH.ld" --specs=nosys.specs -Wl,-Map="Modbus_Test.map" -Wl,--gc-sections -static --specs=nano.specs -mfpu=fpv4-sp-d16 -mfloat-abi=hard -mthumb -Wl,--start-group -lc -lm -Wl,--end-group
Finished building target: Modbus_Test.elf
 
arm-none-eabi-size  Modbus_Test.elf 
arm-none-eabi-objdump -h -S Modbus_Test.elf  > "Modbus_Test.list"
   text	   data	    bss	    dec	    hex	filename
  31632	    524	   3924	  36080	   8cf0	Modbus_Test.elf
Finished building: default.size.stdout
 
Finished building: Modbus_Test.list
 
15:05:09 **** Incremental Build of configuration Debug for project Modbus_Test ****
make -j16 all 
arm-none-eabi-size  Modbus_Test.elf 
   text	   data	    bss	    dec	    hex	filename
  31632	    524	   3924	  36080	   8cf0	Modbus_Test.elf
Finished building: default.size.stdout
 
15:06:39 **** Incremental Build of configuration Debug for project Modbus_Test ****
make -j16 all 
arm-none-eabi-gcc "../Core/Src/main.c" -mcpu=cortex-m4 -std=gnu11 -g3 -DDEBUG -DUSE_HAL_DRIVER -DSTM32G474xx -c -I../Core/Inc -I../Drivers/STM32G4xx_HAL_Driver/Inc -I../Drivers/STM32G4xx_HAL_Driver/Inc/Legacy -I../Drivers/CMSIS/Device/ST/STM32G4xx/Include -I../Drivers/CMSIS/Include -O0 -ffunction-sections -fdata-sections -Wall -fstack-usage -fcyclomatic-complexity -MMD -MP -MF"Core/Src/main.d" -MT"Core/Src/main.o" --specs=nano.specs -mfpu=fpv4-sp-d16 -mfloat-abi=hard -mthumb -o "Core/Src/main.o"
arm-none-eabi-gcc -o "Modbus_Test.elf" @"objects.list"   -mcpu=cortex-m4 -T"D:\Fibo\Year2\Term2\STU\Programming\STU3_Programming\STU3_Programming-Prime\Modbus_Test\STM32G474RETX_FLASH.ld" --specs=nosys.specs -Wl,-Map="Modbus_Test.map" -Wl,--gc-sections -static --specs=nano.specs -mfpu=fpv4-sp-d16 -mfloat-abi=hard -mthumb -Wl,--start-group -lc -lm -Wl,--end-group
Finished building target: Modbus_Test.elf
 
arm-none-eabi-size  Modbus_Test.elf 
arm-none-eabi-objdump -h -S Modbus_Test.elf  > "Modbus_Test.list"
   text	   data	    bss	    dec	    hex	filename
  31632	    524	   3924	  36080	   8cf0	Modbus_Test.elf
Finished building: default.size.stdout
 
Finished building: Modbus_Test.list
 
15:11:10 **** Incremental Build of configuration Debug for project Modbus_Test ****
make -j16 all 
arm-none-eabi-size  Modbus_Test.elf 
   text	   data	    bss	    dec	    hex	filename
  31632	    524	   3924	  36080	   8cf0	Modbus_Test.elf
Finished building: default.size.stdout
 
