21:26:32 **** Incremental Build of configuration Debug for project STU3_Test ****
make -j16 all 
arm-none-eabi-gcc "../Core/Src/Based_System_Communication.c" -mcpu=cortex-m4 -std=gnu11 -g3 -DDEBUG -DUSE_HAL_DRIVER -DSTM32G474xx -c -I../Core/Inc -I../Drivers/STM32G4xx_HAL_Driver/Inc -I../Drivers/STM32G4xx_HAL_Driver/Inc/Legacy -I../Drivers/CMSIS/Device/ST/STM32G4xx/Include -I../Drivers/CMSIS/Include -I../Middlewares/Third_Party/ARM_CMSIS/CMSIS/Core/Include/ -I../Middlewares/Third_Party/ARM_CMSIS/PrivateInclude/ -I../Middlewares/Third_Party/ARM_CMSIS/Include/ -I../Middlewares/Third_Party/ARM_CMSIS/Include -I"D:/Fibo/Year2/Term2/STU/Programming/STU3_Programming/STU3_Programming-Prime/STU3_Test/Source/BasicMathFunctions" -I"D:/Fibo/Year2/Term2/STU/Programming/STU3_Programming/STU3_Programming-Prime/STU3_Test/Source/BayesFunctions" -I"D:/Fibo/Year2/Term2/STU/Programming/STU3_Programming/STU3_Programming-Prime/STU3_Test/Source/CommonTables" -I"D:/Fibo/Year2/Term2/STU/Programming/STU3_Programming/STU3_Programming-Prime/STU3_Test/Source/ComplexMathFunctions" -I"D:/Fibo/Year2/Term2/STU/Programming/STU3_Programming/STU3_Programming-Prime/STU3_Test/Source/ControllerFunctions" -I"D:/Fibo/Year2/Term2/STU/Programming/STU3_Programming/STU3_Programming-Prime/STU3_Test/Source/DistanceFunctions" -I"D:/Fibo/Year2/Term2/STU/Programming/STU3_Programming/STU3_Programming-Prime/STU3_Test/Source/FastMathFunctions" -I"D:/Fibo/Year2/Term2/STU/Programming/STU3_Programming/STU3_Programming-Prime/STU3_Test/Source/FilteringFunctions" -I"D:/Fibo/Year2/Term2/STU/Programming/STU3_Programming/STU3_Programming-Prime/STU3_Test/Source/InterpolationFunctions" -I"D:/Fibo/Year2/Term2/STU/Programming/STU3_Programming/STU3_Programming-Prime/STU3_Test/Source/MatrixFunctions" -I"D:/Fibo/Year2/Term2/STU/Programming/STU3_Programming/STU3_Programming-Prime/STU3_Test/Source/QuaternionMathFunctions" -I"D:/Fibo/Year2/Term2/STU/Programming/STU3_Programming/STU3_Programming-Prime/STU3_Test/Source/StatisticsFunctions" -I"D:/Fibo/Year2/Term2/STU/Programming/STU3_Programming/STU3_Programming-Prime/STU3_Test/Source/SupportFunctions" -I"D:/Fibo/Year2/Term2/STU/Programming/STU3_Programming/STU3_Programming-Prime/STU3_Test/Source/SVMFunctions" -I"D:/Fibo/Year2/Term2/STU/Programming/STU3_Programming/STU3_Programming-Prime/STU3_Test/Source/TransformFunctions" -I"D:/Fibo/Year2/Term2/STU/Programming/STU3_Programming/STU3_Programming-Prime/STU3_Test/Source/WindowFunctions" -O0 -ffunction-sections -fdata-sections -Wall -fstack-usage -fcyclomatic-complexity -MMD -MP -MF"Core/Src/Based_System_Communication.d" -MT"Core/Src/Based_System_Communication.o" --specs=nano.specs -mfpu=fpv4-sp-d16 -mfloat-abi=hard -mthumb -o "Core/Src/Based_System_Communication.o"
arm-none-eabi-gcc "../Core/Src/main.c" -mcpu=cortex-m4 -std=gnu11 -g3 -DDEBUG -DUSE_HAL_DRIVER -DSTM32G474xx -c -I../Core/Inc -I../Drivers/STM32G4xx_HAL_Driver/Inc -I../Drivers/STM32G4xx_HAL_Driver/Inc/Legacy -I../Drivers/CMSIS/Device/ST/STM32G4xx/Include -I../Drivers/CMSIS/Include -I../Middlewares/Third_Party/ARM_CMSIS/CMSIS/Core/Include/ -I../Middlewares/Third_Party/ARM_CMSIS/PrivateInclude/ -I../Middlewares/Third_Party/ARM_CMSIS/Include/ -I../Middlewares/Third_Party/ARM_CMSIS/Include -I"D:/Fibo/Year2/Term2/STU/Programming/STU3_Programming/STU3_Programming-Prime/STU3_Test/Source/BasicMathFunctions" -I"D:/Fibo/Year2/Term2/STU/Programming/STU3_Programming/STU3_Programming-Prime/STU3_Test/Source/BayesFunctions" -I"D:/Fibo/Year2/Term2/STU/Programming/STU3_Programming/STU3_Programming-Prime/STU3_Test/Source/CommonTables" -I"D:/Fibo/Year2/Term2/STU/Programming/STU3_Programming/STU3_Programming-Prime/STU3_Test/Source/ComplexMathFunctions" -I"D:/Fibo/Year2/Term2/STU/Programming/STU3_Programming/STU3_Programming-Prime/STU3_Test/Source/ControllerFunctions" -I"D:/Fibo/Year2/Term2/STU/Programming/STU3_Programming/STU3_Programming-Prime/STU3_Test/Source/DistanceFunctions" -I"D:/Fibo/Year2/Term2/STU/Programming/STU3_Programming/STU3_Programming-Prime/STU3_Test/Source/FastMathFunctions" -I"D:/Fibo/Year2/Term2/STU/Programming/STU3_Programming/STU3_Programming-Prime/STU3_Test/Source/FilteringFunctions" -I"D:/Fibo/Year2/Term2/STU/Programming/STU3_Programming/STU3_Programming-Prime/STU3_Test/Source/InterpolationFunctions" -I"D:/Fibo/Year2/Term2/STU/Programming/STU3_Programming/STU3_Programming-Prime/STU3_Test/Source/MatrixFunctions" -I"D:/Fibo/Year2/Term2/STU/Programming/STU3_Programming/STU3_Programming-Prime/STU3_Test/Source/QuaternionMathFunctions" -I"D:/Fibo/Year2/Term2/STU/Programming/STU3_Programming/STU3_Programming-Prime/STU3_Test/Source/StatisticsFunctions" -I"D:/Fibo/Year2/Term2/STU/Programming/STU3_Programming/STU3_Programming-Prime/STU3_Test/Source/SupportFunctions" -I"D:/Fibo/Year2/Term2/STU/Programming/STU3_Programming/STU3_Programming-Prime/STU3_Test/Source/SVMFunctions" -I"D:/Fibo/Year2/Term2/STU/Programming/STU3_Programming/STU3_Programming-Prime/STU3_Test/Source/TransformFunctions" -I"D:/Fibo/Year2/Term2/STU/Programming/STU3_Programming/STU3_Programming-Prime/STU3_Test/Source/WindowFunctions" -O0 -ffunction-sections -fdata-sections -Wall -fstack-usage -fcyclomatic-complexity -MMD -MP -MF"Core/Src/main.d" -MT"Core/Src/main.o" --specs=nano.specs -mfpu=fpv4-sp-d16 -mfloat-abi=hard -mthumb -o "Core/Src/main.o"
../Core/Src/Based_System_Communication.c:246:7: error: conflicting types for 'format_base_to_robot'; have 'float(uint16_t)' {aka 'float(short unsigned int)'}
  246 | float format_base_to_robot(uint16_t degree)
      |       ^~~~~~~~~~~~~~~~~~~~
In file included from ../Core/Src/Based_System_Communication.c:8:
../Core/Inc/Based_System_Communication.h:72:7: note: previous declaration of 'format_base_to_robot' with type 'float(float)'
   72 | float format_base_to_robot(float degree);
      |       ^~~~~~~~~~~~~~~~~~~~
make: *** [Core/Src/subdir.mk:79: Core/Src/Based_System_Communication.o] Error 1
make: *** Waiting for unfinished jobs....
../Core/Src/main.c: In function 'Prismatic_position_control':
../Core/Src/main.c:787:13: warning: variable 'anti_windup' set but not used [-Wunused-but-set-variable]
  787 |         int anti_windup;
      |             ^~~~~~~~~~~
../Core/Src/main.c: In function 'Revolute_position_control':
../Core/Src/main.c:848:13: warning: variable 'anti_windup' set but not used [-Wunused-but-set-variable]
  848 |         int anti_windup;
      |             ^~~~~~~~~~~
"make -j16 all" terminated with exit code 2. Build might be incomplete.
21:27:02 **** Incremental Build of configuration Debug for project STU3_Test ****
make -j16 all 
arm-none-eabi-gcc "../Core/Src/Based_System_Communication.c" -mcpu=cortex-m4 -std=gnu11 -g3 -DDEBUG -DUSE_HAL_DRIVER -DSTM32G474xx -c -I../Core/Inc -I../Drivers/STM32G4xx_HAL_Driver/Inc -I../Drivers/STM32G4xx_HAL_Driver/Inc/Legacy -I../Drivers/CMSIS/Device/ST/STM32G4xx/Include -I../Drivers/CMSIS/Include -I../Middlewares/Third_Party/ARM_CMSIS/CMSIS/Core/Include/ -I../Middlewares/Third_Party/ARM_CMSIS/PrivateInclude/ -I../Middlewares/Third_Party/ARM_CMSIS/Include/ -I../Middlewares/Third_Party/ARM_CMSIS/Include -I"D:/Fibo/Year2/Term2/STU/Programming/STU3_Programming/STU3_Programming-Prime/STU3_Test/Source/BasicMathFunctions" -I"D:/Fibo/Year2/Term2/STU/Programming/STU3_Programming/STU3_Programming-Prime/STU3_Test/Source/BayesFunctions" -I"D:/Fibo/Year2/Term2/STU/Programming/STU3_Programming/STU3_Programming-Prime/STU3_Test/Source/CommonTables" -I"D:/Fibo/Year2/Term2/STU/Programming/STU3_Programming/STU3_Programming-Prime/STU3_Test/Source/ComplexMathFunctions" -I"D:/Fibo/Year2/Term2/STU/Programming/STU3_Programming/STU3_Programming-Prime/STU3_Test/Source/ControllerFunctions" -I"D:/Fibo/Year2/Term2/STU/Programming/STU3_Programming/STU3_Programming-Prime/STU3_Test/Source/DistanceFunctions" -I"D:/Fibo/Year2/Term2/STU/Programming/STU3_Programming/STU3_Programming-Prime/STU3_Test/Source/FastMathFunctions" -I"D:/Fibo/Year2/Term2/STU/Programming/STU3_Programming/STU3_Programming-Prime/STU3_Test/Source/FilteringFunctions" -I"D:/Fibo/Year2/Term2/STU/Programming/STU3_Programming/STU3_Programming-Prime/STU3_Test/Source/InterpolationFunctions" -I"D:/Fibo/Year2/Term2/STU/Programming/STU3_Programming/STU3_Programming-Prime/STU3_Test/Source/MatrixFunctions" -I"D:/Fibo/Year2/Term2/STU/Programming/STU3_Programming/STU3_Programming-Prime/STU3_Test/Source/QuaternionMathFunctions" -I"D:/Fibo/Year2/Term2/STU/Programming/STU3_Programming/STU3_Programming-Prime/STU3_Test/Source/StatisticsFunctions" -I"D:/Fibo/Year2/Term2/STU/Programming/STU3_Programming/STU3_Programming-Prime/STU3_Test/Source/SupportFunctions" -I"D:/Fibo/Year2/Term2/STU/Programming/STU3_Programming/STU3_Programming-Prime/STU3_Test/Source/SVMFunctions" -I"D:/Fibo/Year2/Term2/STU/Programming/STU3_Programming/STU3_Programming-Prime/STU3_Test/Source/TransformFunctions" -I"D:/Fibo/Year2/Term2/STU/Programming/STU3_Programming/STU3_Programming-Prime/STU3_Test/Source/WindowFunctions" -O0 -ffunction-sections -fdata-sections -Wall -fstack-usage -fcyclomatic-complexity -MMD -MP -MF"Core/Src/Based_System_Communication.d" -MT"Core/Src/Based_System_Communication.o" --specs=nano.specs -mfpu=fpv4-sp-d16 -mfloat-abi=hard -mthumb -o "Core/Src/Based_System_Communication.o"
arm-none-eabi-gcc "../Core/Src/main.c" -mcpu=cortex-m4 -std=gnu11 -g3 -DDEBUG -DUSE_HAL_DRIVER -DSTM32G474xx -c -I../Core/Inc -I../Drivers/STM32G4xx_HAL_Driver/Inc -I../Drivers/STM32G4xx_HAL_Driver/Inc/Legacy -I../Drivers/CMSIS/Device/ST/STM32G4xx/Include -I../Drivers/CMSIS/Include -I../Middlewares/Third_Party/ARM_CMSIS/CMSIS/Core/Include/ -I../Middlewares/Third_Party/ARM_CMSIS/PrivateInclude/ -I../Middlewares/Third_Party/ARM_CMSIS/Include/ -I../Middlewares/Third_Party/ARM_CMSIS/Include -I"D:/Fibo/Year2/Term2/STU/Programming/STU3_Programming/STU3_Programming-Prime/STU3_Test/Source/BasicMathFunctions" -I"D:/Fibo/Year2/Term2/STU/Programming/STU3_Programming/STU3_Programming-Prime/STU3_Test/Source/BayesFunctions" -I"D:/Fibo/Year2/Term2/STU/Programming/STU3_Programming/STU3_Programming-Prime/STU3_Test/Source/CommonTables" -I"D:/Fibo/Year2/Term2/STU/Programming/STU3_Programming/STU3_Programming-Prime/STU3_Test/Source/ComplexMathFunctions" -I"D:/Fibo/Year2/Term2/STU/Programming/STU3_Programming/STU3_Programming-Prime/STU3_Test/Source/ControllerFunctions" -I"D:/Fibo/Year2/Term2/STU/Programming/STU3_Programming/STU3_Programming-Prime/STU3_Test/Source/DistanceFunctions" -I"D:/Fibo/Year2/Term2/STU/Programming/STU3_Programming/STU3_Programming-Prime/STU3_Test/Source/FastMathFunctions" -I"D:/Fibo/Year2/Term2/STU/Programming/STU3_Programming/STU3_Programming-Prime/STU3_Test/Source/FilteringFunctions" -I"D:/Fibo/Year2/Term2/STU/Programming/STU3_Programming/STU3_Programming-Prime/STU3_Test/Source/InterpolationFunctions" -I"D:/Fibo/Year2/Term2/STU/Programming/STU3_Programming/STU3_Programming-Prime/STU3_Test/Source/MatrixFunctions" -I"D:/Fibo/Year2/Term2/STU/Programming/STU3_Programming/STU3_Programming-Prime/STU3_Test/Source/QuaternionMathFunctions" -I"D:/Fibo/Year2/Term2/STU/Programming/STU3_Programming/STU3_Programming-Prime/STU3_Test/Source/StatisticsFunctions" -I"D:/Fibo/Year2/Term2/STU/Programming/STU3_Programming/STU3_Programming-Prime/STU3_Test/Source/SupportFunctions" -I"D:/Fibo/Year2/Term2/STU/Programming/STU3_Programming/STU3_Programming-Prime/STU3_Test/Source/SVMFunctions" -I"D:/Fibo/Year2/Term2/STU/Programming/STU3_Programming/STU3_Programming-Prime/STU3_Test/Source/TransformFunctions" -I"D:/Fibo/Year2/Term2/STU/Programming/STU3_Programming/STU3_Programming-Prime/STU3_Test/Source/WindowFunctions" -O0 -ffunction-sections -fdata-sections -Wall -fstack-usage -fcyclomatic-complexity -MMD -MP -MF"Core/Src/main.d" -MT"Core/Src/main.o" --specs=nano.specs -mfpu=fpv4-sp-d16 -mfloat-abi=hard -mthumb -o "Core/Src/main.o"
../Core/Src/main.c: In function 'Prismatic_position_control':
../Core/Src/main.c:787:13: warning: variable 'anti_windup' set but not used [-Wunused-but-set-variable]
  787 |         int anti_windup;
      |             ^~~~~~~~~~~
../Core/Src/main.c: In function 'Revolute_position_control':
../Core/Src/main.c:848:13: warning: variable 'anti_windup' set but not used [-Wunused-but-set-variable]
  848 |         int anti_windup;
      |             ^~~~~~~~~~~
arm-none-eabi-gcc -o "STU3_Test.elf" @"objects.list"   -mcpu=cortex-m4 -T"D:\Fibo\Year2\Term2\STU\Programming\STU3_Programming\STU3_Programming-Prime\STU3_Test\STM32G474RETX_FLASH.ld" --specs=nosys.specs -Wl,-Map="STU3_Test.map" -Wl,--gc-sections -static --specs=nano.specs -mfpu=fpv4-sp-d16 -mfloat-abi=hard -mthumb -Wl,--start-group -lc -lm -Wl,--end-group
Finished building target: STU3_Test.elf
 
arm-none-eabi-size  STU3_Test.elf 
arm-none-eabi-objdump -h -S STU3_Test.elf  > "STU3_Test.list"
   text	   data	    bss	    dec	    hex	filename
  52316	    604	   8016	  60936	   ee08	STU3_Test.elf
Finished building: default.size.stdout
 
Finished building: STU3_Test.list
 
