../Core/Src/Based_System_Communication.c:10:6:modbus_heartbeat	4	static
../Core/Src/Based_System_Communication.c:12:9:modbus_Base_System_Status	4	static
../Core/Src/Based_System_Communication.c:15:9:modbus_servo_Status	16	static
../Core/Src/Based_System_Communication.c:17:6:modbus_write_servo_up	16	static
../Core/Src/Based_System_Communication.c:20:6:modbus_write_servo_down	16	static
../Core/Src/Based_System_Communication.c:24:9:R_Theta_moving_Status	16	static
../Core/Src/Based_System_Communication.c:26:6:modbus_r_position	16	static
../Core/Src/Based_System_Communication.c:28:6:modbus_theta_position	16	static
../Core/Src/Based_System_Communication.c:30:6:modbus_r_velocity	16	static
../Core/Src/Based_System_Communication.c:32:6:modbus_theta_velocity	16	static
../Core/Src/Based_System_Communication.c:34:6:modbus_r_acceleration	16	static
../Core/Src/Based_System_Communication.c:36:6:modbus_theta_acceleration	16	static
../Core/Src/Based_System_Communication.c:38:6:modbus_Update_All	32	static
../Core/Src/Based_System_Communication.c:42:6:set_Target_Position_ten_points	16	static
../Core/Src/Based_System_Communication.c:44:7:modbus_set_goal_r_position	4	static
../Core/Src/Based_System_Communication.c:46:7:modbus_set_goal_theta_position	4	static
