../Core/Src/Based_System_Communication.c:9:6:modbus_heartbeat	16	static
../Core/Src/Based_System_Communication.c:11:9:modbus_Base_System_Status	16	static
../Core/Src/Based_System_Communication.c:15:9:modbus_servo_Status	16	static
../Core/Src/Based_System_Communication.c:18:6:modbus_write_servo_up	16	static
../Core/Src/Based_System_Communication.c:21:6:modbus_write_servo_down	16	static
../Core/Src/Based_System_Communication.c:25:9:R_Theta_moving_Status	16	static
../Core/Src/Based_System_Communication.c:29:6:modbus_r_position	16	static
../Core/Src/Based_System_Communication.c:33:6:modbus_theta_position	16	static
../Core/Src/Based_System_Communication.c:36:6:modbus_r_velocity	16	static
../Core/Src/Based_System_Communication.c:39:6:modbus_theta_velocity	16	static
../Core/Src/Based_System_Communication.c:42:6:modbus_r_acceleration	16	static
../Core/Src/Based_System_Communication.c:45:6:modbus_theta_acceleration	16	static
../Core/Src/Based_System_Communication.c:48:6:modbus_Update_All	40	static
../Core/Src/Based_System_Communication.c:58:6:set_Target_Position_ten_points	16	static
../Core/Src/Based_System_Communication.c:60:7:modbus_set_goal_r_position	16	static
../Core/Src/Based_System_Communication.c:63:7:modbus_set_goal_theta_position	16	static
