../Core/Src/main.c:123:5:main	8	static
../Core/Src/main.c:271:6:SystemClock_Config	88	static
../Core/Src/main.c:318:13:MX_ADC1_Init	56	static
../Core/Src/main.c:386:13:MX_SPI1_Init	8	static
../Core/Src/main.c:426:13:MX_TIM1_Init	40	static
../Core/Src/main.c:473:13:MX_TIM2_Init	40	static
../Core/Src/main.c:518:13:MX_TIM3_Init	56	static
../Core/Src/main.c:567:13:MX_TIM4_Init	56	static
../Core/Src/main.c:616:13:MX_TIM8_Init	120	static
../Core/Src/main.c:698:13:MX_TIM16_Init	88	static
../Core/Src/main.c:764:13:MX_TIM20_Init	120	static
../Core/Src/main.c:850:13:MX_USART2_UART_Init	8	static
../Core/Src/main.c:896:13:MX_DMA_Init	16	static
../Core/Src/main.c:915:13:MX_GPIO_Init	48	static
../Core/Src/main.c:990:6:Error_Handler	4	static,ignoring_inline_asm
