../Core/Src/main.c:205:5:main	19
../Core/Src/main.c:522:6:SystemClock_Config	3
../Core/Src/main.c:565:6:HAL_GPIO_EXTI_Callback	8
../Core/Src/main.c:583:6:HAL_TIM_PeriodElapsedCallback	1
../Core/Src/main.c:589:7:Prismatic_position_control	5
../Core/Src/main.c:619:7:Prismatic_velocity_control	9
../Core/Src/main.c:650:7:Revolute_position_control	5
../Core/Src/main.c:680:7:Revolute_velocity_control	8
../Core/Src/main.c:708:7:voltage_to_pwm	1
../Core/Src/main.c:719:7:Revolute_dis	1
../Core/Src/main.c:730:6:updateTrajectoryIfNeeded	3
../Core/Src/main.c:753:6:Error_Handler	1
