../Core/Src/main.c:122:5:main	4
../Core/Src/main.c:268:6:SystemClock_Config	3
../Core/Src/main.c:315:13:MX_ADC1_Init	4
../Core/Src/main.c:383:13:MX_SPI1_Init	2
../Core/Src/main.c:423:13:MX_TIM1_Init	4
../Core/Src/main.c:470:13:MX_TIM2_Init	4
../Core/Src/main.c:515:13:MX_TIM3_Init	3
../Core/Src/main.c:564:13:MX_TIM4_Init	3
../Core/Src/main.c:613:13:MX_TIM8_Init	7
../Core/Src/main.c:695:13:MX_TIM16_Init	6
../Core/Src/main.c:761:13:MX_TIM20_Init	8
../Core/Src/main.c:847:13:MX_USART2_UART_Init	5
../Core/Src/main.c:893:13:MX_DMA_Init	1
../Core/Src/main.c:912:13:MX_GPIO_Init	1
../Core/Src/main.c:980:6:HAL_GPIO_EXTI_Callback	2
../Core/Src/main.c:993:6:Error_Handler	1
