21:36:51 **** Incremental Build of configuration Debug for project STU3_Test ****
make -j16 all 
arm-none-eabi-size  STU3_Test.elf 
   text	   data	    bss	    dec	    hex	filename
  48996	    604	   7136	  56736	   dda0	STU3_Test.elf
Finished building: default.size.stdout
 
22:02:05 **** Incremental Build of configuration Debug for project Modbus_Test ****
make -j16 all 
arm-none-eabi-gcc "../Core/Src/main.c" -mcpu=cortex-m4 -std=gnu11 -g3 -DDEBUG -DUSE_HAL_DRIVER -DSTM32G474xx -c -I../Core/Inc -I../Drivers/STM32G4xx_HAL_Driver/Inc -I../Drivers/STM32G4xx_HAL_Driver/Inc/Legacy -I../Drivers/CMSIS/Device/ST/STM32G4xx/Include -I../Drivers/CMSIS/Include -O0 -ffunction-sections -fdata-sections -Wall -fstack-usage -fcyclomatic-complexity -MMD -MP -MF"Core/Src/main.d" -MT"Core/Src/main.o" --specs=nano.specs -mfpu=fpv4-sp-d16 -mfloat-abi=hard -mthumb -o "Core/Src/main.o"
../Core/Src/main.c:25:10: fatal error: Anti_backlash.h: No such file or directory
   25 | #include "Anti_backlash.h"
      |          ^~~~~~~~~~~~~~~~~
compilation terminated.
make: *** [Core/Src/subdir.mk:40: Core/Src/main.o] Error 1
"make -j16 all" terminated with exit code 2. Build might be incomplete.
22:02:59 **** Incremental Build of configuration Debug for project STU3_Test ****
make -j16 all 
arm-none-eabi-gcc "../Core/Src/Anti_backlash.c" -mcpu=cortex-m4 -std=gnu11 -g3 -DDEBUG -DUSE_HAL_DRIVER -DSTM32G474xx -c -I../Core/Inc -I../Drivers/STM32G4xx_HAL_Driver/Inc -I../Drivers/STM32G4xx_HAL_Driver/Inc/Legacy -I../Drivers/CMSIS/Device/ST/STM32G4xx/Include -I../Drivers/CMSIS/Include -I../Middlewares/Third_Party/ARM_CMSIS/CMSIS/Core/Include/ -I../Middlewares/Third_Party/ARM_CMSIS/PrivateInclude/ -I../Middlewares/Third_Party/ARM_CMSIS/Include/ -I../Middlewares/Third_Party/ARM_CMSIS/Include -I"D:/Fibo/Year2/Term2/STU/Programming/STU3_Programming/STU3_Test/Source/BasicMathFunctions" -I"D:/Fibo/Year2/Term2/STU/Programming/STU3_Programming/STU3_Test/Source/BayesFunctions" -I"D:/Fibo/Year2/Term2/STU/Programming/STU3_Programming/STU3_Test/Source/CommonTables" -I"D:/Fibo/Year2/Term2/STU/Programming/STU3_Programming/STU3_Test/Source/ComplexMathFunctions" -I"D:/Fibo/Year2/Term2/STU/Programming/STU3_Programming/STU3_Test/Source/ControllerFunctions" -I"D:/Fibo/Year2/Term2/STU/Programming/STU3_Programming/STU3_Test/Source/DistanceFunctions" -I"D:/Fibo/Year2/Term2/STU/Programming/STU3_Programming/STU3_Test/Source/FastMathFunctions" -I"D:/Fibo/Year2/Term2/STU/Programming/STU3_Programming/STU3_Test/Source/FilteringFunctions" -I"D:/Fibo/Year2/Term2/STU/Programming/STU3_Programming/STU3_Test/Source/InterpolationFunctions" -I"D:/Fibo/Year2/Term2/STU/Programming/STU3_Programming/STU3_Test/Source/MatrixFunctions" -I"D:/Fibo/Year2/Term2/STU/Programming/STU3_Programming/STU3_Test/Source/QuaternionMathFunctions" -I"D:/Fibo/Year2/Term2/STU/Programming/STU3_Programming/STU3_Test/Source/StatisticsFunctions" -I"D:/Fibo/Year2/Term2/STU/Programming/STU3_Programming/STU3_Test/Source/SupportFunctions" -I"D:/Fibo/Year2/Term2/STU/Programming/STU3_Programming/STU3_Test/Source/SVMFunctions" -I"D:/Fibo/Year2/Term2/STU/Programming/STU3_Programming/STU3_Test/Source/TransformFunctions" -I"D:/Fibo/Year2/Term2/STU/Programming/STU3_Programming/STU3_Test/Source/WindowFunctions" -O0 -ffunction-sections -fdata-sections -Wall -fstack-usage -fcyclomatic-complexity -MMD -MP -MF"Core/Src/Anti_backlash.d" -MT"Core/Src/Anti_backlash.o" --specs=nano.specs -mfpu=fpv4-sp-d16 -mfloat-abi=hard -mthumb -o "Core/Src/Anti_backlash.o"
arm-none-eabi-gcc -o "STU3_Test.elf" @"objects.list"   -mcpu=cortex-m4 -T"D:\Fibo\Year2\Term2\STU\Programming\STU3_Programming\STU3_Test\STM32G474RETX_FLASH.ld" --specs=nosys.specs -Wl,-Map="STU3_Test.map" -Wl,--gc-sections -static --specs=nano.specs -mfpu=fpv4-sp-d16 -mfloat-abi=hard -mthumb -Wl,--start-group -lc -lm -Wl,--end-group
Finished building target: STU3_Test.elf
 
arm-none-eabi-size  STU3_Test.elf 
arm-none-eabi-objdump -h -S STU3_Test.elf  > "STU3_Test.list"
   text	   data	    bss	    dec	    hex	filename
  48996	    604	   7136	  56736	   dda0	STU3_Test.elf
Finished building: default.size.stdout
 
Finished building: STU3_Test.list
 
22:03:51 **** Incremental Build of configuration Debug for project STU3_Test ****
make -j16 all 
arm-none-eabi-gcc "../Core/Src/main.c" -mcpu=cortex-m4 -std=gnu11 -g3 -DDEBUG -DUSE_HAL_DRIVER -DSTM32G474xx -c -I../Core/Inc -I../Drivers/STM32G4xx_HAL_Driver/Inc -I../Drivers/STM32G4xx_HAL_Driver/Inc/Legacy -I../Drivers/CMSIS/Device/ST/STM32G4xx/Include -I../Drivers/CMSIS/Include -I../Middlewares/Third_Party/ARM_CMSIS/CMSIS/Core/Include/ -I../Middlewares/Third_Party/ARM_CMSIS/PrivateInclude/ -I../Middlewares/Third_Party/ARM_CMSIS/Include/ -I../Middlewares/Third_Party/ARM_CMSIS/Include -I"D:/Fibo/Year2/Term2/STU/Programming/STU3_Programming/STU3_Test/Source/BasicMathFunctions" -I"D:/Fibo/Year2/Term2/STU/Programming/STU3_Programming/STU3_Test/Source/BayesFunctions" -I"D:/Fibo/Year2/Term2/STU/Programming/STU3_Programming/STU3_Test/Source/CommonTables" -I"D:/Fibo/Year2/Term2/STU/Programming/STU3_Programming/STU3_Test/Source/ComplexMathFunctions" -I"D:/Fibo/Year2/Term2/STU/Programming/STU3_Programming/STU3_Test/Source/ControllerFunctions" -I"D:/Fibo/Year2/Term2/STU/Programming/STU3_Programming/STU3_Test/Source/DistanceFunctions" -I"D:/Fibo/Year2/Term2/STU/Programming/STU3_Programming/STU3_Test/Source/FastMathFunctions" -I"D:/Fibo/Year2/Term2/STU/Programming/STU3_Programming/STU3_Test/Source/FilteringFunctions" -I"D:/Fibo/Year2/Term2/STU/Programming/STU3_Programming/STU3_Test/Source/InterpolationFunctions" -I"D:/Fibo/Year2/Term2/STU/Programming/STU3_Programming/STU3_Test/Source/MatrixFunctions" -I"D:/Fibo/Year2/Term2/STU/Programming/STU3_Programming/STU3_Test/Source/QuaternionMathFunctions" -I"D:/Fibo/Year2/Term2/STU/Programming/STU3_Programming/STU3_Test/Source/StatisticsFunctions" -I"D:/Fibo/Year2/Term2/STU/Programming/STU3_Programming/STU3_Test/Source/SupportFunctions" -I"D:/Fibo/Year2/Term2/STU/Programming/STU3_Programming/STU3_Test/Source/SVMFunctions" -I"D:/Fibo/Year2/Term2/STU/Programming/STU3_Programming/STU3_Test/Source/TransformFunctions" -I"D:/Fibo/Year2/Term2/STU/Programming/STU3_Programming/STU3_Test/Source/WindowFunctions" -O0 -ffunction-sections -fdata-sections -Wall -fstack-usage -fcyclomatic-complexity -MMD -MP -MF"Core/Src/main.d" -MT"Core/Src/main.o" --specs=nano.specs -mfpu=fpv4-sp-d16 -mfloat-abi=hard -mthumb -o "Core/Src/main.o"
../Core/Src/main.c: In function 'main':
../Core/Src/main.c:208:13: warning: unused variable 'pre_tick' [-Wunused-variable]
  208 |         int pre_tick = 0;
      |             ^~~~~~~~
../Core/Src/main.c: In function 'Prismatic_position_control':
../Core/Src/main.c:471:13: warning: variable 'anti_windup' set but not used [-Wunused-but-set-variable]
  471 |         int anti_windup;
      |             ^~~~~~~~~~~
arm-none-eabi-gcc -o "STU3_Test.elf" @"objects.list"   -mcpu=cortex-m4 -T"D:\Fibo\Year2\Term2\STU\Programming\STU3_Programming\STU3_Test\STM32G474RETX_FLASH.ld" --specs=nosys.specs -Wl,-Map="STU3_Test.map" -Wl,--gc-sections -static --specs=nano.specs -mfpu=fpv4-sp-d16 -mfloat-abi=hard -mthumb -Wl,--start-group -lc -lm -Wl,--end-group
Finished building target: STU3_Test.elf
 
arm-none-eabi-size  STU3_Test.elf 
arm-none-eabi-objdump -h -S STU3_Test.elf  > "STU3_Test.list"
   text	   data	    bss	    dec	    hex	filename
  48996	    604	   7136	  56736	   dda0	STU3_Test.elf
Finished building: default.size.stdout
 
Finished building: STU3_Test.list
 
22:09:28 **** Incremental Build of configuration Debug for project Modbus_Test ****
make -j16 all 
arm-none-eabi-gcc "../Core/Src/Based_System_Communication.c" -mcpu=cortex-m4 -std=gnu11 -g3 -DDEBUG -DUSE_HAL_DRIVER -DSTM32G474xx -c -I../Core/Inc -I../Drivers/STM32G4xx_HAL_Driver/Inc -I../Drivers/STM32G4xx_HAL_Driver/Inc/Legacy -I../Drivers/CMSIS/Device/ST/STM32G4xx/Include -I../Drivers/CMSIS/Include -O0 -ffunction-sections -fdata-sections -Wall -fstack-usage -fcyclomatic-complexity -MMD -MP -MF"Core/Src/Based_System_Communication.d" -MT"Core/Src/Based_System_Communication.o" --specs=nano.specs -mfpu=fpv4-sp-d16 -mfloat-abi=hard -mthumb -o "Core/Src/Based_System_Communication.o"
arm-none-eabi-gcc "../Core/Src/main.c" -mcpu=cortex-m4 -std=gnu11 -g3 -DDEBUG -DUSE_HAL_DRIVER -DSTM32G474xx -c -I../Core/Inc -I../Drivers/STM32G4xx_HAL_Driver/Inc -I../Drivers/STM32G4xx_HAL_Driver/Inc/Legacy -I../Drivers/CMSIS/Device/ST/STM32G4xx/Include -I../Drivers/CMSIS/Include -O0 -ffunction-sections -fdata-sections -Wall -fstack-usage -fcyclomatic-complexity -MMD -MP -MF"Core/Src/main.d" -MT"Core/Src/main.o" --specs=nano.specs -mfpu=fpv4-sp-d16 -mfloat-abi=hard -mthumb -o "Core/Src/main.o"
../Core/Src/main.c: In function 'main':
../Core/Src/main.c:121:19: warning: implicit declaration of function 'modbus_set_goal_r_position' [-Wimplicit-function-declaration]
  121 |           R_goal =modbus_set_goal_r_position(&hmodbus);
      |                   ^~~~~~~~~~~~~~~~~~~~~~~~~~
../Core/Src/main.c:122:23: warning: implicit declaration of function 'modbus_set_goal_theta_position' [-Wimplicit-function-declaration]
  122 |           theta_goal =modbus_set_goal_theta_position(&hmodbus);
      |                       ^~~~~~~~~~~~~~~~~~~~~~~~~~~~~~
arm-none-eabi-gcc -o "Modbus_Test.elf" @"objects.list"   -mcpu=cortex-m4 -T"D:\Fibo\Year2\Term2\STU\Programming\STU3_Programming\Modbus_Test\STM32G474RETX_FLASH.ld" --specs=nosys.specs -Wl,-Map="Modbus_Test.map" -Wl,--gc-sections -static --specs=nano.specs -mfpu=fpv4-sp-d16 -mfloat-abi=hard -mthumb -Wl,--start-group -lc -lm -Wl,--end-group
Finished building target: Modbus_Test.elf
 
arm-none-eabi-size  Modbus_Test.elf 
arm-none-eabi-objdump -h -S Modbus_Test.elf  > "Modbus_Test.list"
   text	   data	    bss	    dec	    hex	filename
  33204	    524	   3932	  37660	   931c	Modbus_Test.elf
Finished building: default.size.stdout
 
Finished building: Modbus_Test.list
 
22:11:48 **** Build of configuration Debug for project Modbus_Test ****
make -j16 all 
arm-none-eabi-size  Modbus_Test.elf 
   text	   data	    bss	    dec	    hex	filename
  33204	    524	   3932	  37660	   931c	Modbus_Test.elf
Finished building: default.size.stdout
 
22:15:08 **** Incremental Build of configuration Debug for project Modbus_Test ****
make -j16 all 
arm-none-eabi-gcc "../Core/Src/main.c" -mcpu=cortex-m4 -std=gnu11 -g3 -DDEBUG -DUSE_HAL_DRIVER -DSTM32G474xx -c -I../Core/Inc -I../Drivers/STM32G4xx_HAL_Driver/Inc -I../Drivers/STM32G4xx_HAL_Driver/Inc/Legacy -I../Drivers/CMSIS/Device/ST/STM32G4xx/Include -I../Drivers/CMSIS/Include -O0 -ffunction-sections -fdata-sections -Wall -fstack-usage -fcyclomatic-complexity -MMD -MP -MF"Core/Src/main.d" -MT"Core/Src/main.o" --specs=nano.specs -mfpu=fpv4-sp-d16 -mfloat-abi=hard -mthumb -o "Core/Src/main.o"
../Core/Src/main.c: In function 'main':
../Core/Src/main.c:122:19: warning: implicit declaration of function 'modbus_set_goal_r_position' [-Wimplicit-function-declaration]
  122 |           R_goal =modbus_set_goal_r_position(&hmodbus);
      |                   ^~~~~~~~~~~~~~~~~~~~~~~~~~
../Core/Src/main.c:123:23: warning: implicit declaration of function 'modbus_set_goal_theta_position' [-Wimplicit-function-declaration]
  123 |           theta_goal =modbus_set_goal_theta_position(&hmodbus);
      |                       ^~~~~~~~~~~~~~~~~~~~~~~~~~~~~~
../Core/Src/main.c:124:25: warning: implicit declaration of function 'modbus_Base_System_Status' [-Wimplicit-function-declaration]
  124 |           status_Base = modbus_Base_System_Status(&hmodbus);
      |                         ^~~~~~~~~~~~~~~~~~~~~~~~~
arm-none-eabi-gcc -o "Modbus_Test.elf" @"objects.list"   -mcpu=cortex-m4 -T"D:\Fibo\Year2\Term2\STU\Programming\STU3_Programming\Modbus_Test\STM32G474RETX_FLASH.ld" --specs=nosys.specs -Wl,-Map="Modbus_Test.map" -Wl,--gc-sections -static --specs=nano.specs -mfpu=fpv4-sp-d16 -mfloat-abi=hard -mthumb -Wl,--start-group -lc -lm -Wl,--end-group
Finished building target: Modbus_Test.elf
 
arm-none-eabi-size  Modbus_Test.elf 
arm-none-eabi-objdump -h -S Modbus_Test.elf  > "Modbus_Test.list"
   text	   data	    bss	    dec	    hex	filename
  33252	    524	   3932	  37708	   934c	Modbus_Test.elf
Finished building: default.size.stdout
 
Finished building: Modbus_Test.list
 
22:17:39 **** Incremental Build of configuration Debug for project Modbus_Test ****
make -j16 all 
arm-none-eabi-gcc "../Core/Src/Based_System_Communication.c" -mcpu=cortex-m4 -std=gnu11 -g3 -DDEBUG -DUSE_HAL_DRIVER -DSTM32G474xx -c -I../Core/Inc -I../Drivers/STM32G4xx_HAL_Driver/Inc -I../Drivers/STM32G4xx_HAL_Driver/Inc/Legacy -I../Drivers/CMSIS/Device/ST/STM32G4xx/Include -I../Drivers/CMSIS/Include -O0 -ffunction-sections -fdata-sections -Wall -fstack-usage -fcyclomatic-complexity -MMD -MP -MF"Core/Src/Based_System_Communication.d" -MT"Core/Src/Based_System_Communication.o" --specs=nano.specs -mfpu=fpv4-sp-d16 -mfloat-abi=hard -mthumb -o "Core/Src/Based_System_Communication.o"
arm-none-eabi-gcc -o "Modbus_Test.elf" @"objects.list"   -mcpu=cortex-m4 -T"D:\Fibo\Year2\Term2\STU\Programming\STU3_Programming\Modbus_Test\STM32G474RETX_FLASH.ld" --specs=nosys.specs -Wl,-Map="Modbus_Test.map" -Wl,--gc-sections -static --specs=nano.specs -mfpu=fpv4-sp-d16 -mfloat-abi=hard -mthumb -Wl,--start-group -lc -lm -Wl,--end-group
Finished building target: Modbus_Test.elf
 
arm-none-eabi-size  Modbus_Test.elf 
arm-none-eabi-objdump -h -S Modbus_Test.elf  > "Modbus_Test.list"
   text	   data	    bss	    dec	    hex	filename
  33148	    524	   3932	  37604	   92e4	Modbus_Test.elf
Finished building: default.size.stdout
 
Finished building: Modbus_Test.list
 
22:19:55 **** Incremental Build of configuration Debug for project Modbus_Test ****
make -j16 all 
arm-none-eabi-gcc "../Core/Src/main.c" -mcpu=cortex-m4 -std=gnu11 -g3 -DDEBUG -DUSE_HAL_DRIVER -DSTM32G474xx -c -I../Core/Inc -I../Drivers/STM32G4xx_HAL_Driver/Inc -I../Drivers/STM32G4xx_HAL_Driver/Inc/Legacy -I../Drivers/CMSIS/Device/ST/STM32G4xx/Include -I../Drivers/CMSIS/Include -O0 -ffunction-sections -fdata-sections -Wall -fstack-usage -fcyclomatic-complexity -MMD -MP -MF"Core/Src/main.d" -MT"Core/Src/main.o" --specs=nano.specs -mfpu=fpv4-sp-d16 -mfloat-abi=hard -mthumb -o "Core/Src/main.o"
../Core/Src/main.c: In function 'main':
../Core/Src/main.c:123:19: warning: implicit declaration of function 'modbus_set_goal_r_position' [-Wimplicit-function-declaration]
  123 |           R_goal =modbus_set_goal_r_position(&hmodbus);
      |                   ^~~~~~~~~~~~~~~~~~~~~~~~~~
../Core/Src/main.c:124:23: warning: implicit declaration of function 'modbus_set_goal_theta_position' [-Wimplicit-function-declaration]
  124 |           theta_goal =modbus_set_goal_theta_position(&hmodbus);
      |                       ^~~~~~~~~~~~~~~~~~~~~~~~~~~~~~
../Core/Src/main.c:125:25: warning: implicit declaration of function 'modbus_Base_System_Status' [-Wimplicit-function-declaration]
  125 |           status_Base = modbus_Base_System_Status(&hmodbus);
      |                         ^~~~~~~~~~~~~~~~~~~~~~~~~
../Core/Src/main.c:126:26: warning: implicit declaration of function 'R_Theta_moving_Status' [-Wimplicit-function-declaration]
  126 |           status_moving =R_Theta_moving_Status(&hmodbus);
      |                          ^~~~~~~~~~~~~~~~~~~~~
arm-none-eabi-gcc -o "Modbus_Test.elf" @"objects.list"   -mcpu=cortex-m4 -T"D:\Fibo\Year2\Term2\STU\Programming\STU3_Programming\Modbus_Test\STM32G474RETX_FLASH.ld" --specs=nosys.specs -Wl,-Map="Modbus_Test.map" -Wl,--gc-sections -static --specs=nano.specs -mfpu=fpv4-sp-d16 -mfloat-abi=hard -mthumb -Wl,--start-group -lc -lm -Wl,--end-group
Finished building target: Modbus_Test.elf
 
arm-none-eabi-size  Modbus_Test.elf 
arm-none-eabi-objdump -h -S Modbus_Test.elf  > "Modbus_Test.list"
   text	   data	    bss	    dec	    hex	filename
  33204	    524	   3932	  37660	   931c	Modbus_Test.elf
Finished building: default.size.stdout
 
Finished building: Modbus_Test.list
 
22:25:00 **** Incremental Build of configuration Debug for project Modbus_Test ****
make -j16 all 
arm-none-eabi-gcc "../Core/Src/main.c" -mcpu=cortex-m4 -std=gnu11 -g3 -DDEBUG -DUSE_HAL_DRIVER -DSTM32G474xx -c -I../Core/Inc -I../Drivers/STM32G4xx_HAL_Driver/Inc -I../Drivers/STM32G4xx_HAL_Driver/Inc/Legacy -I../Drivers/CMSIS/Device/ST/STM32G4xx/Include -I../Drivers/CMSIS/Include -O0 -ffunction-sections -fdata-sections -Wall -fstack-usage -fcyclomatic-complexity -MMD -MP -MF"Core/Src/main.d" -MT"Core/Src/main.o" --specs=nano.specs -mfpu=fpv4-sp-d16 -mfloat-abi=hard -mthumb -o "Core/Src/main.o"
../Core/Src/main.c: In function 'main':
../Core/Src/main.c:124:19: warning: implicit declaration of function 'modbus_set_goal_r_position' [-Wimplicit-function-declaration]
  124 |           R_goal =modbus_set_goal_r_position(&hmodbus);
      |                   ^~~~~~~~~~~~~~~~~~~~~~~~~~
../Core/Src/main.c:125:23: warning: implicit declaration of function 'modbus_set_goal_theta_position' [-Wimplicit-function-declaration]
  125 |           theta_goal =modbus_set_goal_theta_position(&hmodbus);
      |                       ^~~~~~~~~~~~~~~~~~~~~~~~~~~~~~
../Core/Src/main.c:126:25: warning: implicit declaration of function 'modbus_Base_System_Status' [-Wimplicit-function-declaration]
  126 |           status_Base = modbus_Base_System_Status(&hmodbus);
      |                         ^~~~~~~~~~~~~~~~~~~~~~~~~
../Core/Src/main.c:127:26: warning: implicit declaration of function 'R_Theta_moving_Status' [-Wimplicit-function-declaration]
  127 |           status_moving =R_Theta_moving_Status(&hmodbus,A);
      |                          ^~~~~~~~~~~~~~~~~~~~~
arm-none-eabi-gcc -o "Modbus_Test.elf" @"objects.list"   -mcpu=cortex-m4 -T"D:\Fibo\Year2\Term2\STU\Programming\STU3_Programming\Modbus_Test\STM32G474RETX_FLASH.ld" --specs=nosys.specs -Wl,-Map="Modbus_Test.map" -Wl,--gc-sections -static --specs=nano.specs -mfpu=fpv4-sp-d16 -mfloat-abi=hard -mthumb -Wl,--start-group -lc -lm -Wl,--end-group
Finished building target: Modbus_Test.elf
 
arm-none-eabi-size  Modbus_Test.elf 
arm-none-eabi-objdump -h -S Modbus_Test.elf  > "Modbus_Test.list"
   text	   data	    bss	    dec	    hex	filename
  33212	    524	   3932	  37668	   9324	Modbus_Test.elf
Finished building: default.size.stdout
 
Finished building: Modbus_Test.list
 
