21:36:15 **** Build of configuration Debug for project STU3_Test ****
make -j16 all 
arm-none-eabi-size  STU3_Test.elf 
   text	   data	    bss	    dec	    hex	filename
  39400	    532	   5108	  45040	   aff0	STU3_Test.elf
Finished building: default.size.stdout
 
21:44:00 **** Incremental Build of configuration Debug for project STU3_Test ****
make -j16 all 
arm-none-eabi-gcc "../Core/Src/Based_System_Communication.c" -mcpu=cortex-m4 -std=gnu11 -g3 -DDEBUG -DUSE_HAL_DRIVER -DSTM32G474xx -c -I../Core/Inc -I../Drivers/STM32G4xx_HAL_Driver/Inc -I../Drivers/STM32G4xx_HAL_Driver/Inc/Legacy -I../Drivers/CMSIS/Device/ST/STM32G4xx/Include -I../Drivers/CMSIS/Include -O0 -ffunction-sections -fdata-sections -Wall -fstack-usage -fcyclomatic-complexity -MMD -MP -MF"Core/Src/Based_System_Communication.d" -MT"Core/Src/Based_System_Communication.o" --specs=nano.specs -mfpu=fpv4-sp-d16 -mfloat-abi=hard -mthumb -o "Core/Src/Based_System_Communication.o"
arm-none-eabi-gcc "../Core/Src/main.c" -mcpu=cortex-m4 -std=gnu11 -g3 -DDEBUG -DUSE_HAL_DRIVER -DSTM32G474xx -c -I../Core/Inc -I../Drivers/STM32G4xx_HAL_Driver/Inc -I../Drivers/STM32G4xx_HAL_Driver/Inc/Legacy -I../Drivers/CMSIS/Device/ST/STM32G4xx/Include -I../Drivers/CMSIS/Include -O0 -ffunction-sections -fdata-sections -Wall -fstack-usage -fcyclomatic-complexity -MMD -MP -MF"Core/Src/main.d" -MT"Core/Src/main.o" --specs=nano.specs -mfpu=fpv4-sp-d16 -mfloat-abi=hard -mthumb -o "Core/Src/main.o"
../Core/Src/main.c: In function 'main':
../Core/Src/main.c:142:13: warning: unused variable 'lastTick' [-Wunused-variable]
  142 |         int lastTick = 0;
      |             ^~~~~~~~
../Core/Src/Based_System_Communication.c: In function 'set_Target_Position_ten_points':
../Core/Src/Based_System_Communication.c:62:41: error: 'i' undeclared (first use in this function)
   62 |         hmodbus->RegisterAddress[0x20 + i].U16 = point;
      |                                         ^
../Core/Src/Based_System_Communication.c:62:41: note: each undeclared identifier is reported only once for each function it appears in
make: *** [Core/Src/subdir.mk:46: Core/Src/Based_System_Communication.o] Error 1
make: *** Waiting for unfinished jobs....
"make -j16 all" terminated with exit code 2. Build might be incomplete.
21:44:36 **** Incremental Build of configuration Debug for project STU3_Test ****
make -j16 all 
arm-none-eabi-gcc "../Core/Src/Based_System_Communication.c" -mcpu=cortex-m4 -std=gnu11 -g3 -DDEBUG -DUSE_HAL_DRIVER -DSTM32G474xx -c -I../Core/Inc -I../Drivers/STM32G4xx_HAL_Driver/Inc -I../Drivers/STM32G4xx_HAL_Driver/Inc/Legacy -I../Drivers/CMSIS/Device/ST/STM32G4xx/Include -I../Drivers/CMSIS/Include -O0 -ffunction-sections -fdata-sections -Wall -fstack-usage -fcyclomatic-complexity -MMD -MP -MF"Core/Src/Based_System_Communication.d" -MT"Core/Src/Based_System_Communication.o" --specs=nano.specs -mfpu=fpv4-sp-d16 -mfloat-abi=hard -mthumb -o "Core/Src/Based_System_Communication.o"
arm-none-eabi-gcc -o "STU3_Test.elf" @"objects.list"   -mcpu=cortex-m4 -T"D:\Fibo\Year2\Term2\STU\STU_3_Programming\STU3_Programming\STU3_Test\STM32G474RETX_FLASH.ld" --specs=nosys.specs -Wl,-Map="STU3_Test.map" -Wl,--gc-sections -static --specs=nano.specs -mfpu=fpv4-sp-d16 -mfloat-abi=hard -mthumb -Wl,--start-group -lc -lm -Wl,--end-group
Finished building target: STU3_Test.elf
 
arm-none-eabi-size  STU3_Test.elf 
arm-none-eabi-objdump -h -S STU3_Test.elf  > "STU3_Test.list"
   text	   data	    bss	    dec	    hex	filename
  39456	    532	   5108	  45096	   b028	STU3_Test.elf
Finished building: default.size.stdout
 
Finished building: STU3_Test.list
 
21:48:12 **** Incremental Build of configuration Debug for project STU3_Test ****
make -j16 all 
arm-none-eabi-gcc "../Core/Src/main.c" -mcpu=cortex-m4 -std=gnu11 -g3 -DDEBUG -DUSE_HAL_DRIVER -DSTM32G474xx -c -I../Core/Inc -I../Drivers/STM32G4xx_HAL_Driver/Inc -I../Drivers/STM32G4xx_HAL_Driver/Inc/Legacy -I../Drivers/CMSIS/Device/ST/STM32G4xx/Include -I../Drivers/CMSIS/Include -O0 -ffunction-sections -fdata-sections -Wall -fstack-usage -fcyclomatic-complexity -MMD -MP -MF"Core/Src/main.d" -MT"Core/Src/main.o" --specs=nano.specs -mfpu=fpv4-sp-d16 -mfloat-abi=hard -mthumb -o "Core/Src/main.o"
../Core/Src/main.c: In function 'main':
../Core/Src/main.c:142:13: warning: unused variable 'lastTick' [-Wunused-variable]
  142 |         int lastTick = 0;
      |             ^~~~~~~~
arm-none-eabi-gcc -o "STU3_Test.elf" @"objects.list"   -mcpu=cortex-m4 -T"D:\Fibo\Year2\Term2\STU\STU_3_Programming\STU3_Programming\STU3_Test\STM32G474RETX_FLASH.ld" --specs=nosys.specs -Wl,-Map="STU3_Test.map" -Wl,--gc-sections -static --specs=nano.specs -mfpu=fpv4-sp-d16 -mfloat-abi=hard -mthumb -Wl,--start-group -lc -lm -Wl,--end-group
Finished building target: STU3_Test.elf
 
arm-none-eabi-size  STU3_Test.elf 
arm-none-eabi-objdump -h -S STU3_Test.elf  > "STU3_Test.list"
   text	   data	    bss	    dec	    hex	filename
  39476	    532	   5108	  45116	   b03c	STU3_Test.elf
Finished building: default.size.stdout
 
Finished building: STU3_Test.list
 
21:49:49 **** Incremental Build of configuration Debug for project STU3_Test ****
make -j16 all 
arm-none-eabi-gcc "../Core/Src/Based_System_Communication.c" -mcpu=cortex-m4 -std=gnu11 -g3 -DDEBUG -DUSE_HAL_DRIVER -DSTM32G474xx -c -I../Core/Inc -I../Drivers/STM32G4xx_HAL_Driver/Inc -I../Drivers/STM32G4xx_HAL_Driver/Inc/Legacy -I../Drivers/CMSIS/Device/ST/STM32G4xx/Include -I../Drivers/CMSIS/Include -O0 -ffunction-sections -fdata-sections -Wall -fstack-usage -fcyclomatic-complexity -MMD -MP -MF"Core/Src/Based_System_Communication.d" -MT"Core/Src/Based_System_Communication.o" --specs=nano.specs -mfpu=fpv4-sp-d16 -mfloat-abi=hard -mthumb -o "Core/Src/Based_System_Communication.o"
arm-none-eabi-gcc "../Core/Src/main.c" -mcpu=cortex-m4 -std=gnu11 -g3 -DDEBUG -DUSE_HAL_DRIVER -DSTM32G474xx -c -I../Core/Inc -I../Drivers/STM32G4xx_HAL_Driver/Inc -I../Drivers/STM32G4xx_HAL_Driver/Inc/Legacy -I../Drivers/CMSIS/Device/ST/STM32G4xx/Include -I../Drivers/CMSIS/Include -O0 -ffunction-sections -fdata-sections -Wall -fstack-usage -fcyclomatic-complexity -MMD -MP -MF"Core/Src/main.d" -MT"Core/Src/main.o" --specs=nano.specs -mfpu=fpv4-sp-d16 -mfloat-abi=hard -mthumb -o "Core/Src/main.o"
../Core/Src/main.c: In function 'main':
../Core/Src/main.c:142:13: warning: unused variable 'lastTick' [-Wunused-variable]
  142 |         int lastTick = 0;
      |             ^~~~~~~~
arm-none-eabi-gcc -o "STU3_Test.elf" @"objects.list"   -mcpu=cortex-m4 -T"D:\Fibo\Year2\Term2\STU\STU_3_Programming\STU3_Programming\STU3_Test\STM32G474RETX_FLASH.ld" --specs=nosys.specs -Wl,-Map="STU3_Test.map" -Wl,--gc-sections -static --specs=nano.specs -mfpu=fpv4-sp-d16 -mfloat-abi=hard -mthumb -Wl,--start-group -lc -lm -Wl,--end-group
Finished building target: STU3_Test.elf
 
arm-none-eabi-size  STU3_Test.elf 
arm-none-eabi-objdump -h -S STU3_Test.elf  > "STU3_Test.list"
   text	   data	    bss	    dec	    hex	filename
  39500	    532	   5108	  45140	   b054	STU3_Test.elf
Finished building: default.size.stdout
 
Finished building: STU3_Test.list
 
22:02:15 **** Incremental Build of configuration Debug for project STU3_Test ****
make -j16 all 
arm-none-eabi-gcc "../Core/Src/Based_System_Communication.c" -mcpu=cortex-m4 -std=gnu11 -g3 -DDEBUG -DUSE_HAL_DRIVER -DSTM32G474xx -c -I../Core/Inc -I../Drivers/STM32G4xx_HAL_Driver/Inc -I../Drivers/STM32G4xx_HAL_Driver/Inc/Legacy -I../Drivers/CMSIS/Device/ST/STM32G4xx/Include -I../Drivers/CMSIS/Include -O0 -ffunction-sections -fdata-sections -Wall -fstack-usage -fcyclomatic-complexity -MMD -MP -MF"Core/Src/Based_System_Communication.d" -MT"Core/Src/Based_System_Communication.o" --specs=nano.specs -mfpu=fpv4-sp-d16 -mfloat-abi=hard -mthumb -o "Core/Src/Based_System_Communication.o"
arm-none-eabi-gcc "../Core/Src/main.c" -mcpu=cortex-m4 -std=gnu11 -g3 -DDEBUG -DUSE_HAL_DRIVER -DSTM32G474xx -c -I../Core/Inc -I../Drivers/STM32G4xx_HAL_Driver/Inc -I../Drivers/STM32G4xx_HAL_Driver/Inc/Legacy -I../Drivers/CMSIS/Device/ST/STM32G4xx/Include -I../Drivers/CMSIS/Include -O0 -ffunction-sections -fdata-sections -Wall -fstack-usage -fcyclomatic-complexity -MMD -MP -MF"Core/Src/main.d" -MT"Core/Src/main.o" --specs=nano.specs -mfpu=fpv4-sp-d16 -mfloat-abi=hard -mthumb -o "Core/Src/main.o"
../Core/Src/main.c: In function 'main':
../Core/Src/main.c:142:13: warning: unused variable 'lastTick' [-Wunused-variable]
  142 |         int lastTick = 0;
      |             ^~~~~~~~
arm-none-eabi-gcc -o "STU3_Test.elf" @"objects.list"   -mcpu=cortex-m4 -T"D:\Fibo\Year2\Term2\STU\STU_3_Programming\STU3_Programming\STU3_Test\STM32G474RETX_FLASH.ld" --specs=nosys.specs -Wl,-Map="STU3_Test.map" -Wl,--gc-sections -static --specs=nano.specs -mfpu=fpv4-sp-d16 -mfloat-abi=hard -mthumb -Wl,--start-group -lc -lm -Wl,--end-group
Finished building target: STU3_Test.elf
 
arm-none-eabi-size  STU3_Test.elf 
arm-none-eabi-objdump -h -S STU3_Test.elf  > "STU3_Test.list"
   text	   data	    bss	    dec	    hex	filename
  39480	    532	   5108	  45120	   b040	STU3_Test.elf
Finished building: default.size.stdout
 
Finished building: STU3_Test.list
 
22:10:58 **** Incremental Build of configuration Debug for project STU3_Test ****
make -j16 all 
arm-none-eabi-size  STU3_Test.elf 
   text	   data	    bss	    dec	    hex	filename
  39480	    532	   5108	  45120	   b040	STU3_Test.elf
Finished building: default.size.stdout
 
22:33:10 **** Incremental Build of configuration Debug for project STU3_Test ****
make -j16 all 
arm-none-eabi-size  STU3_Test.elf 
   text	   data	    bss	    dec	    hex	filename
  39480	    532	   5108	  45120	   b040	STU3_Test.elf
Finished building: default.size.stdout
 
22:35:03 **** Incremental Build of configuration Debug for project STU3_Test ****
make -j16 all 
arm-none-eabi-size  STU3_Test.elf 
   text	   data	    bss	    dec	    hex	filename
  39480	    532	   5108	  45120	   b040	STU3_Test.elf
Finished building: default.size.stdout
 
12:44:16 **** Incremental Build of configuration Debug for project STU3_Test ****
make -j16 all 
arm-none-eabi-size  STU3_Test.elf 
   text	   data	    bss	    dec	    hex	filename
  39480	    532	   5108	  45120	   b040	STU3_Test.elf
Finished building: default.size.stdout
 
17:11:58 **** Build of configuration Debug for project STU3_Test ****
make -j16 all 
arm-none-eabi-gcc "../Core/Src/main.c" -mcpu=cortex-m4 -std=gnu11 -g3 -DDEBUG -DUSE_HAL_DRIVER -DSTM32G474xx -c -I../Core/Inc -I../Drivers/STM32G4xx_HAL_Driver/Inc -I../Drivers/STM32G4xx_HAL_Driver/Inc/Legacy -I../Drivers/CMSIS/Device/ST/STM32G4xx/Include -I../Drivers/CMSIS/Include -O0 -ffunction-sections -fdata-sections -Wall -fstack-usage -fcyclomatic-complexity -MMD -MP -MF"Core/Src/main.d" -MT"Core/Src/main.o" --specs=nano.specs -mfpu=fpv4-sp-d16 -mfloat-abi=hard -mthumb -o "Core/Src/main.o"
../Core/Src/main.c: In function 'main':
../Core/Src/main.c:200:21: error: 'dt' undeclared (first use in this function)
  200 |                 if (dt >= 0.01f) {
      |                     ^~
../Core/Src/main.c:200:21: note: each undeclared identifier is reported only once for each function it appears in
../Core/Src/main.c:203:36: error: 'currentTick' undeclared (first use in this function)
  203 |                         lastTick = currentTick;
      |                                    ^~~~~~~~~~~
../Core/Src/main.c:267:13: error: invalid storage class for function 'MX_ADC1_Init'
  267 | static void MX_ADC1_Init(void) {
      |             ^~~~~~~~~~~~
../Core/Src/main.c:331:13: error: invalid storage class for function 'MX_TIM1_Init'
  331 | static void MX_TIM1_Init(void) {
      |             ^~~~~~~~~~~~
../Core/Src/main.c:375:13: error: invalid storage class for function 'MX_TIM2_Init'
  375 | static void MX_TIM2_Init(void) {
      |             ^~~~~~~~~~~~
../Core/Src/main.c:417:13: error: invalid storage class for function 'MX_TIM3_Init'
  417 | static void MX_TIM3_Init(void) {
      |             ^~~~~~~~~~~~
../Core/Src/main.c:464:13: error: invalid storage class for function 'MX_TIM4_Init'
  464 | static void MX_TIM4_Init(void) {
      |             ^~~~~~~~~~~~
../Core/Src/main.c:511:13: error: invalid storage class for function 'MX_TIM8_Init'
  511 | static void MX_TIM8_Init(void) {
      |             ^~~~~~~~~~~~
../Core/Src/main.c:589:13: error: invalid storage class for function 'MX_TIM16_Init'
  589 | static void MX_TIM16_Init(void) {
      |             ^~~~~~~~~~~~~
../Core/Src/main.c:651:13: error: invalid storage class for function 'MX_TIM20_Init'
  651 | static void MX_TIM20_Init(void) {
      |             ^~~~~~~~~~~~~
../Core/Src/main.c:733:13: error: invalid storage class for function 'MX_USART2_UART_Init'
  733 | static void MX_USART2_UART_Init(void) {
      |             ^~~~~~~~~~~~~~~~~~~
../Core/Src/main.c:776:13: error: invalid storage class for function 'MX_DMA_Init'
  776 | static void MX_DMA_Init(void) {
      |             ^~~~~~~~~~~
../Core/Src/main.c:794:13: error: invalid storage class for function 'MX_GPIO_Init'
  794 | static void MX_GPIO_Init(void) {
      |             ^~~~~~~~~~~~
../Core/Src/main.c:895:1: error: expected declaration or statement at end of input
  895 | }
      | ^
../Core/Src/main.c:142:13: warning: variable 'lastTick' set but not used [-Wunused-but-set-variable]
  142 |         int lastTick = 0;
      |             ^~~~~~~~
../Core/Src/main.c: At top level:
../Core/Src/main.c:82:13: warning: 'MX_GPIO_Init' used but never defined
   82 | static void MX_GPIO_Init(void);
      |             ^~~~~~~~~~~~
../Core/Src/main.c:83:13: warning: 'MX_DMA_Init' used but never defined
   83 | static void MX_DMA_Init(void);
      |             ^~~~~~~~~~~
../Core/Src/main.c:84:13: warning: 'MX_TIM3_Init' used but never defined
   84 | static void MX_TIM3_Init(void);
      |             ^~~~~~~~~~~~
../Core/Src/main.c:85:13: warning: 'MX_ADC1_Init' used but never defined
   85 | static void MX_ADC1_Init(void);
      |             ^~~~~~~~~~~~
../Core/Src/main.c:86:13: warning: 'MX_TIM1_Init' used but never defined
   86 | static void MX_TIM1_Init(void);
      |             ^~~~~~~~~~~~
../Core/Src/main.c:87:13: warning: 'MX_TIM2_Init' used but never defined
   87 | static void MX_TIM2_Init(void);
      |             ^~~~~~~~~~~~
../Core/Src/main.c:88:13: warning: 'MX_TIM4_Init' used but never defined
   88 | static void MX_TIM4_Init(void);
      |             ^~~~~~~~~~~~
../Core/Src/main.c:89:13: warning: 'MX_TIM20_Init' used but never defined
   89 | static void MX_TIM20_Init(void);
      |             ^~~~~~~~~~~~~
../Core/Src/main.c:90:13: warning: 'MX_TIM8_Init' used but never defined
   90 | static void MX_TIM8_Init(void);
      |             ^~~~~~~~~~~~
../Core/Src/main.c:91:13: warning: 'MX_TIM16_Init' used but never defined
   91 | static void MX_TIM16_Init(void);
      |             ^~~~~~~~~~~~~
../Core/Src/main.c:92:13: warning: 'MX_USART2_UART_Init' used but never defined
   92 | static void MX_USART2_UART_Init(void);
      |             ^~~~~~~~~~~~~~~~~~~
../Core/Src/main.c:888:6: warning: 'Error_Handler' defined but not used [-Wunused-function]
  888 | void Error_Handler(void) {
      |      ^~~~~~~~~~~~~
../Core/Src/main.c:875:6: warning: 'HAL_GPIO_EXTI_Callback' defined but not used [-Wunused-function]
  875 | void HAL_GPIO_EXTI_Callback(uint16_t GPIO_Pin) {
      |      ^~~~~~~~~~~~~~~~~~~~~~
../Core/Src/main.c:794:13: warning: 'MX_GPIO_Init' defined but not used [-Wunused-function]
  794 | static void MX_GPIO_Init(void) {
      |             ^~~~~~~~~~~~
../Core/Src/main.c:776:13: warning: 'MX_DMA_Init' defined but not used [-Wunused-function]
  776 | static void MX_DMA_Init(void) {
      |             ^~~~~~~~~~~
../Core/Src/main.c:733:13: warning: 'MX_USART2_UART_Init' defined but not used [-Wunused-function]
  733 | static void MX_USART2_UART_Init(void) {
      |             ^~~~~~~~~~~~~~~~~~~
../Core/Src/main.c:651:13: warning: 'MX_TIM20_Init' defined but not used [-Wunused-function]
  651 | static void MX_TIM20_Init(void) {
      |             ^~~~~~~~~~~~~
../Core/Src/main.c:589:13: warning: 'MX_TIM16_Init' defined but not used [-Wunused-function]
  589 | static void MX_TIM16_Init(void) {
      |             ^~~~~~~~~~~~~
../Core/Src/main.c:511:13: warning: 'MX_TIM8_Init' defined but not used [-Wunused-function]
  511 | static void MX_TIM8_Init(void) {
      |             ^~~~~~~~~~~~
../Core/Src/main.c:464:13: warning: 'MX_TIM4_Init' defined but not used [-Wunused-function]
  464 | static void MX_TIM4_Init(void) {
      |             ^~~~~~~~~~~~
../Core/Src/main.c:417:13: warning: 'MX_TIM3_Init' defined but not used [-Wunused-function]
  417 | static void MX_TIM3_Init(void) {
      |             ^~~~~~~~~~~~
../Core/Src/main.c:375:13: warning: 'MX_TIM2_Init' defined but not used [-Wunused-function]
  375 | static void MX_TIM2_Init(void) {
      |             ^~~~~~~~~~~~
../Core/Src/main.c:331:13: warning: 'MX_TIM1_Init' defined but not used [-Wunused-function]
  331 | static void MX_TIM1_Init(void) {
      |             ^~~~~~~~~~~~
../Core/Src/main.c:267:13: warning: 'MX_ADC1_Init' defined but not used [-Wunused-function]
  267 | static void MX_ADC1_Init(void) {
      |             ^~~~~~~~~~~~
../Core/Src/main.c:223:6: warning: 'SystemClock_Config' defined but not used [-Wunused-function]
  223 | void SystemClock_Config(void) {
      |      ^~~~~~~~~~~~~~~~~~
make: *** [Core/Src/subdir.mk:46: Core/Src/main.o] Error 1
"make -j16 all" terminated with exit code 2. Build might be incomplete.
17:13:06 **** Incremental Build of configuration Debug for project STU3_Test ****
make -j16 all 
arm-none-eabi-gcc "../Core/Src/main.c" -mcpu=cortex-m4 -std=gnu11 -g3 -DDEBUG -DUSE_HAL_DRIVER -DSTM32G474xx -c -I../Core/Inc -I../Drivers/STM32G4xx_HAL_Driver/Inc -I../Drivers/STM32G4xx_HAL_Driver/Inc/Legacy -I../Drivers/CMSIS/Device/ST/STM32G4xx/Include -I../Drivers/CMSIS/Include -O0 -ffunction-sections -fdata-sections -Wall -fstack-usage -fcyclomatic-complexity -MMD -MP -MF"Core/Src/main.d" -MT"Core/Src/main.o" --specs=nano.specs -mfpu=fpv4-sp-d16 -mfloat-abi=hard -mthumb -o "Core/Src/main.o"
../Core/Src/main.c: In function 'main':
../Core/Src/main.c:267:13: error: invalid storage class for function 'MX_ADC1_Init'
  267 | static void MX_ADC1_Init(void) {
      |             ^~~~~~~~~~~~
../Core/Src/main.c:331:13: error: invalid storage class for function 'MX_TIM1_Init'
  331 | static void MX_TIM1_Init(void) {
      |             ^~~~~~~~~~~~
../Core/Src/main.c:375:13: error: invalid storage class for function 'MX_TIM2_Init'
  375 | static void MX_TIM2_Init(void) {
      |             ^~~~~~~~~~~~
../Core/Src/main.c:417:13: error: invalid storage class for function 'MX_TIM3_Init'
  417 | static void MX_TIM3_Init(void) {
      |             ^~~~~~~~~~~~
../Core/Src/main.c:464:13: error: invalid storage class for function 'MX_TIM4_Init'
  464 | static void MX_TIM4_Init(void) {
      |             ^~~~~~~~~~~~
../Core/Src/main.c:511:13: error: invalid storage class for function 'MX_TIM8_Init'
  511 | static void MX_TIM8_Init(void) {
      |             ^~~~~~~~~~~~
../Core/Src/main.c:589:13: error: invalid storage class for function 'MX_TIM16_Init'
  589 | static void MX_TIM16_Init(void) {
      |             ^~~~~~~~~~~~~
../Core/Src/main.c:651:13: error: invalid storage class for function 'MX_TIM20_Init'
  651 | static void MX_TIM20_Init(void) {
      |             ^~~~~~~~~~~~~
../Core/Src/main.c:733:13: error: invalid storage class for function 'MX_USART2_UART_Init'
  733 | static void MX_USART2_UART_Init(void) {
      |             ^~~~~~~~~~~~~~~~~~~
../Core/Src/main.c:776:13: error: invalid storage class for function 'MX_DMA_Init'
  776 | static void MX_DMA_Init(void) {
      |             ^~~~~~~~~~~
../Core/Src/main.c:794:13: error: invalid storage class for function 'MX_GPIO_Init'
  794 | static void MX_GPIO_Init(void) {
      |             ^~~~~~~~~~~~
../Core/Src/main.c:895:1: error: expected declaration or statement at end of input
  895 | }
      | ^
../Core/Src/main.c: At top level:
../Core/Src/main.c:82:13: warning: 'MX_GPIO_Init' used but never defined
   82 | static void MX_GPIO_Init(void);
      |             ^~~~~~~~~~~~
../Core/Src/main.c:83:13: warning: 'MX_DMA_Init' used but never defined
   83 | static void MX_DMA_Init(void);
      |             ^~~~~~~~~~~
../Core/Src/main.c:84:13: warning: 'MX_TIM3_Init' used but never defined
   84 | static void MX_TIM3_Init(void);
      |             ^~~~~~~~~~~~
../Core/Src/main.c:85:13: warning: 'MX_ADC1_Init' used but never defined
   85 | static void MX_ADC1_Init(void);
      |             ^~~~~~~~~~~~
../Core/Src/main.c:86:13: warning: 'MX_TIM1_Init' used but never defined
   86 | static void MX_TIM1_Init(void);
      |             ^~~~~~~~~~~~
../Core/Src/main.c:87:13: warning: 'MX_TIM2_Init' used but never defined
   87 | static void MX_TIM2_Init(void);
      |             ^~~~~~~~~~~~
../Core/Src/main.c:88:13: warning: 'MX_TIM4_Init' used but never defined
   88 | static void MX_TIM4_Init(void);
      |             ^~~~~~~~~~~~
../Core/Src/main.c:89:13: warning: 'MX_TIM20_Init' used but never defined
   89 | static void MX_TIM20_Init(void);
      |             ^~~~~~~~~~~~~
../Core/Src/main.c:90:13: warning: 'MX_TIM8_Init' used but never defined
   90 | static void MX_TIM8_Init(void);
      |             ^~~~~~~~~~~~
../Core/Src/main.c:91:13: warning: 'MX_TIM16_Init' used but never defined
   91 | static void MX_TIM16_Init(void);
      |             ^~~~~~~~~~~~~
../Core/Src/main.c:92:13: warning: 'MX_USART2_UART_Init' used but never defined
   92 | static void MX_USART2_UART_Init(void);
      |             ^~~~~~~~~~~~~~~~~~~
../Core/Src/main.c:888:6: warning: 'Error_Handler' defined but not used [-Wunused-function]
  888 | void Error_Handler(void) {
      |      ^~~~~~~~~~~~~
../Core/Src/main.c:875:6: warning: 'HAL_GPIO_EXTI_Callback' defined but not used [-Wunused-function]
  875 | void HAL_GPIO_EXTI_Callback(uint16_t GPIO_Pin) {
      |      ^~~~~~~~~~~~~~~~~~~~~~
../Core/Src/main.c:794:13: warning: 'MX_GPIO_Init' defined but not used [-Wunused-function]
  794 | static void MX_GPIO_Init(void) {
      |             ^~~~~~~~~~~~
../Core/Src/main.c:776:13: warning: 'MX_DMA_Init' defined but not used [-Wunused-function]
  776 | static void MX_DMA_Init(void) {
      |             ^~~~~~~~~~~
../Core/Src/main.c:733:13: warning: 'MX_USART2_UART_Init' defined but not used [-Wunused-function]
  733 | static void MX_USART2_UART_Init(void) {
      |             ^~~~~~~~~~~~~~~~~~~
../Core/Src/main.c:651:13: warning: 'MX_TIM20_Init' defined but not used [-Wunused-function]
  651 | static void MX_TIM20_Init(void) {
      |             ^~~~~~~~~~~~~
../Core/Src/main.c:589:13: warning: 'MX_TIM16_Init' defined but not used [-Wunused-function]
  589 | static void MX_TIM16_Init(void) {
      |             ^~~~~~~~~~~~~
../Core/Src/main.c:511:13: warning: 'MX_TIM8_Init' defined but not used [-Wunused-function]
  511 | static void MX_TIM8_Init(void) {
      |             ^~~~~~~~~~~~
../Core/Src/main.c:464:13: warning: 'MX_TIM4_Init' defined but not used [-Wunused-function]
  464 | static void MX_TIM4_Init(void) {
      |             ^~~~~~~~~~~~
../Core/Src/main.c:417:13: warning: 'MX_TIM3_Init' defined but not used [-Wunused-function]
  417 | static void MX_TIM3_Init(void) {
      |             ^~~~~~~~~~~~
../Core/Src/main.c:375:13: warning: 'MX_TIM2_Init' defined but not used [-Wunused-function]
  375 | static void MX_TIM2_Init(void) {
      |             ^~~~~~~~~~~~
../Core/Src/main.c:331:13: warning: 'MX_TIM1_Init' defined but not used [-Wunused-function]
  331 | static void MX_TIM1_Init(void) {
      |             ^~~~~~~~~~~~
../Core/Src/main.c:267:13: warning: 'MX_ADC1_Init' defined but not used [-Wunused-function]
  267 | static void MX_ADC1_Init(void) {
      |             ^~~~~~~~~~~~
../Core/Src/main.c:223:6: warning: 'SystemClock_Config' defined but not used [-Wunused-function]
  223 | void SystemClock_Config(void) {
      |      ^~~~~~~~~~~~~~~~~~
make: *** [Core/Src/subdir.mk:46: Core/Src/main.o] Error 1
"make -j16 all" terminated with exit code 2. Build might be incomplete.
17:13:15 **** Incremental Build of configuration Debug for project STU3_Test ****
make -j16 all 
arm-none-eabi-gcc "../Core/Src/main.c" -mcpu=cortex-m4 -std=gnu11 -g3 -DDEBUG -DUSE_HAL_DRIVER -DSTM32G474xx -c -I../Core/Inc -I../Drivers/STM32G4xx_HAL_Driver/Inc -I../Drivers/STM32G4xx_HAL_Driver/Inc/Legacy -I../Drivers/CMSIS/Device/ST/STM32G4xx/Include -I../Drivers/CMSIS/Include -O0 -ffunction-sections -fdata-sections -Wall -fstack-usage -fcyclomatic-complexity -MMD -MP -MF"Core/Src/main.d" -MT"Core/Src/main.o" --specs=nano.specs -mfpu=fpv4-sp-d16 -mfloat-abi=hard -mthumb -o "Core/Src/main.o"
../Core/Src/main.c: In function 'main':
../Core/Src/main.c:267:13: error: invalid storage class for function 'MX_ADC1_Init'
  267 | static void MX_ADC1_Init(void) {
      |             ^~~~~~~~~~~~
../Core/Src/main.c:331:13: error: invalid storage class for function 'MX_TIM1_Init'
  331 | static void MX_TIM1_Init(void) {
      |             ^~~~~~~~~~~~
../Core/Src/main.c:375:13: error: invalid storage class for function 'MX_TIM2_Init'
  375 | static void MX_TIM2_Init(void) {
      |             ^~~~~~~~~~~~
../Core/Src/main.c:417:13: error: invalid storage class for function 'MX_TIM3_Init'
  417 | static void MX_TIM3_Init(void) {
      |             ^~~~~~~~~~~~
../Core/Src/main.c:464:13: error: invalid storage class for function 'MX_TIM4_Init'
  464 | static void MX_TIM4_Init(void) {
      |             ^~~~~~~~~~~~
../Core/Src/main.c:511:13: error: invalid storage class for function 'MX_TIM8_Init'
  511 | static void MX_TIM8_Init(void) {
      |             ^~~~~~~~~~~~
../Core/Src/main.c:589:13: error: invalid storage class for function 'MX_TIM16_Init'
  589 | static void MX_TIM16_Init(void) {
      |             ^~~~~~~~~~~~~
../Core/Src/main.c:651:13: error: invalid storage class for function 'MX_TIM20_Init'
  651 | static void MX_TIM20_Init(void) {
      |             ^~~~~~~~~~~~~
../Core/Src/main.c:733:13: error: invalid storage class for function 'MX_USART2_UART_Init'
  733 | static void MX_USART2_UART_Init(void) {
      |             ^~~~~~~~~~~~~~~~~~~
../Core/Src/main.c:776:13: error: invalid storage class for function 'MX_DMA_Init'
  776 | static void MX_DMA_Init(void) {
      |             ^~~~~~~~~~~
../Core/Src/main.c:794:13: error: invalid storage class for function 'MX_GPIO_Init'
  794 | static void MX_GPIO_Init(void) {
      |             ^~~~~~~~~~~~
../Core/Src/main.c:895:1: error: expected declaration or statement at end of input
  895 | }
      | ^
../Core/Src/main.c: At top level:
../Core/Src/main.c:82:13: warning: 'MX_GPIO_Init' used but never defined
   82 | static void MX_GPIO_Init(void);
      |             ^~~~~~~~~~~~
../Core/Src/main.c:83:13: warning: 'MX_DMA_Init' used but never defined
   83 | static void MX_DMA_Init(void);
      |             ^~~~~~~~~~~
../Core/Src/main.c:84:13: warning: 'MX_TIM3_Init' used but never defined
   84 | static void MX_TIM3_Init(void);
      |             ^~~~~~~~~~~~
../Core/Src/main.c:85:13: warning: 'MX_ADC1_Init' used but never defined
   85 | static void MX_ADC1_Init(void);
      |             ^~~~~~~~~~~~
../Core/Src/main.c:86:13: warning: 'MX_TIM1_Init' used but never defined
   86 | static void MX_TIM1_Init(void);
      |             ^~~~~~~~~~~~
../Core/Src/main.c:87:13: warning: 'MX_TIM2_Init' used but never defined
   87 | static void MX_TIM2_Init(void);
      |             ^~~~~~~~~~~~
../Core/Src/main.c:88:13: warning: 'MX_TIM4_Init' used but never defined
   88 | static void MX_TIM4_Init(void);
      |             ^~~~~~~~~~~~
../Core/Src/main.c:89:13: warning: 'MX_TIM20_Init' used but never defined
   89 | static void MX_TIM20_Init(void);
      |             ^~~~~~~~~~~~~
../Core/Src/main.c:90:13: warning: 'MX_TIM8_Init' used but never defined
   90 | static void MX_TIM8_Init(void);
      |             ^~~~~~~~~~~~
../Core/Src/main.c:91:13: warning: 'MX_TIM16_Init' used but never defined
   91 | static void MX_TIM16_Init(void);
      |             ^~~~~~~~~~~~~
../Core/Src/main.c:92:13: warning: 'MX_USART2_UART_Init' used but never defined
   92 | static void MX_USART2_UART_Init(void);
      |             ^~~~~~~~~~~~~~~~~~~
../Core/Src/main.c:888:6: warning: 'Error_Handler' defined but not used [-Wunused-function]
  888 | void Error_Handler(void) {
      |      ^~~~~~~~~~~~~
../Core/Src/main.c:875:6: warning: 'HAL_GPIO_EXTI_Callback' defined but not used [-Wunused-function]
  875 | void HAL_GPIO_EXTI_Callback(uint16_t GPIO_Pin) {
      |      ^~~~~~~~~~~~~~~~~~~~~~
../Core/Src/main.c:794:13: warning: 'MX_GPIO_Init' defined but not used [-Wunused-function]
  794 | static void MX_GPIO_Init(void) {
      |             ^~~~~~~~~~~~
../Core/Src/main.c:776:13: warning: 'MX_DMA_Init' defined but not used [-Wunused-function]
  776 | static void MX_DMA_Init(void) {
      |             ^~~~~~~~~~~
../Core/Src/main.c:733:13: warning: 'MX_USART2_UART_Init' defined but not used [-Wunused-function]
  733 | static void MX_USART2_UART_Init(void) {
      |             ^~~~~~~~~~~~~~~~~~~
../Core/Src/main.c:651:13: warning: 'MX_TIM20_Init' defined but not used [-Wunused-function]
  651 | static void MX_TIM20_Init(void) {
      |             ^~~~~~~~~~~~~
../Core/Src/main.c:589:13: warning: 'MX_TIM16_Init' defined but not used [-Wunused-function]
  589 | static void MX_TIM16_Init(void) {
      |             ^~~~~~~~~~~~~
../Core/Src/main.c:511:13: warning: 'MX_TIM8_Init' defined but not used [-Wunused-function]
  511 | static void MX_TIM8_Init(void) {
      |             ^~~~~~~~~~~~
../Core/Src/main.c:464:13: warning: 'MX_TIM4_Init' defined but not used [-Wunused-function]
  464 | static void MX_TIM4_Init(void) {
      |             ^~~~~~~~~~~~
../Core/Src/main.c:417:13: warning: 'MX_TIM3_Init' defined but not used [-Wunused-function]
  417 | static void MX_TIM3_Init(void) {
      |             ^~~~~~~~~~~~
../Core/Src/main.c:375:13: warning: 'MX_TIM2_Init' defined but not used [-Wunused-function]
  375 | static void MX_TIM2_Init(void) {
      |             ^~~~~~~~~~~~
../Core/Src/main.c:331:13: warning: 'MX_TIM1_Init' defined but not used [-Wunused-function]
  331 | static void MX_TIM1_Init(void) {
      |             ^~~~~~~~~~~~
../Core/Src/main.c:267:13: warning: 'MX_ADC1_Init' defined but not used [-Wunused-function]
  267 | static void MX_ADC1_Init(void) {
      |             ^~~~~~~~~~~~
../Core/Src/main.c:223:6: warning: 'SystemClock_Config' defined but not used [-Wunused-function]
  223 | void SystemClock_Config(void) {
      |      ^~~~~~~~~~~~~~~~~~
make: *** [Core/Src/subdir.mk:46: Core/Src/main.o] Error 1
"make -j16 all" terminated with exit code 2. Build might be incomplete.
17:13:43 **** Incremental Build of configuration Debug for project STU3_Test ****
make -j16 all 
arm-none-eabi-gcc "../Core/Src/main.c" -mcpu=cortex-m4 -std=gnu11 -g3 -DDEBUG -DUSE_HAL_DRIVER -DSTM32G474xx -c -I../Core/Inc -I../Drivers/STM32G4xx_HAL_Driver/Inc -I../Drivers/STM32G4xx_HAL_Driver/Inc/Legacy -I../Drivers/CMSIS/Device/ST/STM32G4xx/Include -I../Drivers/CMSIS/Include -O0 -ffunction-sections -fdata-sections -Wall -fstack-usage -fcyclomatic-complexity -MMD -MP -MF"Core/Src/main.d" -MT"Core/Src/main.o" --specs=nano.specs -mfpu=fpv4-sp-d16 -mfloat-abi=hard -mthumb -o "Core/Src/main.o"
arm-none-eabi-gcc -o "STU3_Test.elf" @"objects.list"   -mcpu=cortex-m4 -T"D:\Fibo\Year2\Term2\STU\STU_3_Programming\STU3_Programming\STU3_Test\STM32G474RETX_FLASH.ld" --specs=nosys.specs -Wl,-Map="STU3_Test.map" -Wl,--gc-sections -static --specs=nano.specs -mfpu=fpv4-sp-d16 -mfloat-abi=hard -mthumb -Wl,--start-group -lc -lm -Wl,--end-group
Finished building target: STU3_Test.elf
 
arm-none-eabi-size  STU3_Test.elf 
arm-none-eabi-objdump -h -S STU3_Test.elf  > "STU3_Test.list"
   text	   data	    bss	    dec	    hex	filename
  40004	    532	   5140	  45676	   b26c	STU3_Test.elf
Finished building: default.size.stdout
 
Finished building: STU3_Test.list
 
17:16:38 **** Incremental Build of configuration Debug for project STU3_Test ****
make -j16 all 
arm-none-eabi-gcc "../Core/Src/main.c" -mcpu=cortex-m4 -std=gnu11 -g3 -DDEBUG -DUSE_HAL_DRIVER -DSTM32G474xx -c -I../Core/Inc -I../Drivers/STM32G4xx_HAL_Driver/Inc -I../Drivers/STM32G4xx_HAL_Driver/Inc/Legacy -I../Drivers/CMSIS/Device/ST/STM32G4xx/Include -I../Drivers/CMSIS/Include -O0 -ffunction-sections -fdata-sections -Wall -fstack-usage -fcyclomatic-complexity -MMD -MP -MF"Core/Src/main.d" -MT"Core/Src/main.o" --specs=nano.specs -mfpu=fpv4-sp-d16 -mfloat-abi=hard -mthumb -o "Core/Src/main.o"
arm-none-eabi-gcc -o "STU3_Test.elf" @"objects.list"   -mcpu=cortex-m4 -T"D:\Fibo\Year2\Term2\STU\STU_3_Programming\STU3_Programming\STU3_Test\STM32G474RETX_FLASH.ld" --specs=nosys.specs -Wl,-Map="STU3_Test.map" -Wl,--gc-sections -static --specs=nano.specs -mfpu=fpv4-sp-d16 -mfloat-abi=hard -mthumb -Wl,--start-group -lc -lm -Wl,--end-group
Finished building target: STU3_Test.elf
 
arm-none-eabi-size  STU3_Test.elf 
arm-none-eabi-objdump -h -S STU3_Test.elf  > "STU3_Test.list"
   text	   data	    bss	    dec	    hex	filename
  40004	    532	   5140	  45676	   b26c	STU3_Test.elf
Finished building: default.size.stdout
 
Finished building: STU3_Test.list
 
17:20:46 **** Incremental Build of configuration Debug for project STU3_Test ****
make -j16 all 
arm-none-eabi-size  STU3_Test.elf 
   text	   data	    bss	    dec	    hex	filename
  40004	    532	   5140	  45676	   b26c	STU3_Test.elf
Finished building: default.size.stdout
 
17:23:38 **** Incremental Build of configuration Debug for project STU3_Test ****
make -j16 all 
arm-none-eabi-gcc "../Core/Src/main.c" -mcpu=cortex-m4 -std=gnu11 -g3 -DDEBUG -DUSE_HAL_DRIVER -DSTM32G474xx -c -I../Core/Inc -I../Drivers/STM32G4xx_HAL_Driver/Inc -I../Drivers/STM32G4xx_HAL_Driver/Inc/Legacy -I../Drivers/CMSIS/Device/ST/STM32G4xx/Include -I../Drivers/CMSIS/Include -O0 -ffunction-sections -fdata-sections -Wall -fstack-usage -fcyclomatic-complexity -MMD -MP -MF"Core/Src/main.d" -MT"Core/Src/main.o" --specs=nano.specs -mfpu=fpv4-sp-d16 -mfloat-abi=hard -mthumb -o "Core/Src/main.o"
arm-none-eabi-gcc -o "STU3_Test.elf" @"objects.list"   -mcpu=cortex-m4 -T"D:\Fibo\Year2\Term2\STU\STU_3_Programming\STU3_Programming\STU3_Test\STM32G474RETX_FLASH.ld" --specs=nosys.specs -Wl,-Map="STU3_Test.map" -Wl,--gc-sections -static --specs=nano.specs -mfpu=fpv4-sp-d16 -mfloat-abi=hard -mthumb -Wl,--start-group -lc -lm -Wl,--end-group
Finished building target: STU3_Test.elf
 
arm-none-eabi-size  STU3_Test.elf 
arm-none-eabi-objdump -h -S STU3_Test.elf  > "STU3_Test.list"
   text	   data	    bss	    dec	    hex	filename
  40004	    532	   5140	  45676	   b26c	STU3_Test.elf
Finished building: default.size.stdout
 
Finished building: STU3_Test.list
 
17:24:44 **** Incremental Build of configuration Debug for project STU3_Test ****
make -j16 all 
arm-none-eabi-gcc "../Core/Src/main.c" -mcpu=cortex-m4 -std=gnu11 -g3 -DDEBUG -DUSE_HAL_DRIVER -DSTM32G474xx -c -I../Core/Inc -I../Drivers/STM32G4xx_HAL_Driver/Inc -I../Drivers/STM32G4xx_HAL_Driver/Inc/Legacy -I../Drivers/CMSIS/Device/ST/STM32G4xx/Include -I../Drivers/CMSIS/Include -O0 -ffunction-sections -fdata-sections -Wall -fstack-usage -fcyclomatic-complexity -MMD -MP -MF"Core/Src/main.d" -MT"Core/Src/main.o" --specs=nano.specs -mfpu=fpv4-sp-d16 -mfloat-abi=hard -mthumb -o "Core/Src/main.o"
arm-none-eabi-gcc -o "STU3_Test.elf" @"objects.list"   -mcpu=cortex-m4 -T"D:\Fibo\Year2\Term2\STU\STU_3_Programming\STU3_Programming\STU3_Test\STM32G474RETX_FLASH.ld" --specs=nosys.specs -Wl,-Map="STU3_Test.map" -Wl,--gc-sections -static --specs=nano.specs -mfpu=fpv4-sp-d16 -mfloat-abi=hard -mthumb -Wl,--start-group -lc -lm -Wl,--end-group
Finished building target: STU3_Test.elf
 
arm-none-eabi-size  STU3_Test.elf 
arm-none-eabi-objdump -h -S STU3_Test.elf  > "STU3_Test.list"
   text	   data	    bss	    dec	    hex	filename
  39988	    532	   5132	  45652	   b254	STU3_Test.elf
Finished building: default.size.stdout
 
Finished building: STU3_Test.list
 
17:26:33 **** Incremental Build of configuration Debug for project STU3_Test ****
make -j16 all 
arm-none-eabi-gcc "../Core/Src/main.c" -mcpu=cortex-m4 -std=gnu11 -g3 -DDEBUG -DUSE_HAL_DRIVER -DSTM32G474xx -c -I../Core/Inc -I../Drivers/STM32G4xx_HAL_Driver/Inc -I../Drivers/STM32G4xx_HAL_Driver/Inc/Legacy -I../Drivers/CMSIS/Device/ST/STM32G4xx/Include -I../Drivers/CMSIS/Include -O0 -ffunction-sections -fdata-sections -Wall -fstack-usage -fcyclomatic-complexity -MMD -MP -MF"Core/Src/main.d" -MT"Core/Src/main.o" --specs=nano.specs -mfpu=fpv4-sp-d16 -mfloat-abi=hard -mthumb -o "Core/Src/main.o"
arm-none-eabi-gcc -o "STU3_Test.elf" @"objects.list"   -mcpu=cortex-m4 -T"D:\Fibo\Year2\Term2\STU\STU_3_Programming\STU3_Programming\STU3_Test\STM32G474RETX_FLASH.ld" --specs=nosys.specs -Wl,-Map="STU3_Test.map" -Wl,--gc-sections -static --specs=nano.specs -mfpu=fpv4-sp-d16 -mfloat-abi=hard -mthumb -Wl,--start-group -lc -lm -Wl,--end-group
Finished building target: STU3_Test.elf
 
arm-none-eabi-size  STU3_Test.elf 
arm-none-eabi-objdump -h -S STU3_Test.elf  > "STU3_Test.list"
   text	   data	    bss	    dec	    hex	filename
  39980	    532	   5132	  45644	   b24c	STU3_Test.elf
Finished building: default.size.stdout
 
Finished building: STU3_Test.list
 
17:28:53 **** Incremental Build of configuration Debug for project STU3_Test ****
make -j16 all 
arm-none-eabi-gcc "../Core/Src/main.c" -mcpu=cortex-m4 -std=gnu11 -g3 -DDEBUG -DUSE_HAL_DRIVER -DSTM32G474xx -c -I../Core/Inc -I../Drivers/STM32G4xx_HAL_Driver/Inc -I../Drivers/STM32G4xx_HAL_Driver/Inc/Legacy -I../Drivers/CMSIS/Device/ST/STM32G4xx/Include -I../Drivers/CMSIS/Include -O0 -ffunction-sections -fdata-sections -Wall -fstack-usage -fcyclomatic-complexity -MMD -MP -MF"Core/Src/main.d" -MT"Core/Src/main.o" --specs=nano.specs -mfpu=fpv4-sp-d16 -mfloat-abi=hard -mthumb -o "Core/Src/main.o"
arm-none-eabi-gcc -o "STU3_Test.elf" @"objects.list"   -mcpu=cortex-m4 -T"D:\Fibo\Year2\Term2\STU\STU_3_Programming\STU3_Programming\STU3_Test\STM32G474RETX_FLASH.ld" --specs=nosys.specs -Wl,-Map="STU3_Test.map" -Wl,--gc-sections -static --specs=nano.specs -mfpu=fpv4-sp-d16 -mfloat-abi=hard -mthumb -Wl,--start-group -lc -lm -Wl,--end-group
Finished building target: STU3_Test.elf
 
arm-none-eabi-size  STU3_Test.elf 
arm-none-eabi-objdump -h -S STU3_Test.elf  > "STU3_Test.list"
   text	   data	    bss	    dec	    hex	filename
  39980	    532	   5132	  45644	   b24c	STU3_Test.elf
Finished building: default.size.stdout
 
Finished building: STU3_Test.list
 
17:29:46 **** Incremental Build of configuration Debug for project STU3_Test ****
make -j16 all 
arm-none-eabi-gcc "../Core/Src/main.c" -mcpu=cortex-m4 -std=gnu11 -g3 -DDEBUG -DUSE_HAL_DRIVER -DSTM32G474xx -c -I../Core/Inc -I../Drivers/STM32G4xx_HAL_Driver/Inc -I../Drivers/STM32G4xx_HAL_Driver/Inc/Legacy -I../Drivers/CMSIS/Device/ST/STM32G4xx/Include -I../Drivers/CMSIS/Include -O0 -ffunction-sections -fdata-sections -Wall -fstack-usage -fcyclomatic-complexity -MMD -MP -MF"Core/Src/main.d" -MT"Core/Src/main.o" --specs=nano.specs -mfpu=fpv4-sp-d16 -mfloat-abi=hard -mthumb -o "Core/Src/main.o"
arm-none-eabi-gcc -o "STU3_Test.elf" @"objects.list"   -mcpu=cortex-m4 -T"D:\Fibo\Year2\Term2\STU\STU_3_Programming\STU3_Programming\STU3_Test\STM32G474RETX_FLASH.ld" --specs=nosys.specs -Wl,-Map="STU3_Test.map" -Wl,--gc-sections -static --specs=nano.specs -mfpu=fpv4-sp-d16 -mfloat-abi=hard -mthumb -Wl,--start-group -lc -lm -Wl,--end-group
Finished building target: STU3_Test.elf
 
arm-none-eabi-size  STU3_Test.elf 
arm-none-eabi-objdump -h -S STU3_Test.elf  > "STU3_Test.list"
   text	   data	    bss	    dec	    hex	filename
  40052	    532	   5132	  45716	   b294	STU3_Test.elf
Finished building: default.size.stdout
 
Finished building: STU3_Test.list
 
